Component: ARM Compiler 5.06 update 6 (build 750) Tool: armlink [4d35ed]

==============================================================================

Section Cross References

    main.o(i.main) refers to misc.o(i.NVIC_PriorityGroupConfig) for NVIC_PriorityGroupConfig
    main.o(i.main) refers to hardware.o(i.Hardware_Init) for Hardware_Init
    main.o(i.main) refers to scheduler.o(i.Scheduler_Run) for Scheduler_Run
    hardware.o(i.Hardware_Init) refers to bsp_usart.o(i.USART1_Init) for USART1_Init
    hardware.o(i.Hardware_Init) refers to system_f103.o(i.System_SwdMode) for System_SwdMode
    hardware.o(i.Hardware_Init) refers to system_f103.o(i.System_SysTickInit) for System_SysTickInit
    hardware.o(i.Hardware_Init) refers to system_stm32f10x.o(i.SystemCoreClockUpdate) for SystemCoreClockUpdate
    hardware.o(i.Hardware_Init) refers to printf8.o(i.__0printf$8) for __2printf
    hardware.o(i.Hardware_Init) refers to bsp_led.o(i.Led_Init) for Led_Init
    hardware.o(i.Hardware_Init) refers to bsp_w25qxx.o(i.W25qx_Init) for W25qx_Init
    hardware.o(i.Hardware_Init) refers to bsp_lcd_ili9341.o(i.LCD_Init) for LCD_Init
    hardware.o(i.Hardware_Init) refers to bsp_xpt2046.o(i.XPT2046_Init) for XPT2046_Init
    hardware.o(i.Hardware_Init) refers to bsp_xpt2046.o(i.XPT2046_Cmd) for XPT2046_Cmd
    hardware.o(i.Hardware_Init) refers to bsp_lcd_ili9341.o(i.LCD_GUI) for LCD_GUI
    hardware.o(i.Hardware_Init) refers to bsp_can.o(i.CAN1_Config) for CAN1_Config
    hardware.o(i.Hardware_Init) refers to bsp_usart.o(i.UART4_Init) for UART4_Init
    hardware.o(i.Hardware_Init) refers to bsp_key.o(i.Key_Init) for Key_Init
    hardware.o(i.Hardware_Init) refers to system_stm32f10x.o(.data) for SystemCoreClock
    hardware.o(i.Hardware_Init) refers to bsp_lcd_ili9341.o(.bss) for xLCD
    scheduler.o(i.Scheduler_Run) refers to scheduler.o(i.vTask_1ms) for vTask_1ms
    scheduler.o(i.Scheduler_Run) refers to scheduler.o(i.vTask_2ms) for vTask_2ms
    scheduler.o(i.Scheduler_Run) refers to scheduler.o(i.vTask_5ms) for vTask_5ms
    scheduler.o(i.Scheduler_Run) refers to scheduler.o(i.vTask_10ms) for vTask_10ms
    scheduler.o(i.Scheduler_Run) refers to scheduler.o(i.vTask_50ms) for vTask_50ms
    scheduler.o(i.Scheduler_Run) refers to scheduler.o(i.vTask_100ms) for vTask_100ms
    scheduler.o(i.Scheduler_Run) refers to scheduler.o(i.vTask_500ms) for vTask_500ms
    scheduler.o(i.Scheduler_Run) refers to scheduler.o(i.vTask_1000ms) for vTask_1000ms
    scheduler.o(i.Scheduler_Run) refers to scheduler.o(.data) for usTick_1ms
    scheduler.o(i.Scheduler_TickCnt) refers to scheduler.o(.data) for usTick_1ms
    scheduler.o(i.vTask_100ms) refers to printf8.o(i.__0sprintf$8) for __2sprintf
    scheduler.o(i.vTask_100ms) refers to bsp_usart.o(i.USART1_SendString) for USART1_SendString
    scheduler.o(i.vTask_100ms) refers to bsp_can.o(i.CAN1_SendData) for CAN1_SendData
    scheduler.o(i.vTask_100ms) refers to bsp_usart.o(i.UART4_SendString) for UART4_SendString
    scheduler.o(i.vTask_100ms) refers to strcmp.o(.text) for strcmp
    scheduler.o(i.vTask_100ms) refers to bsp_xpt2046.o(i.XPT2046_ReCalibration) for XPT2046_ReCalibration
    scheduler.o(i.vTask_100ms) refers to printf8.o(i.__0printf$8) for __2printf
    scheduler.o(i.vTask_100ms) refers to bsp_usart.o(.bss) for xUSART
    scheduler.o(i.vTask_100ms) refers to scheduler.o(.bss) for strTemp
    scheduler.o(i.vTask_100ms) refers to bsp_can.o(.bss) for xCAN
    scheduler.o(i.vTask_1ms) refers to bsp_xpt2046.o(i.XPT2046_TouchHandler) for XPT2046_TouchHandler
    system_f103.o(i.SysTick_Handler) refers to scheduler.o(i.Scheduler_TickCnt) for Scheduler_TickCnt
    system_f103.o(i.SysTick_Handler) refers to system_f103.o(.data) for sysTickCnt
    system_f103.o(i.System_DelayMS) refers to system_f103.o(i.System_GetTimeMs) for System_GetTimeMs
    system_f103.o(i.System_DelayMS) refers to system_f103.o(.data) for _startTime
    system_f103.o(i.System_DelayUS) refers to system_f103.o(i.System_GetTimeUs) for System_GetTimeUs
    system_f103.o(i.System_GetSystemClock) refers to system_stm32f10x.o(i.SystemCoreClockUpdate) for SystemCoreClockUpdate
    system_f103.o(i.System_GetSystemClock) refers to system_stm32f10x.o(.data) for SystemCoreClock
    system_f103.o(i.System_GetTimeInterval) refers to system_f103.o(i.System_GetTimeUs) for System_GetTimeUs
    system_f103.o(i.System_GetTimeInterval) refers to system_f103.o(.data) for nowTime
    system_f103.o(i.System_GetTimeMs) refers to system_f103.o(.data) for sysTickCnt
    system_f103.o(i.System_GetTimeUs) refers to system_f103.o(i.System_GetTimeMs) for System_GetTimeMs
    system_f103.o(i.System_GetTimeUs) refers to ffltui.o(.text) for __aeabi_ui2f
    system_f103.o(i.System_GetTimeUs) refers to fmul.o(.text) for __aeabi_fmul
    system_f103.o(i.System_GetTimeUs) refers to fadd.o(.text) for __aeabi_fadd
    system_f103.o(i.System_GetTimeUs) refers to ffixui.o(.text) for __aeabi_f2uiz
[...]
    Removing stm32f10x_sdio.o(i.SDIO_ReadData), (12 bytes).
    Removing stm32f10x_sdio.o(i.SDIO_SendCEATACmd), (12 bytes).
    Removing stm32f10x_sdio.o(i.SDIO_SendCommand), (44 bytes).
    Removing stm32f10x_sdio.o(i.SDIO_SendSDIOSuspendCmd), (12 bytes).
    Removing stm32f10x_sdio.o(i.SDIO_SetPowerState), (28 bytes).
    Removing stm32f10x_sdio.o(i.SDIO_SetSDIOOperation), (12 bytes).
    Removing stm32f10x_sdio.o(i.SDIO_SetSDIOReadWaitMode), (12 bytes).
    Removing stm32f10x_sdio.o(i.SDIO_StartSDIOReadWait), (12 bytes).
    Removing stm32f10x_sdio.o(i.SDIO_StopSDIOReadWait), (12 bytes).
    Removing stm32f10x_sdio.o(i.SDIO_StructInit), (16 bytes).
    Removing stm32f10x_sdio.o(i.SDIO_WriteData), (12 bytes).
    Removing stm32f10x_spi.o(i.I2S_Cmd), (24 bytes).
    Removing stm32f10x_spi.o(i.I2S_Init), (232 bytes).
    Removing stm32f10x_spi.o(i.I2S_StructInit), (20 bytes).
    Removing stm32f10x_spi.o(i.SPI_BiDirectionalLineConfig), (28 bytes).
    Removing stm32f10x_spi.o(i.SPI_CalculateCRC), (24 bytes).
    Removing stm32f10x_spi.o(i.SPI_Cmd), (24 bytes).
    Removing stm32f10x_spi.o(i.SPI_DataSizeConfig), (18 bytes).
    Removing stm32f10x_spi.o(i.SPI_GetCRC), (16 bytes).
    Removing stm32f10x_spi.o(i.SPI_GetCRCPolynomial), (6 bytes).
    Removing stm32f10x_spi.o(i.SPI_I2S_ClearFlag), (6 bytes).
    Removing stm32f10x_spi.o(i.SPI_I2S_ClearITPendingBit), (20 bytes).
    Removing stm32f10x_spi.o(i.SPI_I2S_DMACmd), (18 bytes).
    Removing stm32f10x_spi.o(i.SPI_I2S_DeInit), (88 bytes).
    Removing stm32f10x_spi.o(i.SPI_I2S_GetFlagStatus), (18 bytes).
    Removing stm32f10x_spi.o(i.SPI_I2S_GetITStatus), (52 bytes).
    Removing stm32f10x_spi.o(i.SPI_I2S_ITConfig), (32 bytes).
    Removing stm32f10x_spi.o(i.SPI_I2S_ReceiveData), (6 bytes).
    Removing stm32f10x_spi.o(i.SPI_I2S_SendData), (4 bytes).
    Removing stm32f10x_spi.o(i.SPI_Init), (60 bytes).
    Removing stm32f10x_spi.o(i.SPI_NSSInternalSoftwareConfig), (30 bytes).
    Removing stm32f10x_spi.o(i.SPI_SSOutputCmd), (24 bytes).
    Removing stm32f10x_spi.o(i.SPI_StructInit), (24 bytes).
    Removing stm32f10x_spi.o(i.SPI_TransmitCRC), (10 bytes).
    Removing stm32f10x_tim.o(i.TI1_Config), (128 bytes).
    Removing stm32f10x_tim.o(i.TI2_Config), (152 bytes).
    Removing stm32f10x_tim.o(i.TI3_Config), (144 bytes).
    Removing stm32f10x_tim.o(i.TI4_Config), (152 bytes).
    Removing stm32f10x_tim.o(i.TIM_ARRPreloadConfig), (24 bytes).
    Removing stm32f10x_tim.o(i.TIM_BDTRConfig), (32 bytes).
    Removing stm32f10x_tim.o(i.TIM_BDTRStructInit), (18 bytes).
    Removing stm32f10x_tim.o(i.TIM_CCPreloadControl), (24 bytes).
    Removing stm32f10x_tim.o(i.TIM_CCxCmd), (30 bytes).
    Removing stm32f10x_tim.o(i.TIM_CCxNCmd), (30 bytes).
    Removing stm32f10x_tim.o(i.TIM_ClearFlag), (6 bytes).
    Removing stm32f10x_tim.o(i.TIM_ClearITPendingBit), (6 bytes).
    Removing stm32f10x_tim.o(i.TIM_ClearOC1Ref), (18 bytes).
    Removing stm32f10x_tim.o(i.TIM_ClearOC2Ref), (24 bytes).
    Removing stm32f10x_tim.o(i.TIM_ClearOC3Ref), (18 bytes).
    Removing stm32f10x_tim.o(i.TIM_ClearOC4Ref), (24 bytes).
    Removing stm32f10x_tim.o(i.TIM_Cmd), (24 bytes).
    Removing stm32f10x_tim.o(i.TIM_CounterModeConfig), (18 bytes).
    Removing stm32f10x_tim.o(i.TIM_CtrlPWMOutputs), (30 bytes).
    Removing stm32f10x_tim.o(i.TIM_DMACmd), (18 bytes).
    Removing stm32f10x_tim.o(i.TIM_DMAConfig), (10 bytes).
    Removing stm32f10x_tim.o(i.TIM_DeInit), (488 bytes).
    Removing stm32f10x_tim.o(i.TIM_ETRClockMode1Config), (54 bytes).
    Removing stm32f10x_tim.o(i.TIM_ETRClockMode2Config), (32 bytes).
    Removing stm32f10x_tim.o(i.TIM_ETRConfig), (28 bytes).
    Removing stm32f10x_tim.o(i.TIM_EncoderInterfaceConfig), (66 bytes).
    Removing stm32f10x_tim.o(i.TIM_ForcedOC1Config), (18 bytes).
    Removing stm32f10x_tim.o(i.TIM_ForcedOC2Config), (26 bytes).
    Removing stm32f10x_tim.o(i.TIM_ForcedOC3Config), (18 bytes).
    Removing stm32f10x_tim.o(i.TIM_ForcedOC4Config), (26 bytes).
    Removing stm32f10x_tim.o(i.TIM_GenerateEvent), (4 bytes).
    Removing stm32f10x_tim.o(i.TIM_GetCapture1), (6 bytes).
    Removing stm32f10x_tim.o(i.TIM_GetCapture2), (6 bytes).
    Removing stm32f10x_tim.o(i.TIM_GetCapture3), (6 bytes).
    Removing stm32f10x_tim.o(i.TIM_GetCapture4), (8 bytes).
    Removing stm32f10x_tim.o(i.TIM_GetCounter), (6 bytes).
    Removing stm32f10x_tim.o(i.TIM_GetFlagStatus), (18 bytes).
    Removing stm32f10x_tim.o(i.TIM_GetITStatus), (34 bytes).
    Removing stm32f10x_tim.o(i.TIM_GetPrescaler), (6 bytes).
    Removing stm32f10x_tim.o(i.TIM_ICInit), (172 bytes).
    Removing stm32f10x_tim.o(i.TIM_ICStructInit), (18 bytes).
    Removing stm32f10x_tim.o(i.TIM_ITConfig), (18 bytes).
    Removing stm32f10x_tim.o(i.TIM_ITRxExternalClockConfig), (24 bytes).
    Removing stm32f10x_tim.o(i.TIM_InternalClockConfig), (12 bytes).
    Removing stm32f10x_tim.o(i.TIM_OC1FastConfig), (18 bytes).
    Removing stm32f10x_tim.o(i.TIM_OC1Init), (152 bytes).
    Removing stm32f10x_tim.o(i.TIM_OC1NPolarityConfig), (18 bytes).
    Removing stm32f10x_tim.o(i.TIM_OC1PolarityConfig), (18 bytes).
    Removing stm32f10x_tim.o(i.TIM_OC1PreloadConfig), (18 bytes).
    Removing stm32f10x_tim.o(i.TIM_OC2FastConfig), (26 bytes).
    Removing stm32f10x_tim.o(i.TIM_OC2Init), (164 bytes).
    Removing stm32f10x_tim.o(i.TIM_OC2NPolarityConfig), (26 bytes).
    Removing stm32f10x_tim.o(i.TIM_OC2PolarityConfig), (26 bytes).
    Removing stm32f10x_tim.o(i.TIM_OC2PreloadConfig), (26 bytes).
    Removing stm32f10x_tim.o(i.TIM_OC3FastConfig), (18 bytes).
    Removing stm32f10x_tim.o(i.TIM_OC3Init), (160 bytes).
    Removing stm32f10x_tim.o(i.TIM_OC3NPolarityConfig), (26 bytes).
    Removing stm32f10x_tim.o(i.TIM_OC3PolarityConfig), (26 bytes).
    Removing stm32f10x_tim.o(i.TIM_OC3PreloadConfig), (18 bytes).
    Removing stm32f10x_tim.o(i.TIM_OC4FastConfig), (26 bytes).
    Removing stm32f10x_tim.o(i.TIM_OC4Init), (124 bytes).
    Removing stm32f10x_tim.o(i.TIM_OC4PolarityConfig), (26 bytes).
    Removing stm32f10x_tim.o(i.TIM_OC4PreloadConfig), (26 bytes).
    Removing stm32f10x_tim.o(i.TIM_OCStructInit), (20 bytes).
    Removing stm32f10x_tim.o(i.TIM_PWMIConfig), (124 bytes).
    Removing stm32f10x_tim.o(i.TIM_PrescalerConfig), (6 bytes).
    Removing stm32f10x_tim.o(i.TIM_SelectCCDMA), (24 bytes).
    Removing stm32f10x_tim.o(i.TIM_SelectCOM), (24 bytes).
    Removing stm32f10x_tim.o(i.TIM_SelectHallSensor), (24 bytes).
    Removing stm32f10x_tim.o(i.TIM_SelectInputTrigger), (18 bytes).
    Removing stm32f10x_tim.o(i.TIM_SelectMasterSlaveMode), (18 bytes).
    Removing stm32f10x_tim.o(i.TIM_SelectOCxM), (82 bytes).
    Removing stm32f10x_tim.o(i.TIM_SelectOnePulseMode), (18 bytes).
    Removing stm32f10x_tim.o(i.TIM_SelectOutputTrigger), (18 bytes).
    Removing stm32f10x_tim.o(i.TIM_SelectSlaveMode), (18 bytes).
    Removing stm32f10x_tim.o(i.TIM_SetAutoreload), (4 bytes).
    Removing stm32f10x_tim.o(i.TIM_SetClockDivision), (18 bytes).
    Removing stm32f10x_tim.o(i.TIM_SetCompare1), (4 bytes).
    Removing stm32f10x_tim.o(i.TIM_SetCompare2), (4 bytes).
    Removing stm32f10x_tim.o(i.TIM_SetCompare3), (4 bytes).
    Removing stm32f10x_tim.o(i.TIM_SetCompare4), (6 bytes).
    Removing stm32f10x_tim.o(i.TIM_SetCounter), (4 bytes).
    Removing stm32f10x_tim.o(i.TIM_SetIC1Prescaler), (18 bytes).
    Removing stm32f10x_tim.o(i.TIM_SetIC2Prescaler), (26 bytes).
    Removing stm32f10x_tim.o(i.TIM_SetIC3Prescaler), (18 bytes).
    Removing stm32f10x_tim.o(i.TIM_SetIC4Prescaler), (26 bytes).
    Removing stm32f10x_tim.o(i.TIM_TIxExternalClockConfig), (62 bytes).
    Removing stm32f10x_tim.o(i.TIM_TimeBaseInit), (164 bytes).
    Removing stm32f10x_tim.o(i.TIM_TimeBaseStructInit), (18 bytes).
    Removing stm32f10x_tim.o(i.TIM_UpdateDisableConfig), (24 bytes).
    Removing stm32f10x_tim.o(i.TIM_UpdateRequestConfig), (24 bytes).
    Removing stm32f10x_usart.o(i.USART_ClearFlag), (18 bytes).
    Removing stm32f10x_usart.o(i.USART_ClearITPendingBit), (30 bytes).
    Removing stm32f10x_usart.o(i.USART_ClockInit), (34 bytes).
    Removing stm32f10x_usart.o(i.USART_ClockStructInit), (12 bytes).
    Removing stm32f10x_usart.o(i.USART_DMACmd), (18 bytes).
    Removing stm32f10x_usart.o(i.USART_GetFlagStatus), (26 bytes).
    Removing stm32f10x_usart.o(i.USART_GetITStatus), (84 bytes).
    Removing stm32f10x_usart.o(i.USART_HalfDuplexCmd), (24 bytes).
    Removing stm32f10x_usart.o(i.USART_IrDACmd), (24 bytes).
    Removing stm32f10x_usart.o(i.USART_IrDAConfig), (18 bytes).
    Removing stm32f10x_usart.o(i.USART_LINBreakDetectLengthConfig), (18 bytes).
    Removing stm32f10x_usart.o(i.USART_LINCmd), (24 bytes).
    Removing stm32f10x_usart.o(i.USART_OneBitMethodCmd), (24 bytes).
    Removing stm32f10x_usart.o(i.USART_OverSampling8Cmd), (22 bytes).
    Removing stm32f10x_usart.o(i.USART_ReceiveData), (10 bytes).
    Removing stm32f10x_usart.o(i.USART_ReceiverWakeUpCmd), (24 bytes).
    Removing stm32f10x_usart.o(i.USART_SendBreak), (10 bytes).
    Removing stm32f10x_usart.o(i.USART_SendData), (8 bytes).
    Removing stm32f10x_usart.o(i.USART_SetAddress), (18 bytes).
    Removing stm32f10x_usart.o(i.USART_SetGuardTime), (16 bytes).
    Removing stm32f10x_usart.o(i.USART_SetPrescaler), (16 bytes).
    Removing stm32f10x_usart.o(i.USART_SmartCardCmd), (24 bytes).
    Removing stm32f10x_usart.o(i.USART_SmartCardNACKCmd), (24 bytes).
    Removing stm32f10x_usart.o(i.USART_StructInit), (24 bytes).
    Removing stm32f10x_usart.o(i.USART_WakeUpConfig), (18 bytes).
    Removing stm32f10x_wwdg.o(i.WWDG_ClearFlag), (12 bytes).
    Removing stm32f10x_wwdg.o(i.WWDG_DeInit), (22 bytes).
    Removing stm32f10x_wwdg.o(i.WWDG_Enable), (16 bytes).
    Removing stm32f10x_wwdg.o(i.WWDG_EnableIT), (12 bytes).
    Removing stm32f10x_wwdg.o(i.WWDG_GetFlagStatus), (12 bytes).
    Removing stm32f10x_wwdg.o(i.WWDG_SetCounter), (16 bytes).
    Removing stm32f10x_wwdg.o(i.WWDG_SetPrescaler), (24 bytes).
    Removing stm32f10x_wwdg.o(i.WWDG_SetWindowValue), (40 bytes).
    Removing ffixui.o(.text), (40 bytes).
    Removing dadd.o(.text), (334 bytes).
    Removing dmul.o(.text), (228 bytes).
    Removing ddiv.o(.text), (222 bytes).
    Removing dfixul.o(.text), (48 bytes).
    Removing cdrcmple.o(.text), (48 bytes).
    Removing depilogue.o(.text), (186 bytes).

509 unused section(s) (total 24646 bytes) removed from the image.

==============================================================================

Image Symbol Table

    Local Symbols

    Symbol Name                              Value     Ov Type        Size  Object(Section)

    ../clib/microlib/division.c              0x00000000   Number         0  uldiv.o ABSOLUTE
    ../clib/microlib/division.c              0x00000000   Number         0  uidiv.o ABSOLUTE
    ../clib/microlib/init/entry.s            0x00000000   Number         0  entry9b.o ABSOLUTE
    ../clib/microlib/init/entry.s            0x00000000   Number         0  entry8a.o ABSOLUTE
    ../clib/microlib/init/entry.s            0x00000000   Number         0  entry11a.o ABSOLUTE
    ../clib/microlib/init/entry.s            0x00000000   Number         0  entry10b.o ABSOLUTE
    ../clib/microlib/init/entry.s            0x00000000   Number         0  entry2.o ABSOLUTE
    ../clib/microlib/init/entry.s            0x00000000   Number         0  entry10a.o ABSOLUTE
    ../clib/microlib/init/entry.s            0x00000000   Number         0  entry11b.o ABSOLUTE
    ../clib/microlib/init/entry.s            0x00000000   Number         0  entry7a.o ABSOLUTE
    ../clib/microlib/init/entry.s            0x00000000   Number         0  entry9a.o ABSOLUTE
    ../clib/microlib/init/entry.s            0x00000000   Number         0  entry7b.o ABSOLUTE
    ../clib/microlib/init/entry.s            0x00000000   Number         0  entry8b.o ABSOLUTE
    ../clib/microlib/init/entry.s            0x00000000   Number         0  entry.o ABSOLUTE
    ../clib/microlib/init/entry.s            0x00000000   Number         0  entry5.o ABSOLUTE
    ../clib/microlib/longlong.c              0x00000000   Number         0  llshl.o ABSOLUTE
    ../clib/microlib/longlong.c              0x00000000   Number         0  llushr.o ABSOLUTE
    ../clib/microlib/longlong.c              0x00000000   Number         0  llsshr.o ABSOLUTE
    ../clib/microlib/printf/printf.c         0x00000000   Number         0  printf8.o ABSOLUTE
    ../clib/microlib/printf/printf.c         0x00000000   Number         0  printfa.o ABSOLUTE
    ../clib/microlib/printf/printf.c         0x00000000   Number         0  printfb.o ABSOLUTE
    ../clib/microlib/printf/printf.c         0x00000000   Number         0  printf7.o ABSOLUTE
    ../clib/microlib/printf/printf.c         0x00000000   Number         0  printf6.o ABSOLUTE
    ../clib/microlib/printf/printf.c         0x00000000   Number         0  printf4.o ABSOLUTE
    ../clib/microlib/printf/printf.c         0x00000000   Number         0  printf3.o ABSOLUTE
    ../clib/microlib/printf/printf.c         0x00000000   Number         0  printf5.o ABSOLUTE
    ../clib/microlib/printf/printf.c         0x00000000   Number         0  printf2.o ABSOLUTE
    ../clib/microlib/printf/printf.c         0x00000000   Number         0  printf0.o ABSOLUTE
    ../clib/microlib/printf/printf.c         0x00000000   Number         0  printf1.o ABSOLUTE
    ../clib/microlib/printf/stubs.s          0x00000000   Number         0  stubs.o ABSOLUTE
    ../clib/microlib/string/memcpy.c         0x00000000   Number         0  memcpya.o ABSOLUTE
    ../clib/microlib/string/memcpy.c         0x00000000   Number         0  memcpyb.o ABSOLUTE
    ../clib/microlib/string/memset.c         0x00000000   Number         0  memseta.o ABSOLUTE
    ../clib/microlib/string/strcmp.c         0x00000000   Number         0  strcmp.o ABSOLUTE
    ../clib/microlib/stubs.s                 0x00000000   Number         0  useno.o ABSOLUTE
    ../clib/microlib/stubs.s                 0x00000000   Number         0  iusefp.o ABSOLUTE
    ../fplib/microlib/fpadd.c                0x00000000   Number         0  dadd.o ABSOLUTE
    ../fplib/microlib/fpadd.c                0x00000000   Number         0  fadd.o ABSOLUTE
    ../fplib/microlib/fpdiv.c                0x00000000   Number         0  fdiv.o ABSOLUTE
    ../fplib/microlib/fpdiv.c                0x00000000   Number         0  ddiv.o ABSOLUTE
    ../fplib/microlib/fpepilogue.c           0x00000000   Number         0  depilogue.o ABSOLUTE
    ../fplib/microlib/fpepilogue.c           0x00000000   Number         0  fepilogue.o ABSOLUTE
    ../fplib/microlib/fpfix.c                0x00000000   Number         0  dfixul.o ABSOLUTE
    ../fplib/microlib/fpfix.c                0x00000000   Number         0  ffixui.o ABSOLUTE
    ../fplib/microlib/fpfix.c                0x00000000   Number         0  ffixi.o ABSOLUTE
    ../fplib/microlib/fpflt.c                0x00000000   Number         0  ffltui.o ABSOLUTE
    ../fplib/microlib/fpflt.c                0x00000000   Number         0  fflti.o ABSOLUTE
    ../fplib/microlib/fpmul.c                0x00000000   Number         0  dmul.o ABSOLUTE
    ../fplib/microlib/fpmul.c                0x00000000   Number         0  fmul.o ABSOLUTE
    Libraries\CMSIS\core_cm3.c               0x00000000   Number         0  core_cm3.o ABSOLUTE
    Libraries\CMSIS\startup\startup_stm32f10x_hd.s 0x00000000   Number         0  startup_stm32f10x_hd.o ABSOLUTE
    Libraries\CMSIS\system_stm32f10x.c       0x00000000   Number         0  system_stm32f10x.o ABSOLUTE
    Libraries\FWlib\src\misc.c               0x00000000   Number         0  misc.o ABSOLUTE
    Libraries\FWlib\src\stm32f10x_adc.c      0x00000000   Number         0  stm32f10x_adc.o ABSOLUTE
    Libraries\FWlib\src\stm32f10x_bkp.c      0x00000000   Number         0  stm32f10x_bkp.o ABSOLUTE
    Libraries\FWlib\src\stm32f10x_can.c      0x00000000   Number         0  stm32f10x_can.o ABSOLUTE
    Libraries\FWlib\src\stm32f10x_cec.c      0x00000000   Number         0  stm32f10x_cec.o ABSOLUTE
    Libraries\FWlib\src\stm32f10x_crc.c      0x00000000   Number         0  stm32f10x_crc.o ABSOLUTE
    Libraries\FWlib\src\stm32f10x_dac.c      0x00000000   Number         0  stm32f10x_dac.o ABSOLUTE
    Libraries\FWlib\src\stm32f10x_dbgmcu.c   0x00000000   Number         0  stm32f10x_dbgmcu.o ABSOLUTE
    Libraries\FWlib\src\stm32f10x_dma.c      0x00000000   Number         0  stm32f10x_dma.o ABSOLUTE
    Libraries\FWlib\src\stm32f10x_exti.c     0x00000000   Number         0  stm32f10x_exti.o ABSOLUTE
    Libraries\FWlib\src\stm32f10x_flash.c    0x00000000   Number         0  stm32f10x_flash.o ABSOLUTE
    Libraries\FWlib\src\stm32f10x_fsmc.c     0x00000000   Number         0  stm32f10x_fsmc.o ABSOLUTE
    Libraries\FWlib\src\stm32f10x_gpio.c     0x00000000   Number         0  stm32f10x_gpio.o ABSOLUTE
    Libraries\FWlib\src\stm32f10x_i2c.c      0x00000000   Number         0  stm32f10x_i2c.o ABSOLUTE
    Libraries\FWlib\src\stm32f10x_iwdg.c     0x00000000   Number         0  stm32f10x_iwdg.o ABSOLUTE
    Libraries\FWlib\src\stm32f10x_pwr.c      0x00000000   Number         0  stm32f10x_pwr.o ABSOLUTE
    Libraries\FWlib\src\stm32f10x_rcc.c      0x00000000   Number         0  stm32f10x_rcc.o ABSOLUTE
    Libraries\FWlib\src\stm32f10x_rtc.c      0x00000000   Number         0  stm32f10x_rtc.o ABSOLUTE
    Libraries\FWlib\src\stm32f10x_sdio.c     0x00000000   Number         0  stm32f10x_sdio.o ABSOLUTE
    Libraries\FWlib\src\stm32f10x_spi.c      0x00000000   Number         0  stm32f10x_spi.o ABSOLUTE
    Libraries\FWlib\src\stm32f10x_tim.c      0x00000000   Number         0  stm32f10x_tim.o ABSOLUTE
    Libraries\FWlib\src\stm32f10x_usart.c    0x00000000   Number         0  stm32f10x_usart.o ABSOLUTE
    Libraries\FWlib\src\stm32f10x_wwdg.c     0x00000000   Number         0  stm32f10x_wwdg.o ABSOLUTE
    Libraries\\CMSIS\\core_cm3.c             0x00000000   Number         0  core_cm3.o ABSOLUTE
    System\scheduler.c                       0x00000000   Number         0  scheduler.o ABSOLUTE
    System\system_f103.c                     0x00000000   Number         0  system_f103.o ABSOLUTE
    User\hardware.c                          0x00000000   Number         0  hardware.o ABSOLUTE
    User\main.c                              0x00000000   Number         0  main.o ABSOLUTE
    User\stm32f10x_it.c                      0x00000000   Number         0  stm32f10x_it.o ABSOLUTE
    bsp\CAN\bsp_can.c                        0x00000000   Number         0  bsp_can.o ABSOLUTE
    bsp\KEY\bsp_key.c                        0x00000000   Number         0  bsp_key.o ABSOLUTE
    bsp\LCD_ILI9341\bsp_lcd_ili9341.c        0x00000000   Number         0  bsp_lcd_ili9341.o ABSOLUTE
    bsp\LED\bsp_led.c                        0x00000000   Number         0  bsp_led.o ABSOLUTE
    bsp\USART\bsp_usart.c                    0x00000000   Number         0  bsp_usart.o ABSOLUTE
    bsp\XPT2046\bsp_xpt2046.c                0x00000000   Number         0  bsp_xpt2046.o ABSOLUTE
    bsp\w25qxx\bsp_w25qxx.c                  0x00000000   Number         0  bsp_w25qxx.o ABSOLUTE
    cdrcmple.s                               0x00000000   Number         0  cdrcmple.o ABSOLUTE
    dc.s                                     0x00000000   Number         0  dc.o ABSOLUTE
    handlers.s                               0x00000000   Number         0  handlers.o ABSOLUTE
    init.s                                   0x00000000   Number         0  init.o ABSOLUTE
    RESET                                    0x08000000   Section      304  startup_stm32f10x_hd.o(RESET)
    .ARM.Collect$$$$00000000                 0x08000130   Section        0  entry.o(.ARM.Collect$$$$00000000)
    .ARM.Collect$$$$00000001                 0x08000130   Section        4  entry2.o(.ARM.Collect$$$$00000001)
    .ARM.Collect$$$$00000004                 0x08000134   Section        4  entry5.o(.ARM.Collect$$$$00000004)
    .ARM.Collect$$$$00000008                 0x08000138   Section        0  entry7b.o(.ARM.Collect$$$$00000008)
    .ARM.Collect$$$$0000000A                 0x08000138   Section        0  entry8b.o(.ARM.Collect$$$$0000000A)
    .ARM.Collect$$$$0000000B                 0x08000138   Section        8  entry9a.o(.ARM.Collect$$$$0000000B)
    .ARM.Collect$$$$0000000D                 0x08000140   Section        0  entry10a.o(.ARM.Collect$$$$0000000D)
    .ARM.Collect$$$$0000000F                 0x08000140   Section        0  entry11a.o(.ARM.Collect$$$$0000000F)
    .ARM.Collect$$$$00002712                 0x08000140   Section        4  entry2.o(.ARM.Collect$$$$00002712)
    __lit__00000000                          0x08000140   Data           4  entry2.o(.ARM.Collect$$$$00002712)
    .text                                    0x08000144   Section       36  startup_stm32f10x_hd.o(.text)
    .text                                    0x08000168   Section        0  memcpya.o(.text)
    .text                                    0x0800018c   Section        0  memseta.o(.text)
    .text                                    0x080001b0   Section        0  strcmp.o(.text)
    .text                                    0x080001cc   Section        0  fadd.o(.text)
    .text                                    0x0800027c   Section        0  fmul.o(.text)
    .text                                    0x080002e0   Section        0  fdiv.o(.text)
    .text                                    0x0800035c   Section        0  fflti.o(.text)
    .text                                    0x0800036e   Section        0  ffltui.o(.text)
    .text                                    0x08000378   Section        0  ffixi.o(.text)
    .text                                    0x080003aa   Section        0  uldiv.o(.text)
    .text                                    0x0800040c   Section        0  fepilogue.o(.text)
    .text                                    0x0800040c   Section        0  iusefp.o(.text)
    .text                                    0x0800047c   Section       36  init.o(.text)
    .text                                    0x080004a0   Section        0  llshl.o(.text)
    .text                                    0x080004be   Section        0  llushr.o(.text)
    i.BusFault_Handler                       0x080004de   Section        0  stm32f10x_it.o(i.BusFault_Handler)
    i.CAN1_Config                            0x080004e4   Section        0  bsp_can.o(i.CAN1_Config)
    i.CAN1_SendData                          0x08000608   Section        0  bsp_can.o(i.CAN1_SendData)
    i.CAN_FilterInit                         0x08000670   Section        0  stm32f10x_can.o(i.CAN_FilterInit)
    i.CAN_ITConfig                           0x08000778   Section        0  stm32f10x_can.o(i.CAN_ITConfig)
    i.CAN_Init                               0x0800078a   Section        0  stm32f10x_can.o(i.CAN_Init)
    i.CAN_Receive                            0x0800089e   Section        0  stm32f10x_can.o(i.CAN_Receive)
    i.CAN_Transmit                           0x0800098e   Section        0  stm32f10x_can.o(i.CAN_Transmit)
    i.DebugMon_Handler                       0x08000ab4   Section        0  stm32f10x_it.o(i.DebugMon_Handler)
    i.EXTI0_IRQHandler                       0x08000ab8   Section        0  bsp_key.o(i.EXTI0_IRQHandler)
    i.EXTI1_IRQHandler                       0x08000b0c   Section        0  bsp_key.o(i.EXTI1_IRQHandler)
    i.EXTI4_IRQHandler                       0x08000b60   Section        0  bsp_key.o(i.EXTI4_IRQHandler)
    i.EXTI_Init                              0x08000bb4   Section        0  stm32f10x_exti.o(i.EXTI_Init)
    i.GPIO_EXTILineConfig                    0x08000c48   Section        0  stm32f10x_gpio.o(i.GPIO_EXTILineConfig)
    i.GPIO_Init                              0x08000c88   Section        0  stm32f10x_gpio.o(i.GPIO_Init)
    i.GPIO_ReadInputDataBit                  0x08000d9e   Section        0  stm32f10x_gpio.o(i.GPIO_ReadInputDataBit)
    i.HardFault_Handler                      0x08000db0   Section        0  stm32f10x_it.o(i.HardFault_Handler)
    i.Hardware_Init                          0x08000db4   Section        0  hardware.o(i.Hardware_Init)
    i.Key_Init                               0x08000e8c   Section        0  bsp_key.o(i.Key_Init)
    i.LCD_Cross                              0x08000fe8   Section        0  bsp_lcd_ili9341.o(i.LCD_Cross)
    i.LCD_DisplayDir                         0x08001030   Section        0  bsp_lcd_ili9341.o(i.LCD_DisplayDir)
    i.LCD_DrawPoint                          0x08001094   Section        0  bsp_lcd_ili9341.o(i.LCD_DrawPoint)
    i.LCD_Fill                               0x080010b4   Section        0  bsp_lcd_ili9341.o(i.LCD_Fill)
    i.LCD_GUI                                0x08001118   Section        0  bsp_lcd_ili9341.o(i.LCD_GUI)
    i.LCD_Init                               0x080015f4   Section        0  bsp_lcd_ili9341.o(i.LCD_Init)
    i.LCD_Line                               0x080019b0   Section        0  bsp_lcd_ili9341.o(i.LCD_Line)
    i.LCD_String                             0x08001a5c   Section        0  bsp_lcd_ili9341.o(i.LCD_String)
    i.Led_Init                               0x08001af4   Section        0  bsp_led.o(i.Led_Init)
    i.MemManage_Handler                      0x08001b78   Section        0  stm32f10x_it.o(i.MemManage_Handler)
    i.NMI_Handler                            0x08001b7c   Section        0  stm32f10x_it.o(i.NMI_Handler)
    i.NVIC_Init                              0x08001b80   Section        0  misc.o(i.NVIC_Init)
    i.NVIC_PriorityGroupConfig               0x08001bf0   Section        0  misc.o(i.NVIC_PriorityGroupConfig)
    i.PendSV_Handler                         0x08001c04   Section        0  stm32f10x_it.o(i.PendSV_Handler)
    i.RCC_APB1PeriphClockCmd                 0x08001c08   Section        0  stm32f10x_rcc.o(i.RCC_APB1PeriphClockCmd)
    i.RCC_APB1PeriphResetCmd                 0x08001c28   Section        0  stm32f10x_rcc.o(i.RCC_APB1PeriphResetCmd)
    i.RCC_APB2PeriphClockCmd                 0x08001c48   Section        0  stm32f10x_rcc.o(i.RCC_APB2PeriphClockCmd)
    i.RCC_APB2PeriphResetCmd                 0x08001c68   Section        0  stm32f10x_rcc.o(i.RCC_APB2PeriphResetCmd)
    i.RCC_GetClocksFreq                      0x08001c88   Section        0  stm32f10x_rcc.o(i.RCC_GetClocksFreq)
    i.SVC_Handler                            0x08001d5c   Section        0  stm32f10x_it.o(i.SVC_Handler)
    i.Scheduler_Run                          0x08001d60   Section        0  scheduler.o(i.Scheduler_Run)
    i.Scheduler_TickCnt                      0x08001e18   Section        0  scheduler.o(i.Scheduler_TickCnt)
    i.SysTick_Handler                        0x08001e8c   Section        0  system_f103.o(i.SysTick_Handler)
    i.SystemCoreClockUpdate                  0x08001eac   Section        0  system_stm32f10x.o(i.SystemCoreClockUpdate)
    i.SystemInit                             0x08001f50   Section        0  system_stm32f10x.o(i.SystemInit)
    i.System_SwdMode                         0x08002058   Section        0  system_f103.o(i.System_SwdMode)
    i.System_SysTickInit                     0x08002084   Section        0  system_f103.o(i.System_SysTickInit)
    i.UART4_IRQHandler                       0x080020fc   Section        0  bsp_usart.o(i.UART4_IRQHandler)
    i.UART4_Init                             0x080021e0   Section        0  bsp_usart.o(i.UART4_Init)
    i.UART4_SendData                         0x08002304   Section        0  bsp_usart.o(i.UART4_SendData)
    i.UART4_SendString                       0x0800234c   Section        0  bsp_usart.o(i.UART4_SendString)
    i.UART5_IRQHandler                       0x0800236c   Section        0  bsp_usart.o(i.UART5_IRQHandler)
    i.USART1_IRQHandler                      0x08002440   Section        0  bsp_usart.o(i.USART1_IRQHandler)
    i.USART1_Init                            0x0800251c   Section        0  bsp_usart.o(i.USART1_Init)
    i.USART1_SendData                        0x08002680   Section        0  bsp_usart.o(i.USART1_SendData)
    i.USART1_SendString                      0x080026c8   Section        0  bsp_usart.o(i.USART1_SendString)
    i.USART2_IRQHandler                      0x080026e8   Section        0  bsp_usart.o(i.USART2_IRQHandler)
    i.USART3_IRQHandler                      0x080027cc   Section        0  bsp_usart.o(i.USART3_IRQHandler)
    i.USART_Cmd                              0x080028b0   Section        0  stm32f10x_usart.o(i.USART_Cmd)
    i.USART_DeInit                           0x080028c8   Section        0  stm32f10x_usart.o(i.USART_DeInit)
    i.USART_ITConfig                         0x08002964   Section        0  stm32f10x_usart.o(i.USART_ITConfig)
    i.USART_Init                             0x080029b0   Section        0  stm32f10x_usart.o(i.USART_Init)
    i.USB_LP_CAN1_RX0_IRQHandler             0x08002a88   Section        0  bsp_can.o(i.USB_LP_CAN1_RX0_IRQHandler)
    i.UsageFault_Handler                     0x08002aa8   Section        0  stm32f10x_it.o(i.UsageFault_Handler)
    i.W25qx_Init                             0x08002aac   Section        0  bsp_w25qxx.o(i.W25qx_Init)
    i.W25qxx_ReadBuffer                      0x08002b2c   Section        0  bsp_w25qxx.o(i.W25qxx_ReadBuffer)
    i.W25qxx_ReadGBK                         0x08002b90   Section        0  bsp_w25qxx.o(i.W25qxx_ReadGBK)
    i.W25qxx_WriteBuffer                     0x08002c80   Section        0  bsp_w25qxx.o(i.W25qxx_WriteBuffer)
    i.WaitReady                              0x08002d64   Section        0  bsp_w25qxx.o(i.WaitReady)
    WaitReady                                0x08002d65   Thumb Code    42  bsp_w25qxx.o(i.WaitReady)
    i.XPT2046_Cmd                            0x08002d94   Section        0  bsp_xpt2046.o(i.XPT2046_Cmd)
    i.XPT2046_Init                           0x08002dac   Section        0  bsp_xpt2046.o(i.XPT2046_Init)
    i.XPT2046_ReCalibration                  0x08002ea8   Section        0  bsp_xpt2046.o(i.XPT2046_ReCalibration)
    i.XPT2046_TouchDown                      0x080033d4   Section        0  bsp_xpt2046.o(i.XPT2046_TouchDown)
    i.XPT2046_TouchHandler                   0x080033ec   Section        0  bsp_xpt2046.o(i.XPT2046_TouchHandler)
    i.XPT2046_TouchUp                        0x0800341c   Section        0  bsp_xpt2046.o(i.XPT2046_TouchUp)
    i.__0printf$8                            0x08003420   Section        0  printf8.o(i.__0printf$8)
    i.__0sprintf$8                           0x08003440   Section        0  printf8.o(i.__0sprintf$8)
    i.__scatterload_copy                     0x08003468   Section       14  handlers.o(i.__scatterload_copy)
    i.__scatterload_null                     0x08003476   Section        2  handlers.o(i.__scatterload_null)
    i.__scatterload_zeroinit                 0x08003478   Section       14  handlers.o(i.__scatterload_zeroinit)
    i._printf_core                           0x08003488   Section        0  printf8.o(i._printf_core)
    _printf_core                             0x08003489   Thumb Code   996  printf8.o(i._printf_core)
    i._printf_post_padding                   0x08003898   Section        0  printf8.o(i._printf_post_padding)
    _printf_post_padding                     0x08003899   Thumb Code    36  printf8.o(i._printf_post_padding)
    i._printf_pre_padding                    0x080038bc   Section        0  printf8.o(i._printf_pre_padding)
    _printf_pre_padding                      0x080038bd   Thumb Code    46  printf8.o(i._printf_pre_padding)
    i._sputc                                 0x080038ea   Section        0  printf8.o(i._sputc)
    _sputc                                   0x080038eb   Thumb Code    10  printf8.o(i._sputc)
    i.adcXYToLcdXY                           0x080038f4   Section        0  bsp_xpt2046.o(i.adcXYToLcdXY)
    adcXYToLcdXY                             0x080038f5   Thumb Code   190  bsp_xpt2046.o(i.adcXYToLcdXY)
    i.checkFlagGBKStorage                    0x080039c0   Section        0  bsp_w25qxx.o(i.checkFlagGBKStorage)
    checkFlagGBKStorage                      0x080039c1   Thumb Code    96  bsp_w25qxx.o(i.checkFlagGBKStorage)
    i.delayMS                                0x08003a64   Section        0  bsp_lcd_ili9341.o(i.delayMS)
    delayMS                                  0x08003a65   Thumb Code    18  bsp_lcd_ili9341.o(i.delayMS)
    i.delayUS                                0x08003a76   Section        0  bsp_xpt2046.o(i.delayUS)
    delayUS                                  0x08003a77   Thumb Code    30  bsp_xpt2046.o(i.delayUS)
    i.delay_us                               0x08003a94   Section        0  bsp_w25qxx.o(i.delay_us)
    delay_us                                 0x08003a95   Thumb Code    26  bsp_w25qxx.o(i.delay_us)
    i.drawAscii                              0x08003ab0   Section        0  bsp_lcd_ili9341.o(i.drawAscii)
    i.drawGBK                                0x08003bd0   Section        0  bsp_lcd_ili9341.o(i.drawGBK)
    i.eraseSector                            0x08003c80   Section        0  bsp_w25qxx.o(i.eraseSector)
    eraseSector                              0x08003c81   Thumb Code    74  bsp_w25qxx.o(i.eraseSector)
    i.fputc                                  0x08003cd4   Section        0  bsp_usart.o(i.fputc)
    i.main                                   0x08003cf0   Section        0  main.o(i.main)
    i.readADC_X                              0x08003d04   Section        0  bsp_xpt2046.o(i.readADC_X)
    readADC_X                                0x08003d05   Thumb Code    36  bsp_xpt2046.o(i.readADC_X)
    i.readADC_Y                              0x08003d2c   Section        0  bsp_xpt2046.o(i.readADC_Y)
    readADC_Y                                0x08003d2d   Thumb Code    36  bsp_xpt2046.o(i.readADC_Y)
    i.readAdcXY                              0x08003d54   Section        0  bsp_xpt2046.o(i.readAdcXY)
    readAdcXY                                0x08003d55   Thumb Code   228  bsp_xpt2046.o(i.readAdcXY)
    i.readData                               0x08003e40   Section        0  bsp_lcd_ili9341.o(i.readData)
    i.readID                                 0x08003e94   Section        0  bsp_w25qxx.o(i.readID)
    readID                                   0x08003e95   Thumb Code   338  bsp_w25qxx.o(i.readID)
    i.readInteriorFlash                      0x080040c0   Section        0  bsp_xpt2046.o(i.readInteriorFlash)
    readInteriorFlash                        0x080040c1   Thumb Code    58  bsp_xpt2046.o(i.readInteriorFlash)
    i.receiveData                            0x08004100   Section        0  bsp_xpt2046.o(i.receiveData)
    receiveData                              0x08004101   Thumb Code    82  bsp_xpt2046.o(i.receiveData)
    i.sendByte                               0x08004158   Section        0  bsp_w25qxx.o(i.sendByte)
    sendByte                                 0x08004159   Thumb Code    70  bsp_w25qxx.o(i.sendByte)
    i.sendCMD                                0x080041a4   Section        0  bsp_xpt2046.o(i.sendCMD)
    sendCMD                                  0x080041a5   Thumb Code    68  bsp_xpt2046.o(i.sendCMD)
    i.sendDataShort                          0x080041ec   Section        0  bsp_lcd_ili9341.o(i.sendDataShort)
    i.sendOrder                              0x08004210   Section        0  bsp_lcd_ili9341.o(i.sendOrder)
    i.setCursor                              0x08004234   Section        0  bsp_lcd_ili9341.o(i.setCursor)
    i.spiInit                                0x08004280   Section        0  bsp_w25qxx.o(i.spiInit)
    spiInit                                  0x08004281   Thumb Code    84  bsp_w25qxx.o(i.spiInit)
    i.touchDetect                            0x080042d8   Section        0  bsp_xpt2046.o(i.touchDetect)
    touchDetect                              0x080042d9   Thumb Code   158  bsp_xpt2046.o(i.touchDetect)
    i.vTask_1000ms                           0x08004384   Section        0  scheduler.o(i.vTask_1000ms)
    i.vTask_100ms                            0x08004388   Section        0  scheduler.o(i.vTask_100ms)
    i.vTask_10ms                             0x0800457c   Section        0  scheduler.o(i.vTask_10ms)
    i.vTask_1ms                              0x0800457e   Section        0  scheduler.o(i.vTask_1ms)
    i.vTask_2ms                              0x08004586   Section        0  scheduler.o(i.vTask_2ms)
    i.vTask_500ms                            0x08004588   Section        0  scheduler.o(i.vTask_500ms)
    i.vTask_50ms                             0x0800459c   Section        0  scheduler.o(i.vTask_50ms)
    i.vTask_5ms                              0x0800459e   Section        0  scheduler.o(i.vTask_5ms)
    i.waitForFlashBSY                        0x080045a0   Section        0  bsp_xpt2046.o(i.waitForFlashBSY)
    waitForFlashBSY                          0x080045a1   Thumb Code    32  bsp_xpt2046.o(i.waitForFlashBSY)
    i.writeEnable                            0x080045c4   Section        0  bsp_w25qxx.o(i.writeEnable)
    writeEnable                              0x080045c5   Thumb Code    26  bsp_w25qxx.o(i.writeEnable)
    i.writeInteriorFlash                     0x080045e4   Section        0  bsp_xpt2046.o(i.writeInteriorFlash)
    writeInteriorFlash                       0x080045e5   Thumb Code   354  bsp_xpt2046.o(i.writeInteriorFlash)
    i.writeSector                            0x08004760   Section        0  bsp_w25qxx.o(i.writeSector)
    writeSector                              0x08004761   Thumb Code   126  bsp_w25qxx.o(i.writeSector)
    .constdata                               0x080047e8   Section    19554  bsp_lcd_ili9341.o(.constdata)
    .data                                    0x20000000   Section       16  scheduler.o(.data)
    usTick_1ms                               0x20000000   Data           2  scheduler.o(.data)
    usTick_2ms                               0x20000002   Data           2  scheduler.o(.data)
    usTick_5ms                               0x20000004   Data           2  scheduler.o(.data)
    usTick_10ms                              0x20000006   Data           2  scheduler.o(.data)
    usTick_50ms                              0x20000008   Data           2  scheduler.o(.data)
    usTick_100ms                             0x2000000a   Data           2  scheduler.o(.data)
    usTick_500ms                             0x2000000c   Data           2  scheduler.o(.data)
    usTick_1000ms                            0x2000000e   Data           2  scheduler.o(.data)
    .data                                    0x20000010   Section       26  system_f103.o(.data)
    _startTime                               0x20000018   Data           8  system_f103.o(.data)
    lastTime                                 0x20000020   Data           4  system_f103.o(.data)
    nowTime                                  0x20000024   Data           4  system_f103.o(.data)
    CNT                                      0x20000028   Data           1  system_f103.o(.data)
    setGrouped                               0x20000029   Data           1  system_f103.o(.data)
    .data                                    0x2000002c   Section       28  bsp_usart.o(.data)
    U1TxCounter                              0x2000002c   Data           1  bsp_usart.o(.data)
    U1TxCount                                0x2000002d   Data           1  bsp_usart.o(.data)
    U2TxCounter                              0x2000002e   Data           1  bsp_usart.o(.data)
    U2TxCount                                0x2000002f   Data           1  bsp_usart.o(.data)
    U3TxCounter                              0x20000030   Data           1  bsp_usart.o(.data)
    U3TxCount                                0x20000031   Data           1  bsp_usart.o(.data)
    U4TxCounter                              0x20000032   Data           1  bsp_usart.o(.data)
    U4TxCount                                0x20000033   Data           1  bsp_usart.o(.data)
    U5TxCounter                              0x20000034   Data           1  bsp_usart.o(.data)
    U5TxCount                                0x20000035   Data           1  bsp_usart.o(.data)
    cnt                                      0x2000003c   Data           2  bsp_usart.o(.data)
    Flag_DmaTxInit                           0x2000003e   Data           1  bsp_usart.o(.data)
    cnt                                      0x20000040   Data           2  bsp_usart.o(.data)
    cnt                                      0x20000042   Data           2  bsp_usart.o(.data)
    cnt                                      0x20000044   Data           2  bsp_usart.o(.data)
    cnt                                      0x20000046   Data           2  bsp_usart.o(.data)
    .data                                    0x20000048   Section       12  bsp_xpt2046.o(.data)
    lcdX                                     0x20000048   Data           2  bsp_xpt2046.o(.data)
    lcdY                                     0x2000004a   Data           2  bsp_xpt2046.o(.data)
    eTouchStatus                             0x2000004c   Data           1  bsp_xpt2046.o(.data)
    timeCNT                                  0x20000050   Data           4  bsp_xpt2046.o(.data)
    .data                                    0x20000054   Section       20  system_stm32f10x.o(.data)
    .data                                    0x20000068   Section       20  stm32f10x_rcc.o(.data)
    APBAHBPrescTable                         0x20000068   Data          16  stm32f10x_rcc.o(.data)
    ADCPrescTable                            0x20000078   Data           4  stm32f10x_rcc.o(.data)
    .bss                                     0x2000007c   Section      109  scheduler.o(.bss)
    strTemp                                  0x2000007c   Data         100  scheduler.o(.bss)
    strCAN                                   0x200000e0   Data           9  scheduler.o(.bss)
    .bss                                     0x200000ea   Section     3860  bsp_usart.o(.bss)
    U1TxBuffer                               0x200005fe   Data         256  bsp_usart.o(.bss)
    U2TxBuffer                               0x200006fe   Data         256  bsp_usart.o(.bss)
    U3TxBuffer                               0x200007fe   Data         256  bsp_usart.o(.bss)
    U4TxBuffer                               0x200008fe   Data         256  bsp_usart.o(.bss)
    U5TxBuffer                               0x200009fe   Data         256  bsp_usart.o(.bss)
    RxTemp                                   0x20000afe   Data         256  bsp_usart.o(.bss)
    RxTemp                                   0x20000bfe   Data         256  bsp_usart.o(.bss)
    RxTemp                                   0x20000cfe   Data         256  bsp_usart.o(.bss)
    RxTemp                                   0x20000dfe   Data         256  bsp_usart.o(.bss)
    RxTemp                                   0x20000efe   Data         256  bsp_usart.o(.bss)
    .bss                                     0x20000ffe   Section     4122  bsp_w25qxx.o(.bss)
    .bss                                     0x20002018   Section       10  bsp_lcd_ili9341.o(.bss)
    .bss                                     0x20002024   Section     2084  bsp_xpt2046.o(.bss)
    sectorbufferTemp                         0x20002048   Data        2048  bsp_xpt2046.o(.bss)
    .bss                                     0x20002848   Section       44  bsp_can.o(.bss)
    STACK                                    0x20002878   Section     1024  startup_stm32f10x_hd.o(STACK)

    Global Symbols

    Symbol Name                              Value     Ov Type        Size  Object(Section)

    BuildAttributes$$THM_ISAv4$P$D$K$B$S$PE$A:L22UL41UL21$X:L11$S22US41US21$IEEE1$IW$USESV6$~STKCKD$USESV7$~SHL$OTIME$ROPI$EBA8$MICROLIB$REQ8$PRES8$EABIv2 0x00000000   Number         0  anon$$obj.o ABSOLUTE
    __ARM_use_no_argv                        0x00000000   Number         0  main.o ABSOLUTE
    __use_no_errno                           0x00000000   Number         0  useno.o ABSOLUTE
    __use_no_exception_handling              0x00000000   Number         0  useno.o ABSOLUTE
    __use_no_fp                              0x00000000   Number         0  useno.o ABSOLUTE
    __use_no_heap                            0x00000000   Number         0  useno.o ABSOLUTE
    __use_no_heap_region                     0x00000000   Number         0  useno.o ABSOLUTE
    __use_no_semihosting                     0x00000000   Number         0  useno.o ABSOLUTE
    __use_no_semihosting_swi                 0x00000000   Number         0  useno.o ABSOLUTE
    __use_no_signal_handling                 0x00000000   Number         0  useno.o ABSOLUTE
    _printf_a                                0x00000000   Number         0  stubs.o ABSOLUTE
    _printf_c                                0x00000000   Number         0  stubs.o ABSOLUTE
    _printf_charcount                        0x00000000   Number         0  stubs.o ABSOLUTE
    _printf_d                                0x00000000   Number         0  stubs.o ABSOLUTE
    _printf_e                                0x00000000   Number         0  stubs.o ABSOLUTE
    _printf_f                                0x00000000   Number         0  stubs.o ABSOLUTE
    _printf_flags                            0x00000000   Number         0  stubs.o ABSOLUTE
    _printf_fp_dec                           0x00000000   Number         0  stubs.o ABSOLUTE
    _printf_fp_hex                           0x00000000   Number         0  stubs.o ABSOLUTE
    _printf_g                                0x00000000   Number         0  stubs.o ABSOLUTE
    _printf_i                                0x00000000   Number         0  stubs.o ABSOLUTE
    _printf_int_dec                          0x00000000   Number         0  stubs.o ABSOLUTE
    _printf_l                                0x00000000   Number         0  stubs.o ABSOLUTE
    _printf_lc                               0x00000000   Number         0  stubs.o ABSOLUTE
    _printf_ll                               0x00000000   Number         0  stubs.o ABSOLUTE
    _printf_lld                              0x00000000   Number         0  stubs.o ABSOLUTE
    _printf_lli                              0x00000000   Number         0  stubs.o ABSOLUTE
    _printf_llo                              0x00000000   Number         0  stubs.o ABSOLUTE
    _printf_llu                              0x00000000   Number         0  stubs.o ABSOLUTE
    _printf_llx                              0x00000000   Number         0  stubs.o ABSOLUTE
    _printf_longlong_dec                     0x00000000   Number         0  stubs.o ABSOLUTE
    _printf_longlong_hex                     0x00000000   Number         0  stubs.o ABSOLUTE
    _printf_longlong_oct                     0x00000000   Number         0  stubs.o ABSOLUTE
    _printf_ls                               0x00000000   Number         0  stubs.o ABSOLUTE
    _printf_mbtowc                           0x00000000   Number         0  stubs.o ABSOLUTE
    _printf_n                                0x00000000   Number         0  stubs.o ABSOLUTE
    _printf_o                                0x00000000   Number         0  stubs.o ABSOLUTE
    _printf_p                                0x00000000   Number         0  stubs.o ABSOLUTE
    _printf_percent                          0x00000000   Number         0  stubs.o ABSOLUTE
    _printf_pre_padding                      0x00000000   Number         0  stubs.o ABSOLUTE
    _printf_return_value                     0x00000000   Number         0  stubs.o ABSOLUTE
    _printf_s                                0x00000000   Number         0  stubs.o ABSOLUTE
    _printf_sizespec                         0x00000000   Number         0  stubs.o ABSOLUTE
    _printf_str                              0x00000000   Number         0  stubs.o ABSOLUTE
    _printf_truncate_signed                  0x00000000   Number         0  stubs.o ABSOLUTE
    _printf_truncate_unsigned                0x00000000   Number         0  stubs.o ABSOLUTE
    _printf_u                                0x00000000   Number         0  stubs.o ABSOLUTE
    _printf_wc                               0x00000000   Number         0  stubs.o ABSOLUTE
    _printf_wctomb                           0x00000000   Number         0  stubs.o ABSOLUTE
    _printf_widthprec                        0x00000000   Number         0  stubs.o ABSOLUTE
    _printf_x                                0x00000000   Number         0  stubs.o ABSOLUTE
    __cpp_initialize__aeabi_                  - Undefined Weak Reference
    __cxa_finalize                            - Undefined Weak Reference
    __decompress                              - Undefined Weak Reference
    _clock_init                               - Undefined Weak Reference
    _microlib_exit                            - Undefined Weak Reference
    __Vectors_Size                           0x00000130   Number         0  startup_stm32f10x_hd.o ABSOLUTE
    __Vectors                                0x08000000   Data           4  startup_stm32f10x_hd.o(RESET)
    __Vectors_End                            0x08000130   Data           0  startup_stm32f10x_hd.o(RESET)
    __main                                   0x08000131   Thumb Code     0  entry.o(.ARM.Collect$$$$00000000)
    _main_stk                                0x08000131   Thumb Code     0  entry2.o(.ARM.Collect$$$$00000001)
    _main_scatterload                        0x08000135   Thumb Code     0  entry5.o(.ARM.Collect$$$$00000004)
    __main_after_scatterload                 0x08000139   Thumb Code     0  entry5.o(.ARM.Collect$$$$00000004)
    _main_clock                              0x08000139   Thumb Code     0  entry7b.o(.ARM.Collect$$$$00000008)
    _main_cpp_init                           0x08000139   Thumb Code     0  entry8b.o(.ARM.Collect$$$$0000000A)
    _main_init                               0x08000139   Thumb Code     0  entry9a.o(.ARM.Collect$$$$0000000B)
    __rt_final_cpp                           0x08000141   Thumb Code     0  entry10a.o(.ARM.Collect$$$$0000000D)
    __rt_final_exit                          0x08000141   Thumb Code     0  entry11a.o(.ARM.Collect$$$$0000000F)
    Reset_Handler                            0x08000145   Thumb Code     8  startup_stm32f10x_hd.o(.text)
    ADC1_2_IRQHandler                        0x0800015f   Thumb Code     0  startup_stm32f10x_hd.o(.text)
    ADC3_IRQHandler                          0x0800015f   Thumb Code     0  startup_stm32f10x_hd.o(.text)
    CAN1_RX1_IRQHandler                      0x0800015f   Thumb Code     0  startup_stm32f10x_hd.o(.text)
    CAN1_SCE_IRQHandler                      0x0800015f   Thumb Code     0  startup_stm32f10x_hd.o(.text)
    DMA1_Channel1_IRQHandler                 0x0800015f   Thumb Code     0  startup_stm32f10x_hd.o(.text)
    DMA1_Channel2_IRQHandler                 0x0800015f   Thumb Code     0  startup_stm32f10x_hd.o(.text)
    DMA1_Channel3_IRQHandler                 0x0800015f   Thumb Code     0  startup_stm32f10x_hd.o(.text)
    DMA1_Channel4_IRQHandler                 0x0800015f   Thumb Code     0  startup_stm32f10x_hd.o(.text)
    DMA1_Channel5_IRQHandler                 0x0800015f   Thumb Code     0  startup_stm32f10x_hd.o(.text)
    DMA1_Channel6_IRQHandler                 0x0800015f   Thumb Code     0  startup_stm32f10x_hd.o(.text)
    DMA1_Channel7_IRQHandler                 0x0800015f   Thumb Code     0  startup_stm32f10x_hd.o(.text)
    DMA2_Channel1_IRQHandler                 0x0800015f   Thumb Code     0  startup_stm32f10x_hd.o(.text)
    DMA2_Channel2_IRQHandler                 0x0800015f   Thumb Code     0  startup_stm32f10x_hd.o(.text)
    DMA2_Channel3_IRQHandler                 0x0800015f   Thumb Code     0  startup_stm32f10x_hd.o(.text)
    DMA2_Channel4_5_IRQHandler               0x0800015f   Thumb Code     0  startup_stm32f10x_hd.o(.text)
    EXTI15_10_IRQHandler                     0x0800015f   Thumb Code     0  startup_stm32f10x_hd.o(.text)
    EXTI2_IRQHandler                         0x0800015f   Thumb Code     0  startup_stm32f10x_hd.o(.text)
    EXTI3_IRQHandler                         0x0800015f   Thumb Code     0  startup_stm32f10x_hd.o(.text)
    EXTI9_5_IRQHandler                       0x0800015f   Thumb Code     0  startup_stm32f10x_hd.o(.text)
    FLASH_IRQHandler                         0x0800015f   Thumb Code     0  startup_stm32f10x_hd.o(.text)
    FSMC_IRQHandler                          0x0800015f   Thumb Code     0  startup_stm32f10x_hd.o(.text)
    I2C1_ER_IRQHandler                       0x0800015f   Thumb Code     0  startup_stm32f10x_hd.o(.text)
    I2C1_EV_IRQHandler                       0x0800015f   Thumb Code     0  startup_stm32f10x_hd.o(.text)
    I2C2_ER_IRQHandler                       0x0800015f   Thumb Code     0  startup_stm32f10x_hd.o(.text)
    I2C2_EV_IRQHandler                       0x0800015f   Thumb Code     0  startup_stm32f10x_hd.o(.text)
    PVD_IRQHandler                           0x0800015f   Thumb Code     0  startup_stm32f10x_hd.o(.text)
    RCC_IRQHandler                           0x0800015f   Thumb Code     0  startup_stm32f10x_hd.o(.text)
    RTCAlarm_IRQHandler                      0x0800015f   Thumb Code     0  startup_stm32f10x_hd.o(.text)
    RTC_IRQHandler                           0x0800015f   Thumb Code     0  startup_stm32f10x_hd.o(.text)
    SDIO_IRQHandler                          0x0800015f   Thumb Code     0  startup_stm32f10x_hd.o(.text)
    SPI1_IRQHandler                          0x0800015f   Thumb Code     0  startup_stm32f10x_hd.o(.text)
    SPI2_IRQHandler                          0x0800015f   Thumb Code     0  startup_stm32f10x_hd.o(.text)
    SPI3_IRQHandler                          0x0800015f   Thumb Code     0  startup_stm32f10x_hd.o(.text)
    TAMPER_IRQHandler                        0x0800015f   Thumb Code     0  startup_stm32f10x_hd.o(.text)
    TIM1_BRK_IRQHandler                      0x0800015f   Thumb Code     0  startup_stm32f10x_hd.o(.text)
    TIM1_CC_IRQHandler                       0x0800015f   Thumb Code     0  startup_stm32f10x_hd.o(.text)
    TIM1_TRG_COM_IRQHandler                  0x0800015f   Thumb Code     0  startup_stm32f10x_hd.o(.text)
    TIM1_UP_IRQHandler                       0x0800015f   Thumb Code     0  startup_stm32f10x_hd.o(.text)
    TIM2_IRQHandler                          0x0800015f   Thumb Code     0  startup_stm32f10x_hd.o(.text)
    TIM3_IRQHandler                          0x0800015f   Thumb Code     0  startup_stm32f10x_hd.o(.text)
    TIM4_IRQHandler                          0x0800015f   Thumb Code     0  startup_stm32f10x_hd.o(.text)
    TIM5_IRQHandler                          0x0800015f   Thumb Code     0  startup_stm32f10x_hd.o(.text)
    TIM6_IRQHandler                          0x0800015f   Thumb Code     0  startup_stm32f10x_hd.o(.text)
    TIM7_IRQHandler                          0x0800015f   Thumb Code     0  startup_stm32f10x_hd.o(.text)
    TIM8_BRK_IRQHandler                      0x0800015f   Thumb Code     0  startup_stm32f10x_hd.o(.text)
    TIM8_CC_IRQHandler                       0x0800015f   Thumb Code     0  startup_stm32f10x_hd.o(.text)
    TIM8_TRG_COM_IRQHandler                  0x0800015f   Thumb Code     0  startup_stm32f10x_hd.o(.text)
    TIM8_UP_IRQHandler                       0x0800015f   Thumb Code     0  startup_stm32f10x_hd.o(.text)
    USBWakeUp_IRQHandler                     0x0800015f   Thumb Code     0  startup_stm32f10x_hd.o(.text)
    USB_HP_CAN1_TX_IRQHandler                0x0800015f   Thumb Code     0  startup_stm32f10x_hd.o(.text)
    WWDG_IRQHandler                          0x0800015f   Thumb Code     0  startup_stm32f10x_hd.o(.text)
    __aeabi_memcpy                           0x08000169   Thumb Code    36  memcpya.o(.text)
    __aeabi_memcpy4                          0x08000169   Thumb Code     0  memcpya.o(.text)
    __aeabi_memcpy8                          0x08000169   Thumb Code     0  memcpya.o(.text)
    __aeabi_memset                           0x0800018d   Thumb Code    14  memseta.o(.text)
    __aeabi_memset4                          0x0800018d   Thumb Code     0  memseta.o(.text)
    __aeabi_memset8                          0x0800018d   Thumb Code     0  memseta.o(.text)
    __aeabi_memclr                           0x0800019b   Thumb Code     4  memseta.o(.text)
    __aeabi_memclr4                          0x0800019b   Thumb Code     0  memseta.o(.text)
    __aeabi_memclr8                          0x0800019b   Thumb Code     0  memseta.o(.text)
    _memset$wrapper                          0x0800019f   Thumb Code    18  memseta.o(.text)
    strcmp                                   0x080001b1   Thumb Code    28  strcmp.o(.text)
    __aeabi_fadd                             0x080001cd   Thumb Code   164  fadd.o(.text)
    __aeabi_fsub                             0x08000271   Thumb Code     6  fadd.o(.text)
    __aeabi_frsub                            0x08000277   Thumb Code     6  fadd.o(.text)
    __aeabi_fmul                             0x0800027d   Thumb Code   100  fmul.o(.text)
    __aeabi_fdiv                             0x080002e1   Thumb Code   124  fdiv.o(.text)
    __aeabi_i2f                              0x0800035d   Thumb Code    18  fflti.o(.text)
    __aeabi_ui2f                             0x0800036f   Thumb Code    10  ffltui.o(.text)
    __aeabi_f2iz                             0x08000379   Thumb Code    50  ffixi.o(.text)
    __aeabi_uldivmod                         0x080003ab   Thumb Code    98  uldiv.o(.text)
    __I$use$fp                               0x0800040d   Thumb Code     0  iusefp.o(.text)
    _float_round                             0x0800040d   Thumb Code    18  fepilogue.o(.text)
    _float_epilogue                          0x0800041f   Thumb Code    92  fepilogue.o(.text)
    __scatterload                            0x0800047d   Thumb Code    28  init.o(.text)
    __scatterload_rt2                        0x0800047d   Thumb Code     0  init.o(.text)
    __aeabi_llsl                             0x080004a1   Thumb Code    30  llshl.o(.text)
    _ll_shift_l                              0x080004a1   Thumb Code     0  llshl.o(.text)
    __aeabi_llsr                             0x080004bf   Thumb Code    32  llushr.o(.text)
    _ll_ushift_r                             0x080004bf   Thumb Code     0  llushr.o(.text)
    BusFault_Handler                         0x080004df   Thumb Code     4  stm32f10x_it.o(i.BusFault_Handler)
    CAN1_Config                              0x080004e5   Thumb Code   246  bsp_can.o(i.CAN1_Config)
    CAN1_SendData                            0x08000609   Thumb Code    96  bsp_can.o(i.CAN1_SendData)
    CAN_FilterInit                           0x08000671   Thumb Code   258  stm32f10x_can.o(i.CAN_FilterInit)
    CAN_ITConfig                             0x08000779   Thumb Code    18  stm32f10x_can.o(i.CAN_ITConfig)
    CAN_Init                                 0x0800078b   Thumb Code   276  stm32f10x_can.o(i.CAN_Init)
    CAN_Receive                              0x0800089f   Thumb Code   240  stm32f10x_can.o(i.CAN_Receive)
    CAN_Transmit                             0x0800098f   Thumb Code   294  stm32f10x_can.o(i.CAN_Transmit)
    DebugMon_Handler                         0x08000ab5   Thumb Code     2  stm32f10x_it.o(i.DebugMon_Handler)
    EXTI0_IRQHandler                         0x08000ab9   Thumb Code    44  bsp_key.o(i.EXTI0_IRQHandler)
    EXTI1_IRQHandler                         0x08000b0d   Thumb Code    44  bsp_key.o(i.EXTI1_IRQHandler)
    EXTI4_IRQHandler                         0x08000b61   Thumb Code    44  bsp_key.o(i.EXTI4_IRQHandler)
    EXTI_Init                                0x08000bb5   Thumb Code   142  stm32f10x_exti.o(i.EXTI_Init)
    GPIO_EXTILineConfig                      0x08000c49   Thumb Code    60  stm32f10x_gpio.o(i.GPIO_EXTILineConfig)
    GPIO_Init                                0x08000c89   Thumb Code   278  stm32f10x_gpio.o(i.GPIO_Init)
    GPIO_ReadInputDataBit                    0x08000d9f   Thumb Code    18  stm32f10x_gpio.o(i.GPIO_ReadInputDataBit)
    HardFault_Handler                        0x08000db1   Thumb Code     4  stm32f10x_it.o(i.HardFault_Handler)
    Hardware_Init                            0x08000db5   Thumb Code   126  hardware.o(i.Hardware_Init)
    Key_Init                                 0x08000e8d   Thumb Code   306  bsp_key.o(i.Key_Init)
    LCD_Cross                                0x08000fe9   Thumb Code    70  bsp_lcd_ili9341.o(i.LCD_Cross)
    LCD_DisplayDir                           0x08001031   Thumb Code    96  bsp_lcd_ili9341.o(i.LCD_DisplayDir)
    LCD_DrawPoint                            0x08001095   Thumb Code    32  bsp_lcd_ili9341.o(i.LCD_DrawPoint)
    LCD_Fill                                 0x080010b5   Thumb Code    90  bsp_lcd_ili9341.o(i.LCD_Fill)
    LCD_GUI                                  0x08001119   Thumb Code   974  bsp_lcd_ili9341.o(i.LCD_GUI)
    LCD_Init                                 0x080015f5   Thumb Code   902  bsp_lcd_ili9341.o(i.LCD_Init)
    LCD_Line                                 0x080019b1   Thumb Code   172  bsp_lcd_ili9341.o(i.LCD_Line)
    LCD_String                               0x08001a5d   Thumb Code   146  bsp_lcd_ili9341.o(i.LCD_String)
    Led_Init                                 0x08001af5   Thumb Code    92  bsp_led.o(i.Led_Init)
    MemManage_Handler                        0x08001b79   Thumb Code     4  stm32f10x_it.o(i.MemManage_Handler)
    NMI_Handler                              0x08001b7d   Thumb Code     2  stm32f10x_it.o(i.NMI_Handler)
    NVIC_Init                                0x08001b81   Thumb Code   100  misc.o(i.NVIC_Init)
    NVIC_PriorityGroupConfig                 0x08001bf1   Thumb Code    10  misc.o(i.NVIC_PriorityGroupConfig)
    PendSV_Handler                           0x08001c05   Thumb Code     2  stm32f10x_it.o(i.PendSV_Handler)
    RCC_APB1PeriphClockCmd                   0x08001c09   Thumb Code    26  stm32f10x_rcc.o(i.RCC_APB1PeriphClockCmd)
    RCC_APB1PeriphResetCmd                   0x08001c29   Thumb Code    26  stm32f10x_rcc.o(i.RCC_APB1PeriphResetCmd)
    RCC_APB2PeriphClockCmd                   0x08001c49   Thumb Code    26  stm32f10x_rcc.o(i.RCC_APB2PeriphClockCmd)
    RCC_APB2PeriphResetCmd                   0x08001c69   Thumb Code    26  stm32f10x_rcc.o(i.RCC_APB2PeriphResetCmd)
    RCC_GetClocksFreq                        0x08001c89   Thumb Code   192  stm32f10x_rcc.o(i.RCC_GetClocksFreq)
    SVC_Handler                              0x08001d5d   Thumb Code     2  stm32f10x_it.o(i.SVC_Handler)
    Scheduler_Run                            0x08001d61   Thumb Code   152  scheduler.o(i.Scheduler_Run)
    Scheduler_TickCnt                        0x08001e19   Thumb Code    82  scheduler.o(i.Scheduler_TickCnt)
    SysTick_Handler                          0x08001e8d   Thumb Code    26  system_f103.o(i.SysTick_Handler)
    SystemCoreClockUpdate                    0x08001ead   Thumb Code   142  system_stm32f10x.o(i.SystemCoreClockUpdate)
    SystemInit                               0x08001f51   Thumb Code   246  system_stm32f10x.o(i.SystemInit)
    System_SwdMode                           0x08002059   Thumb Code    36  system_f103.o(i.System_SwdMode)
    System_SysTickInit                       0x08002085   Thumb Code    76  system_f103.o(i.System_SysTickInit)
    UART4_IRQHandler                         0x080020fd   Thumb Code   194  bsp_usart.o(i.UART4_IRQHandler)
    UART4_Init                               0x080021e1   Thumb Code   220  bsp_usart.o(i.UART4_Init)
    UART4_SendData                           0x08002305   Thumb Code    58  bsp_usart.o(i.UART4_SendData)
    UART4_SendString                         0x0800234d   Thumb Code    32  bsp_usart.o(i.UART4_SendString)
    UART5_IRQHandler                         0x0800236d   Thumb Code   180  bsp_usart.o(i.UART5_IRQHandler)
    USART1_IRQHandler                        0x08002441   Thumb Code   192  bsp_usart.o(i.USART1_IRQHandler)
    USART1_Init                              0x0800251d   Thumb Code   222  bsp_usart.o(i.USART1_Init)
    USART1_SendData                          0x08002681   Thumb Code    58  bsp_usart.o(i.USART1_SendData)
    USART1_SendString                        0x080026c9   Thumb Code    32  bsp_usart.o(i.USART1_SendString)
    USART2_IRQHandler                        0x080026e9   Thumb Code   194  bsp_usart.o(i.USART2_IRQHandler)
    USART3_IRQHandler                        0x080027cd   Thumb Code   194  bsp_usart.o(i.USART3_IRQHandler)
    USART_Cmd                                0x080028b1   Thumb Code    24  stm32f10x_usart.o(i.USART_Cmd)
    USART_DeInit                             0x080028c9   Thumb Code   134  stm32f10x_usart.o(i.USART_DeInit)
    USART_ITConfig                           0x08002965   Thumb Code    74  stm32f10x_usart.o(i.USART_ITConfig)
    USART_Init                               0x080029b1   Thumb Code   210  stm32f10x_usart.o(i.USART_Init)
    USB_LP_CAN1_RX0_IRQHandler               0x08002a89   Thumb Code    22  bsp_can.o(i.USB_LP_CAN1_RX0_IRQHandler)
    UsageFault_Handler                       0x08002aa9   Thumb Code     4  stm32f10x_it.o(i.UsageFault_Handler)
    W25qx_Init                               0x08002aad   Thumb Code   110  bsp_w25qxx.o(i.W25qx_Init)
    W25qxx_ReadBuffer                        0x08002b2d   Thumb Code    90  bsp_w25qxx.o(i.W25qxx_ReadBuffer)
    W25qxx_ReadGBK                           0x08002b91   Thumb Code   226  bsp_w25qxx.o(i.W25qxx_ReadGBK)
    W25qxx_WriteBuffer                       0x08002c81   Thumb Code   166  bsp_w25qxx.o(i.W25qxx_WriteBuffer)
    XPT2046_Cmd                              0x08002d95   Thumb Code    18  bsp_xpt2046.o(i.XPT2046_Cmd)
    XPT2046_Init                             0x08002dad   Thumb Code   234  bsp_xpt2046.o(i.XPT2046_Init)
    XPT2046_ReCalibration                    0x08002ea9   Thumb Code  1214  bsp_xpt2046.o(i.XPT2046_ReCalibration)
    XPT2046_TouchDown                        0x080033d5   Thumb Code    18  bsp_xpt2046.o(i.XPT2046_TouchDown)
    XPT2046_TouchHandler                     0x080033ed   Thumb Code    42  bsp_xpt2046.o(i.XPT2046_TouchHandler)
    XPT2046_TouchUp                          0x0800341d   Thumb Code     2  bsp_xpt2046.o(i.XPT2046_TouchUp)
    __0printf$8                              0x08003421   Thumb Code    22  printf8.o(i.__0printf$8)
    __1printf$8                              0x08003421   Thumb Code     0  printf8.o(i.__0printf$8)
    __2printf                                0x08003421   Thumb Code     0  printf8.o(i.__0printf$8)
    __0sprintf$8                             0x08003441   Thumb Code    34  printf8.o(i.__0sprintf$8)
    __1sprintf$8                             0x08003441   Thumb Code     0  printf8.o(i.__0sprintf$8)
    __2sprintf                               0x08003441   Thumb Code     0  printf8.o(i.__0sprintf$8)
    __scatterload_copy                       0x08003469   Thumb Code    14  handlers.o(i.__scatterload_copy)
    __scatterload_null                       0x08003477   Thumb Code     2  handlers.o(i.__scatterload_null)
    __scatterload_zeroinit                   0x08003479   Thumb Code    14  handlers.o(i.__scatterload_zeroinit)
    drawAscii                                0x08003ab1   Thumb Code   266  bsp_lcd_ili9341.o(i.drawAscii)
    drawGBK                                  0x08003bd1   Thumb Code   174  bsp_lcd_ili9341.o(i.drawGBK)
    fputc                                    0x08003cd5   Thumb Code    24  bsp_usart.o(i.fputc)
    main                                     0x08003cf1   Thumb Code    20  main.o(i.main)
    readData                                 0x08003e41   Thumb Code    74  bsp_lcd_ili9341.o(i.readData)
    sendDataShort                            0x080041ed   Thumb Code    28  bsp_lcd_ili9341.o(i.sendDataShort)
    sendOrder                                0x08004211   Thumb Code    28  bsp_lcd_ili9341.o(i.sendOrder)
    setCursor                                0x08004235   Thumb Code    76  bsp_lcd_ili9341.o(i.setCursor)
    vTask_1000ms                             0x08004385   Thumb Code     2  scheduler.o(i.vTask_1000ms)
    vTask_100ms                              0x08004389   Thumb Code   282  scheduler.o(i.vTask_100ms)
    vTask_10ms                               0x0800457d   Thumb Code     2  scheduler.o(i.vTask_10ms)
    vTask_1ms                                0x0800457f   Thumb Code     8  scheduler.o(i.vTask_1ms)
    vTask_2ms                                0x08004587   Thumb Code     2  scheduler.o(i.vTask_2ms)
    vTask_500ms                              0x08004589   Thumb Code    14  scheduler.o(i.vTask_500ms)
    vTask_50ms                               0x0800459d   Thumb Code     2  scheduler.o(i.vTask_50ms)
    vTask_5ms                                0x0800459f   Thumb Code     2  scheduler.o(i.vTask_5ms)
    hanzi16                                  0x080047e8   Data         192  bsp_lcd_ili9341.o(.constdata)
    hanzi32                                  0x080048a8   Data           2  bsp_lcd_ili9341.o(.constdata)
    asc2_1206                                0x080048aa   Data        1140  bsp_lcd_ili9341.o(.constdata)
    asc2_1608                                0x08004d1e   Data        1520  bsp_lcd_ili9341.o(.constdata)
    asc2_2412                                0x0800530e   Data        3420  bsp_lcd_ili9341.o(.constdata)
    asc2_3216                                0x0800606a   Data        6080  bsp_lcd_ili9341.o(.constdata)
    imageLoge                                0x0800782a   Data        7200  bsp_lcd_ili9341.o(.constdata)
    Region$$Table$$Base                      0x0800944c   Number         0  anon$$obj.o(Region$$Table)
    Region$$Table$$Limit                     0x0800946c   Number         0  anon$$obj.o(Region$$Table)
    sysTickCnt                               0x20000010   Data           8  system_f103.o(.data)
    __stdout                                 0x20000038   Data           4  bsp_usart.o(.data)
    AHBPrescTable                            0x20000054   Data          16  system_stm32f10x.o(.data)
    SystemCoreClock                          0x20000064   Data           4  system_stm32f10x.o(.data)
    xUSART                                   0x200000ea   Data        1300  bsp_usart.o(.bss)
    xW25Qxx                                  0x20000ffe   Data          26  bsp_w25qxx.o(.bss)
    W25QXX_buffer                            0x20001018   Data        4096  bsp_w25qxx.o(.bss)
    xLCD                                     0x20002018   Data          10  bsp_lcd_ili9341.o(.bss)
    xXPT2046                                 0x20002024   Data          36  bsp_xpt2046.o(.bss)
    xCAN                                     0x20002848   Data          44  bsp_can.o(.bss)
    __initial_sp                             0x20002c78   Data           0  startup_stm32f10x_hd.o(STACK)



==============================================================================

Memory Map of the image

  Image Entry point : 0x08000131

  Load Region LR_IROM1 (Base: 0x08000000, Size: 0x000094e8, Max: 0x00040000, ABSOLUTE)

    Execution Region ER_IROM1 (Exec base: 0x08000000, Load base: 0x08000000, Size: 0x0000946c, Max: 0x00040000, ABSOLUTE)

    Exec Addr    Load Addr    Size         Type   Attr      Idx    E Section Name        Object

    0x08000000   0x08000000   0x00000130   Data   RO         1070    RESET               startup_stm32f10x_hd.o
    0x08000130   0x08000130   0x00000000   Code   RO         4096  * .ARM.Collect$$$$00000000  mc_w.l(entry.o)
    0x08000130   0x08000130   0x00000004   Code   RO         4382    .ARM.Collect$$$$00000001  mc_w.l(entry2.o)
    0x08000134   0x08000134   0x00000004   Code   RO         4385    .ARM.Collect$$$$00000004  mc_w.l(entry5.o)
    0x08000138   0x08000138   0x00000000   Code   RO         4387    .ARM.Collect$$$$00000008  mc_w.l(entry7b.o)
    0x08000138   0x08000138   0x00000000   Code   RO         4389    .ARM.Collect$$$$0000000A  mc_w.l(entry8b.o)
    0x08000138   0x08000138   0x00000008   Code   RO         4390    .ARM.Collect$$$$0000000B  mc_w.l(entry9a.o)
    0x08000140   0x08000140   0x00000000   Code   RO         4392    .ARM.Collect$$$$0000000D  mc_w.l(entry10a.o)
    0x08000140   0x08000140   0x00000000   Code   RO         4394    .ARM.Collect$$$$0000000F  mc_w.l(entry11a.o)
    0x08000140   0x08000140   0x00000004   Code   RO         4383    .ARM.Collect$$$$00002712  mc_w.l(entry2.o)
    0x08000144   0x08000144   0x00000024   Code   RO         1071    .text               startup_stm32f10x_hd.o
    0x08000168   0x08000168   0x00000024   Code   RO         4099    .text               mc_w.l(memcpya.o)
    0x0800018c   0x0800018c   0x00000024   Code   RO         4101    .text               mc_w.l(memseta.o)
    0x080001b0   0x080001b0   0x0000001c   Code   RO         4103    .text               mc_w.l(strcmp.o)
    0x080001cc   0x080001cc   0x000000b0   Code   RO         4368    .text               mf_w.l(fadd.o)
    0x0800027c   0x0800027c   0x00000064   Code   RO         4370    .text               mf_w.l(fmul.o)
    0x080002e0   0x080002e0   0x0000007c   Code   RO         4372    .text               mf_w.l(fdiv.o)
    0x0800035c   0x0800035c   0x00000012   Code   RO         4374    .text               mf_w.l(fflti.o)
    0x0800036e   0x0800036e   0x0000000a   Code   RO         4376    .text               mf_w.l(ffltui.o)
    0x08000378   0x08000378   0x00000032   Code   RO         4378    .text               mf_w.l(ffixi.o)
    0x080003aa   0x080003aa   0x00000062   Code   RO         4398    .text               mc_w.l(uldiv.o)
    0x0800040c   0x0800040c   0x00000000   Code   RO         4400    .text               mc_w.l(iusefp.o)
    0x0800040c   0x0800040c   0x0000006e   Code   RO         4401    .text               mf_w.l(fepilogue.o)
    0x0800047a   0x0800047a   0x00000002   PAD
    0x0800047c   0x0800047c   0x00000024   Code   RO         4413    .text               mc_w.l(init.o)
    0x080004a0   0x080004a0   0x0000001e   Code   RO         4415    .text               mc_w.l(llshl.o)
    0x080004be   0x080004be   0x00000020   Code   RO         4417    .text               mc_w.l(llushr.o)
    0x080004de   0x080004de   0x00000004   Code   RO          168    i.BusFault_Handler  stm32f10x_it.o
    0x080004e2   0x080004e2   0x00000002   PAD
    0x080004e4   0x080004e4   0x00000124   Code   RO         1032    i.CAN1_Config       bsp_can.o
    0x08000608   0x08000608   0x00000068   Code   RO         1034    i.CAN1_SendData     bsp_can.o
    0x08000670   0x08000670   0x00000108   Code   RO         1471    i.CAN_FilterInit    stm32f10x_can.o
    0x08000778   0x08000778   0x00000012   Code   RO         1477    i.CAN_ITConfig      stm32f10x_can.o
    0x0800078a   0x0800078a   0x00000114   Code   RO         1478    i.CAN_Init          stm32f10x_can.o
    0x0800089e   0x0800089e   0x000000f0   Code   RO         1481    i.CAN_Receive       stm32f10x_can.o
    0x0800098e   0x0800098e   0x00000126   Code   RO         1486    i.CAN_Transmit      stm32f10x_can.o
    0x08000ab4   0x08000ab4   0x00000002   Code   RO          169    i.DebugMon_Handler  stm32f10x_it.o
    0x08000ab6   0x08000ab6   0x00000002   PAD
    0x08000ab8   0x08000ab8   0x00000054   Code   RO          464    i.EXTI0_IRQHandler  bsp_key.o
    0x08000b0c   0x08000b0c   0x00000054   Code   RO          465    i.EXTI1_IRQHandler  bsp_key.o
    0x08000b60   0x08000b60   0x00000054   Code   RO          466    i.EXTI4_IRQHandler  bsp_key.o
    0x08000bb4   0x08000bb4   0x00000094   Code   RO         1932    i.EXTI_Init         stm32f10x_exti.o
    0x08000c48   0x08000c48   0x00000040   Code   RO         2277    i.GPIO_EXTILineConfig  stm32f10x_gpio.o
    0x08000c88   0x08000c88   0x00000116   Code   RO         2280    i.GPIO_Init         stm32f10x_gpio.o
    0x08000d9e   0x08000d9e   0x00000012   Code   RO         2284    i.GPIO_ReadInputDataBit  stm32f10x_gpio.o
    0x08000db0   0x08000db0   0x00000004   Code   RO          170    i.HardFault_Handler  stm32f10x_it.o
    0x08000db4   0x08000db4   0x000000d8   Code   RO          151    i.Hardware_Init     hardware.o
    0x08000e8c   0x08000e8c   0x0000015c   Code   RO          467    i.Key_Init          bsp_key.o
    0x08000fe8   0x08000fe8   0x00000046   Code   RO          765    i.LCD_Cross         bsp_lcd_ili9341.o
    0x0800102e   0x0800102e   0x00000002   PAD
    0x08001030   0x08001030   0x00000064   Code   RO          766    i.LCD_DisplayDir    bsp_lcd_ili9341.o
    0x08001094   0x08001094   0x00000020   Code   RO          769    i.LCD_DrawPoint     bsp_lcd_ili9341.o
    0x080010b4   0x080010b4   0x00000064   Code   RO          770    i.LCD_Fill          bsp_lcd_ili9341.o
    0x08001118   0x08001118   0x000004dc   Code   RO          771    i.LCD_GUI           bsp_lcd_ili9341.o
    0x080015f4   0x080015f4   0x000003bc   Code   RO          773    i.LCD_Init          bsp_lcd_ili9341.o
    0x080019b0   0x080019b0   0x000000ac   Code   RO          774    i.LCD_Line          bsp_lcd_ili9341.o
    0x08001a5c   0x08001a5c   0x00000098   Code   RO          777    i.LCD_String        bsp_lcd_ili9341.o
    0x08001af4   0x08001af4   0x00000084   Code   RO          449    i.Led_Init          bsp_led.o
    0x08001b78   0x08001b78   0x00000004   Code   RO          171    i.MemManage_Handler  stm32f10x_it.o
    0x08001b7c   0x08001b7c   0x00000002   Code   RO          172    i.NMI_Handler       stm32f10x_it.o
    0x08001b7e   0x08001b7e   0x00000002   PAD
    0x08001b80   0x08001b80   0x00000070   Code   RO         1129    i.NVIC_Init         misc.o
    0x08001bf0   0x08001bf0   0x00000014   Code   RO         1130    i.NVIC_PriorityGroupConfig  misc.o
    0x08001c04   0x08001c04   0x00000002   Code   RO          173    i.PendSV_Handler    stm32f10x_it.o
    0x08001c06   0x08001c06   0x00000002   PAD
    0x08001c08   0x08001c08   0x00000020   Code   RO         2696    i.RCC_APB1PeriphClockCmd  stm32f10x_rcc.o
    0x08001c28   0x08001c28   0x00000020   Code   RO         2697    i.RCC_APB1PeriphResetCmd  stm32f10x_rcc.o
    0x08001c48   0x08001c48   0x00000020   Code   RO         2698    i.RCC_APB2PeriphClockCmd  stm32f10x_rcc.o
    0x08001c68   0x08001c68   0x00000020   Code   RO         2699    i.RCC_APB2PeriphResetCmd  stm32f10x_rcc.o
    0x08001c88   0x08001c88   0x000000d4   Code   RO         2706    i.RCC_GetClocksFreq  stm32f10x_rcc.o
    0x08001d5c   0x08001d5c   0x00000002   Code   RO          174    i.SVC_Handler       stm32f10x_it.o
    0x08001d5e   0x08001d5e   0x00000002   PAD
    0x08001d60   0x08001d60   0x000000b8   Code   RO          226    i.Scheduler_Run     scheduler.o
    0x08001e18   0x08001e18   0x00000074   Code   RO          227    i.Scheduler_TickCnt  scheduler.o
    0x08001e8c   0x08001e8c   0x00000020   Code   RO          305    i.SysTick_Handler   system_f103.o
    0x08001eac   0x08001eac   0x000000a4   Code   RO         1086    i.SystemCoreClockUpdate  system_stm32f10x.o
    0x08001f50   0x08001f50   0x00000108   Code   RO         1087    i.SystemInit        system_stm32f10x.o
    0x08002058   0x08002058   0x0000002c   Code   RO          321    i.System_SwdMode    system_f103.o
    0x08002084   0x08002084   0x00000078   Code   RO          322    i.System_SysTickInit  system_f103.o
    0x080020fc   0x080020fc   0x000000e4   Code   RO          498    i.UART4_IRQHandler  bsp_usart.o
    0x080021e0   0x080021e0   0x00000124   Code   RO          499    i.UART4_Init        bsp_usart.o
    0x08002304   0x08002304   0x00000048   Code   RO          500    i.UART4_SendData    bsp_usart.o
    0x0800234c   0x0800234c   0x00000020   Code   RO          501    i.UART4_SendString  bsp_usart.o
    0x0800236c   0x0800236c   0x000000d4   Code   RO          503    i.UART5_IRQHandler  bsp_usart.o
    0x08002440   0x08002440   0x000000dc   Code   RO          508    i.USART1_IRQHandler  bsp_usart.o
    0x0800251c   0x0800251c   0x00000164   Code   RO          509    i.USART1_Init       bsp_usart.o
    0x08002680   0x08002680   0x00000048   Code   RO          510    i.USART1_SendData   bsp_usart.o
    0x080026c8   0x080026c8   0x00000020   Code   RO          511    i.USART1_SendString  bsp_usart.o
    0x080026e8   0x080026e8   0x000000e4   Code   RO          514    i.USART2_IRQHandler  bsp_usart.o
    0x080027cc   0x080027cc   0x000000e4   Code   RO          519    i.USART3_IRQHandler  bsp_usart.o
    0x080028b0   0x080028b0   0x00000018   Code   RO         3866    i.USART_Cmd         stm32f10x_usart.o
    0x080028c8   0x080028c8   0x0000009c   Code   RO         3868    i.USART_DeInit      stm32f10x_usart.o
    0x08002964   0x08002964   0x0000004a   Code   RO         3872    i.USART_ITConfig    stm32f10x_usart.o
    0x080029ae   0x080029ae   0x00000002   PAD
    0x080029b0   0x080029b0   0x000000d8   Code   RO         3873    i.USART_Init        stm32f10x_usart.o
    0x08002a88   0x08002a88   0x00000020   Code   RO         1035    i.USB_LP_CAN1_RX0_IRQHandler  bsp_can.o
    0x08002aa8   0x08002aa8   0x00000004   Code   RO          175    i.UsageFault_Handler  stm32f10x_it.o
    0x08002aac   0x08002aac   0x00000080   Code   RO          682    i.W25qx_Init        bsp_w25qxx.o
    0x08002b2c   0x08002b2c   0x00000064   Code   RO          683    i.W25qxx_ReadBuffer  bsp_w25qxx.o
    0x08002b90   0x08002b90   0x000000f0   Code   RO          684    i.W25qxx_ReadGBK    bsp_w25qxx.o
    0x08002c80   0x08002c80   0x000000e4   Code   RO          685    i.W25qxx_WriteBuffer  bsp_w25qxx.o
    0x08002d64   0x08002d64   0x00000030   Code   RO          686    i.WaitReady         bsp_w25qxx.o
    0x08002d94   0x08002d94   0x00000018   Code   RO          922    i.XPT2046_Cmd       bsp_xpt2046.o
    0x08002dac   0x08002dac   0x000000fc   Code   RO          924    i.XPT2046_Init      bsp_xpt2046.o
    0x08002ea8   0x08002ea8   0x0000052c   Code   RO          925    i.XPT2046_ReCalibration  bsp_xpt2046.o
    0x080033d4   0x080033d4   0x00000018   Code   RO          926    i.XPT2046_TouchDown  bsp_xpt2046.o
    0x080033ec   0x080033ec   0x00000030   Code   RO          927    i.XPT2046_TouchHandler  bsp_xpt2046.o
    0x0800341c   0x0800341c   0x00000002   Code   RO          928    i.XPT2046_TouchUp   bsp_xpt2046.o
    0x0800341e   0x0800341e   0x00000002   PAD
    0x08003420   0x08003420   0x00000020   Code   RO         4314    i.__0printf$8       mc_w.l(printf8.o)
    0x08003440   0x08003440   0x00000028   Code   RO         4316    i.__0sprintf$8      mc_w.l(printf8.o)
    0x08003468   0x08003468   0x0000000e   Code   RO         4425    i.__scatterload_copy  mc_w.l(handlers.o)
    0x08003476   0x08003476   0x00000002   Code   RO         4426    i.__scatterload_null  mc_w.l(handlers.o)
    0x08003478   0x08003478   0x0000000e   Code   RO         4427    i.__scatterload_zeroinit  mc_w.l(handlers.o)
    0x08003486   0x08003486   0x00000002   PAD
    0x08003488   0x08003488   0x00000410   Code   RO         4321    i._printf_core      mc_w.l(printf8.o)
    0x08003898   0x08003898   0x00000024   Code   RO         4322    i._printf_post_padding  mc_w.l(printf8.o)
    0x080038bc   0x080038bc   0x0000002e   Code   RO         4323    i._printf_pre_padding  mc_w.l(printf8.o)
    0x080038ea   0x080038ea   0x0000000a   Code   RO         4325    i._sputc            mc_w.l(printf8.o)
    0x080038f4   0x080038f4   0x000000cc   Code   RO          929    i.adcXYToLcdXY      bsp_xpt2046.o
    0x080039c0   0x080039c0   0x000000a4   Code   RO          687    i.checkFlagGBKStorage  bsp_w25qxx.o
    0x08003a64   0x08003a64   0x00000012   Code   RO          778    i.delayMS           bsp_lcd_ili9341.o
    0x08003a76   0x08003a76   0x0000001e   Code   RO          930    i.delayUS           bsp_xpt2046.o
    0x08003a94   0x08003a94   0x0000001a   Code   RO          688    i.delay_us          bsp_w25qxx.o
    0x08003aae   0x08003aae   0x00000002   PAD
    0x08003ab0   0x08003ab0   0x00000120   Code   RO          779    i.drawAscii         bsp_lcd_ili9341.o
    0x08003bd0   0x08003bd0   0x000000ae   Code   RO          780    i.drawGBK           bsp_lcd_ili9341.o
    0x08003c7e   0x08003c7e   0x00000002   PAD
    0x08003c80   0x08003c80   0x00000054   Code   RO          689    i.eraseSector       bsp_w25qxx.o
    0x08003cd4   0x08003cd4   0x0000001c   Code   RO          524    i.fputc             bsp_usart.o
    0x08003cf0   0x08003cf0   0x00000014   Code   RO            1    i.main              main.o
    0x08003d04   0x08003d04   0x00000028   Code   RO          931    i.readADC_X         bsp_xpt2046.o
    0x08003d2c   0x08003d2c   0x00000028   Code   RO          932    i.readADC_Y         bsp_xpt2046.o
    0x08003d54   0x08003d54   0x000000ec   Code   RO          933    i.readAdcXY         bsp_xpt2046.o
    0x08003e40   0x08003e40   0x00000054   Code   RO          782    i.readData          bsp_lcd_ili9341.o
    0x08003e94   0x08003e94   0x0000022c   Code   RO          690    i.readID            bsp_w25qxx.o
    0x080040c0   0x080040c0   0x00000040   Code   RO          934    i.readInteriorFlash  bsp_xpt2046.o
    0x08004100   0x08004100   0x00000058   Code   RO          935    i.receiveData       bsp_xpt2046.o
    0x08004158   0x08004158   0x0000004c   Code   RO          691    i.sendByte          bsp_w25qxx.o
    0x080041a4   0x080041a4   0x00000048   Code   RO          936    i.sendCMD           bsp_xpt2046.o
    0x080041ec   0x080041ec   0x00000024   Code   RO          784    i.sendDataShort     bsp_lcd_ili9341.o
    0x08004210   0x08004210   0x00000024   Code   RO          785    i.sendOrder         bsp_lcd_ili9341.o
    0x08004234   0x08004234   0x0000004c   Code   RO          786    i.setCursor         bsp_lcd_ili9341.o
    0x08004280   0x08004280   0x00000058   Code   RO          692    i.spiInit           bsp_w25qxx.o
    0x080042d8   0x080042d8   0x000000ac   Code   RO          937    i.touchDetect       bsp_xpt2046.o
    0x08004384   0x08004384   0x00000002   Code   RO          228    i.vTask_1000ms      scheduler.o
    0x08004386   0x08004386   0x00000002   PAD
    0x08004388   0x08004388   0x000001f4   Code   RO          229    i.vTask_100ms       scheduler.o
    0x0800457c   0x0800457c   0x00000002   Code   RO          230    i.vTask_10ms        scheduler.o
    0x0800457e   0x0800457e   0x00000008   Code   RO          231    i.vTask_1ms         scheduler.o
    0x08004586   0x08004586   0x00000002   Code   RO          232    i.vTask_2ms         scheduler.o
    0x08004588   0x08004588   0x00000014   Code   RO          233    i.vTask_500ms       scheduler.o
    0x0800459c   0x0800459c   0x00000002   Code   RO          234    i.vTask_50ms        scheduler.o
    0x0800459e   0x0800459e   0x00000002   Code   RO          235    i.vTask_5ms         scheduler.o
    0x080045a0   0x080045a0   0x00000024   Code   RO          938    i.waitForFlashBSY   bsp_xpt2046.o
    0x080045c4   0x080045c4   0x00000020   Code   RO          693    i.writeEnable       bsp_w25qxx.o
    0x080045e4   0x080045e4   0x0000017c   Code   RO          939    i.writeInteriorFlash  bsp_xpt2046.o
    0x08004760   0x08004760   0x00000088   Code   RO          694    i.writeSector       bsp_w25qxx.o
    0x080047e8   0x080047e8   0x00004c62   Data   RO          788    .constdata          bsp_lcd_ili9341.o
    0x0800944a   0x0800944a   0x00000002   PAD
    0x0800944c   0x0800944c   0x00000020   Data   RO         4423    Region$$Table       anon$$obj.o


    Execution Region RW_IRAM1 (Exec base: 0x20000000, Load base: 0x0800946c, Size: 0x00002c78, Max: 0x0000c000, ABSOLUTE)

    Exec Addr    Load Addr    Size         Type   Attr      Idx    E Section Name        Object

    0x20000000   0x0800946c   0x00000010   Data   RW          237    .data               scheduler.o
    0x20000010   0x0800947c   0x0000001a   Data   RW          328    .data               system_f103.o
    0x2000002a   0x08009496   0x00000002   PAD
    0x2000002c   0x08009498   0x0000001c   Data   RW          526    .data               bsp_usart.o
    0x20000048   0x080094b4   0x0000000c   Data   RW          941    .data               bsp_xpt2046.o
    0x20000054   0x080094c0   0x00000014   Data   RW         1088    .data               system_stm32f10x.o
    0x20000068   0x080094d4   0x00000014   Data   RW         2726    .data               stm32f10x_rcc.o
    0x2000007c        -       0x0000006d   Zero   RW          236    .bss                scheduler.o
    0x200000e9   0x080094e8   0x00000001   PAD
    0x200000ea        -       0x00000f14   Zero   RW          525    .bss                bsp_usart.o
    0x20000ffe        -       0x0000101a   Zero   RW          695    .bss                bsp_w25qxx.o
    0x20002018        -       0x0000000a   Zero   RW          787    .bss                bsp_lcd_ili9341.o
    0x20002022   0x080094e8   0x00000002   PAD
    0x20002024        -       0x00000824   Zero   RW          940    .bss                bsp_xpt2046.o
    0x20002848        -       0x0000002c   Zero   RW         1036    .bss                bsp_can.o
    0x20002874   0x080094e8   0x00000004   PAD
    0x20002878        -       0x00000400   Zero   RW         1068    STACK               startup_stm32f10x_hd.o


==============================================================================

Image component sizes


      Code (inc. data)   RO Data    RW Data    ZI Data      Debug   Object Name

       428         64          0          0         44       3598   bsp_can.o
       600        162          0          0          0       2580   bsp_key.o
      3538        392      19554          0         10      16379   bsp_lcd_ili9341.o
       132         40          0          0          0        639   bsp_led.o
      2000        400          0         28       3860      12994   bsp_usart.o
      1906        438          0          0       4122      11683   bsp_w25qxx.o
      3036        324          0         12       2084      16177   bsp_xpt2046.o
       216         90          0          0          0        652   hardware.o
        20          0          0          0          0     244371   main.o
       132         22          0          0          0       1875   misc.o
       838        290          0         16        109       6349   scheduler.o
        36          8        304          0       1024        940   startup_stm32f10x_hd.o
      1092          6          0          0          0       5052   stm32f10x_can.o
       148          6          0          0          0       1208   stm32f10x_exti.o
       360          4          0          0          0       3662   stm32f10x_gpio.o
        24          0          0          0          0       4348   stm32f10x_it.o
       340         44          0         20          0       6384   stm32f10x_rcc.o
       470         28          0          0          0       4869   stm32f10x_usart.o
       196         58          0         26          0       7676   system_f103.o
       428         40          0         20          0     205637   system_stm32f10x.o

    ----------------------------------------------------------------------
     15962       2416      19892        124      11260     557073   Object Totals
         0          0         32          0          0          0   (incl. Generated)
        22          0          2          2          7          0   (incl. Padding)

    ----------------------------------------------------------------------

      Code (inc. data)   RO Data    RW Data    ZI Data      Debug   Library Member Name

         0          0          0          0          0          0   entry.o
         0          0          0          0          0          0   entry10a.o
         0          0          0          0          0          0   entry11a.o
         8          4          0          0          0          0   entry2.o
         4          0          0          0          0          0   entry5.o
         0          0          0          0          0          0   entry7b.o
         0          0          0          0          0          0   entry8b.o
         8          4          0          0          0          0   entry9a.o
        30          0          0          0          0          0   handlers.o
        36          8          0          0          0         68   init.o
         0          0          0          0          0          0   iusefp.o
        30          0          0          0          0         68   llshl.o
        32          0          0          0          0         68   llushr.o
        36          0          0          0          0         68   memcpya.o
        36          0          0          0          0        108   memseta.o
      1204         60          0          0          0        504   printf8.o
        28          0          0          0          0         76   strcmp.o
        98          0          0          0          0         92   uldiv.o
       176          0          0          0          0        140   fadd.o
       124          0          0          0          0         88   fdiv.o
       110          0          0          0          0        168   fepilogue.o
        50          0          0          0          0         68   ffixi.o
        18          0          0          0          0         68   fflti.o
        10          0          0          0          0         68   ffltui.o
       100          0          0          0          0         76   fmul.o

    ----------------------------------------------------------------------
      2142         76          0          0          0       1728   Library Totals
         4          0          0          0          0          0   (incl. Padding)

    ----------------------------------------------------------------------

      Code (inc. data)   RO Data    RW Data    ZI Data      Debug   Library Name

      1550         76          0          0          0       1052   mc_w.l
       588          0          0          0          0        676   mf_w.l

    ----------------------------------------------------------------------
      2142         76          0          0          0       1728   Library Totals

    ----------------------------------------------------------------------

==============================================================================


      Code (inc. data)   RO Data    RW Data    ZI Data      Debug   

     18104       2492      19892        124      11260     552557   Grand Totals
     18104       2492      19892        124      11260     552557   ELF Image Totals
     18104       2492      19892        124          0          0   ROM Totals

==============================================================================

    Total RO  Size (Code + RO Data)                37996 (  37.11kB)
    Total RW  Size (RW Data + ZI Data)             11384 (  11.12kB)
    Total ROM Size (Code + RO Data + RW Data)      38120 (  37.23kB)

==============================================================================

