Component: ARM Compiler 5.06 update 6 (build 750) Tool: armlink [4d35ed]

==============================================================================

Section Cross References

    main.o(.text) refers to misc.o(.text) for NVIC_PriorityGroupConfig
    main.o(.text) refers to system_f103.o(.text) for System_SwdMode
    main.o(.text) refers to bsp_usart.o(.text) for USART1_Init
    main.o(.text) refers to bsp_led.o(.text) for Led_Init
    main.o(.text) refers to bsp_key.o(.text) for Key_Init
    main.o(.text) refers to bsp_rs485.o(.text) for RS485_Init
    main.o(.text) refers to printf6.o(i.__0printf$6) for __2printf
    main.o(.text) refers to strstr.o(.text) for strstr
    main.o(.text) refers to bsp_usart.o(.bss) for xUSART
    main.o(.text) refers to bsp_rs485.o(.bss) for xRS485
    bsp_led.o(.text) refers to stm32f10x_rcc.o(.text) for RCC_APB2PeriphClockCmd
    bsp_led.o(.text) refers to stm32f10x_gpio.o(.text) for GPIO_Init
    bsp_led.o(.text) refers to printf6.o(i.__0printf$6) for __2printf
    bsp_key.o(.text) refers to stm32f10x_rcc.o(.text) for RCC_APB2PeriphClockCmd
    bsp_key.o(.text) refers to stm32f10x_gpio.o(.text) for GPIO_Init
    bsp_key.o(.text) refers to misc.o(.text) for NVIC_Init
    bsp_key.o(.text) refers to stm32f10x_exti.o(.text) for EXTI_Init
    bsp_key.o(.text) refers to printf6.o(i.__0printf$6) for __2printf
    bsp_usart.o(.text) refers to stm32f10x_gpio.o(.text) for GPIO_Init
    bsp_usart.o(.text) refers to misc.o(.text) for NVIC_Init
    bsp_usart.o(.text) refers to stm32f10x_usart.o(.text) for USART_DeInit
    bsp_usart.o(.text) refers to printf6.o(i.__0printf$6) for __2printf
    bsp_usart.o(.text) refers to memcpya.o(.text) for __aeabi_memcpy
    bsp_usart.o(.text) refers to memseta.o(.text) for __aeabi_memclr
    bsp_usart.o(.text) refers to bsp_usart.o(.bss) for xUSART
    bsp_usart.o(.text) refers to bsp_usart.o(.data) for cnt
    bsp_rs485.o(.text) refers to memcpya.o(.text) for __aeabi_memcpy
    bsp_rs485.o(.text) refers to bsp_usart.o(.text) for USART1_SendString
    bsp_rs485.o(.text) refers to memseta.o(.text) for __aeabi_memclr4
    bsp_rs485.o(.text) refers to strstr.o(.text) for strstr
    bsp_rs485.o(.text) refers to bsp_rs485.o(.bss) for xRS485
    bsp_rs485.o(.text) refers to bsp_usart.o(.bss) for xUSART
    system_f103.o(.text) refers to system_stm32f10x.o(.text) for SystemCoreClockUpdate
    system_f103.o(.text) refers to printf6.o(i.__0printf$6) for __2printf
    system_f103.o(.text) refers to ffltui.o(.text) for __aeabi_ui2f
    system_f103.o(.text) refers to fmul.o(.text) for __aeabi_fmul
    system_f103.o(.text) refers to fadd.o(.text) for __aeabi_fadd
    system_f103.o(.text) refers to ffixui.o(.text) for __aeabi_f2uiz
    system_f103.o(.text) refers to system_stm32f10x.o(.data) for SystemCoreClock
    system_f103.o(.text) refers to system_f103.o(.data) for sysTickCnt
    system_f103.o(.text) refers to system_f103.o(.bss) for sectorbufferTemp
    startup_stm32f10x_hd.o(RESET) refers to startup_stm32f10x_hd.o(STACK) for __initial_sp
    startup_stm32f10x_hd.o(RESET) refers to startup_stm32f10x_hd.o(.text) for Reset_Handler
    startup_stm32f10x_hd.o(RESET) refers to stm32f10x_it.o(.text) for NMI_Handler
    startup_stm32f10x_hd.o(RESET) refers to system_f103.o(.text) for SysTick_Handler
    startup_stm32f10x_hd.o(RESET) refers to bsp_key.o(.text) for EXTI0_IRQHandler
    startup_stm32f10x_hd.o(RESET) refers to bsp_usart.o(.text) for USART1_IRQHandler
    startup_stm32f10x_hd.o(.text) refers to system_stm32f10x.o(.text) for SystemInit
    startup_stm32f10x_hd.o(.text) refers to entry.o(.ARM.Collect$$$$00000000) for __main
    system_stm32f10x.o(.text) refers to system_stm32f10x.o(.data) for SystemCoreClock
    stm32f10x_adc.o(.text) refers to stm32f10x_rcc.o(.text) for RCC_APB2PeriphResetCmd
    stm32f10x_bkp.o(.text) refers to stm32f10x_rcc.o(.text) for RCC_BackupResetCmd
    stm32f10x_can.o(.text) refers to stm32f10x_rcc.o(.text) for RCC_APB1PeriphResetCmd
    stm32f10x_dac.o(.text) refers to stm32f10x_rcc.o(.text) for RCC_APB1PeriphResetCmd
    stm32f10x_gpio.o(.text) refers to stm32f10x_rcc.o(.text) for RCC_APB2PeriphResetCmd
    stm32f10x_i2c.o(.text) refers to stm32f10x_rcc.o(.text) for RCC_APB1PeriphResetCmd
    stm32f10x_pwr.o(.text) refers to stm32f10x_rcc.o(.text) for RCC_APB1PeriphResetCmd
    stm32f10x_rcc.o(.text) refers to stm32f10x_rcc.o(.data) for APBAHBPrescTable
    stm32f10x_spi.o(.text) refers to stm32f10x_rcc.o(.text) for RCC_APB2PeriphResetCmd
    stm32f10x_tim.o(.text) refers to stm32f10x_rcc.o(.text) for RCC_APB2PeriphResetCmd
    stm32f10x_usart.o(.text) refers to stm32f10x_rcc.o(.text) for RCC_APB2PeriphResetCmd
    stm32f10x_wwdg.o(.text) refers to stm32f10x_rcc.o(.text) for RCC_APB1PeriphResetCmd
    entry.o(.ARM.Collect$$$$00000000) refers (Special) to entry10a.o(.ARM.Collect$$$$0000000D) for __rt_final_cpp
    entry.o(.ARM.Collect$$$$00000000) refers (Special) to entry11a.o(.ARM.Collect$$$$0000000F) for __rt_final_exit
    entry.o(.ARM.Collect$$$$00000000) refers (Special) to entry7b.o(.ARM.Collect$$$$00000008) for _main_clock
    entry.o(.ARM.Collect$$$$00000000) refers (Special) to entry8b.o(.ARM.Collect$$$$0000000A) for _main_cpp_init
    entry.o(.ARM.Collect$$$$00000000) refers (Special) to entry9a.o(.ARM.Collect$$$$0000000B) for _main_init
    entry.o(.ARM.Collect$$$$00000000) refers (Special) to entry5.o(.ARM.Collect$$$$00000004) for _main_scatterload
    entry.o(.ARM.Collect$$$$00000000) refers (Special) to entry2.o(.ARM.Collect$$$$00000001) for _main_stk
    printfb.o(i.__0fprintf$bare) refers to printfb.o(i._printf_core) for _printf_core
    printfb.o(i.__0fprintf$bare) refers to bsp_usart.o(.text) for fputc
    printfb.o(i.__0printf$bare) refers to printfb.o(i._printf_core) for _printf_core
    printfb.o(i.__0printf$bare) refers to bsp_usart.o(.text) for fputc
    printfb.o(i.__0printf$bare) refers to bsp_usart.o(.data) for __stdout
    printfb.o(i.__0snprintf$bare) refers to printfb.o(i._printf_core) for _printf_core
    printfb.o(i.__0snprintf$bare) refers to printfb.o(i._snputc) for _snputc
    printfb.o(i.__0sprintf$bare) refers to printfb.o(i._printf_core) for _printf_core
    printfb.o(i.__0sprintf$bare) refers to printfb.o(i._sputc) for _sputc
    printfb.o(i.__0vfprintf$bare) refers to printfb.o(i._printf_core) for _printf_core
    printfb.o(i.__0vfprintf$bare) refers to bsp_usart.o(.text) for fputc
    printfb.o(i.__0vprintf$bare) refers to printfb.o(i._printf_core) for _printf_core
    printfb.o(i.__0vprintf$bare) refers to bsp_usart.o(.text) for fputc
    printfb.o(i.__0vprintf$bare) refers to bsp_usart.o(.data) for __stdout
    printfb.o(i.__0vsnprintf$bare) refers to printfb.o(i._printf_core) for _printf_core
    printfb.o(i.__0vsnprintf$bare) refers to printfb.o(i._snputc) for _snputc
    printfb.o(i.__0vsprintf$bare) refers to printfb.o(i._printf_core) for _printf_core
    printfb.o(i.__0vsprintf$bare) refers to printfb.o(i._sputc) for _sputc
    printf0.o(i.__0fprintf$0) refers to printf0.o(i._printf_core) for _printf_core
    printf0.o(i.__0fprintf$0) refers to bsp_usart.o(.text) for fputc
    printf0.o(i.__0printf$0) refers to printf0.o(i._printf_core) for _printf_core
    printf0.o(i.__0printf$0) refers to bsp_usart.o(.text) for fputc
    printf0.o(i.__0printf$0) refers to bsp_usart.o(.data) for __stdout
    printf0.o(i.__0snprintf$0) refers to printf0.o(i._printf_core) for _printf_core
    printf0.o(i.__0snprintf$0) refers to printf0.o(i._snputc) for _snputc
    printf0.o(i.__0sprintf$0) refers to printf0.o(i._printf_core) for _printf_core
    printf0.o(i.__0sprintf$0) refers to printf0.o(i._sputc) for _sputc
    printf0.o(i.__0vfprintf$0) refers to printf0.o(i._printf_core) for _printf_core
    printf0.o(i.__0vfprintf$0) refers to bsp_usart.o(.text) for fputc
    printf0.o(i.__0vprintf$0) refers to printf0.o(i._printf_core) for _printf_core
    printf0.o(i.__0vprintf$0) refers to bsp_usart.o(.text) for fputc
    printf0.o(i.__0vprintf$0) refers to bsp_usart.o(.data) for __stdout
    printf0.o(i.__0vsnprintf$0) refers to printf0.o(i._printf_core) for _printf_core
    printf0.o(i.__0vsnprintf$0) refers to printf0.o(i._snputc) for _snputc
    printf0.o(i.__0vsprintf$0) refers to printf0.o(i._printf_core) for _printf_core
    printf0.o(i.__0vsprintf$0) refers to printf0.o(i._sputc) for _sputc
    printf1.o(i.__0fprintf$1) refers to printf1.o(i._printf_core) for _printf_core
    printf1.o(i.__0fprintf$1) refers to bsp_usart.o(.text) for fputc
    printf1.o(i.__0printf$1) refers to printf1.o(i._printf_core) for _printf_core
    printf1.o(i.__0printf$1) refers to bsp_usart.o(.text) for fputc
    printf1.o(i.__0printf$1) refers to bsp_usart.o(.data) for __stdout
    printf1.o(i.__0snprintf$1) refers to printf1.o(i._printf_core) for _printf_core
    printf1.o(i.__0snprintf$1) refers to printf1.o(i._snputc) for _snputc
    printf1.o(i.__0sprintf$1) refers to printf1.o(i._printf_core) for _printf_core
    printf1.o(i.__0sprintf$1) refers to printf1.o(i._sputc) for _sputc
    printf1.o(i.__0vfprintf$1) refers to printf1.o(i._printf_core) for _printf_core
    printf1.o(i.__0vfprintf$1) refers to bsp_usart.o(.text) for fputc
    printf1.o(i.__0vprintf$1) refers to printf1.o(i._printf_core) for _printf_core
    printf1.o(i.__0vprintf$1) refers to bsp_usart.o(.text) for fputc
    printf1.o(i.__0vprintf$1) refers to bsp_usart.o(.data) for __stdout
    printf1.o(i.__0vsnprintf$1) refers to printf1.o(i._printf_core) for _printf_core
    printf1.o(i.__0vsnprintf$1) refers to printf1.o(i._snputc) for _snputc
    printf1.o(i.__0vsprintf$1) refers to printf1.o(i._printf_core) for _printf_core
    printf1.o(i.__0vsprintf$1) refers to printf1.o(i._sputc) for _sputc
    printf1.o(i._printf_core) refers to uidiv.o(.text) for __aeabi_uidivmod
    printf2.o(i.__0fprintf$2) refers to printf2.o(i._printf_core) for _printf_core
    printf2.o(i.__0fprintf$2) refers to bsp_usart.o(.text) for fputc
    printf2.o(i.__0printf$2) refers to printf2.o(i._printf_core) for _printf_core
    printf2.o(i.__0printf$2) refers to bsp_usart.o(.text) for fputc
    printf2.o(i.__0printf$2) refers to bsp_usart.o(.data) for __stdout
    printf2.o(i.__0snprintf$2) refers to printf2.o(i._printf_core) for _printf_core
    printf2.o(i.__0snprintf$2) refers to printf2.o(i._snputc) for _snputc
    printf2.o(i.__0sprintf$2) refers to printf2.o(i._printf_core) for _printf_core
    printf2.o(i.__0sprintf$2) refers to printf2.o(i._sputc) for _sputc
    printf2.o(i.__0vfprintf$2) refers to printf2.o(i._printf_core) for _printf_core
    printf2.o(i.__0vfprintf$2) refers to bsp_usart.o(.text) for fputc
    printf2.o(i.__0vprintf$2) refers to printf2.o(i._printf_core) for _printf_core
    printf2.o(i.__0vprintf$2) refers to bsp_usart.o(.text) for fputc
    printf2.o(i.__0vprintf$2) refers to bsp_usart.o(.data) for __stdout
    printf2.o(i.__0vsnprintf$2) refers to printf2.o(i._printf_core) for _printf_core
    printf2.o(i.__0vsnprintf$2) refers to printf2.o(i._snputc) for _snputc
    printf2.o(i.__0vsprintf$2) refers to printf2.o(i._printf_core) for _printf_core
    printf2.o(i.__0vsprintf$2) refers to printf2.o(i._sputc) for _sputc
    printf3.o(i.__0fprintf$3) refers to printf3.o(i._printf_core) for _printf_core
    printf3.o(i.__0fprintf$3) refers to bsp_usart.o(.text) for fputc
    printf3.o(i.__0printf$3) refers to printf3.o(i._printf_core) for _printf_core
    printf3.o(i.__0printf$3) refers to bsp_usart.o(.text) for fputc
    printf3.o(i.__0printf$3) refers to bsp_usart.o(.data) for __stdout
    printf3.o(i.__0snprintf$3) refers to printf3.o(i._printf_core) for _printf_core
    printf3.o(i.__0snprintf$3) refers to printf3.o(i._snputc) for _snputc
    printf3.o(i.__0sprintf$3) refers to printf3.o(i._printf_core) for _printf_core
    printf3.o(i.__0sprintf$3) refers to printf3.o(i._sputc) for _sputc
    printf3.o(i.__0vfprintf$3) refers to printf3.o(i._printf_core) for _printf_core
    printf3.o(i.__0vfprintf$3) refers to bsp_usart.o(.text) for fputc
    printf3.o(i.__0vprintf$3) refers to printf3.o(i._printf_core) for _printf_core
    printf3.o(i.__0vprintf$3) refers to bsp_usart.o(.text) for fputc
    printf3.o(i.__0vprintf$3) refers to bsp_usart.o(.data) for __stdout
    printf3.o(i.__0vsnprintf$3) refers to printf3.o(i._printf_core) for _printf_core
    printf3.o(i.__0vsnprintf$3) refers to printf3.o(i._snputc) for _snputc
    printf3.o(i.__0vsprintf$3) refers to printf3.o(i._printf_core) for _printf_core
    printf3.o(i.__0vsprintf$3) refers to printf3.o(i._sputc) for _sputc
    printf3.o(i._printf_core) refers to uidiv.o(.text) for __aeabi_uidivmod
    printf4.o(i.__0fprintf$4) refers to printf4.o(i._printf_core) for _printf_core
    printf4.o(i.__0fprintf$4) refers to bsp_usart.o(.text) for fputc
    printf4.o(i.__0printf$4) refers to printf4.o(i._printf_core) for _printf_core
    printf4.o(i.__0printf$4) refers to bsp_usart.o(.text) for fputc
    printf4.o(i.__0printf$4) refers to bsp_usart.o(.data) for __stdout
    printf4.o(i.__0snprintf$4) refers to printf4.o(i._printf_core) for _printf_core
    printf4.o(i.__0snprintf$4) refers to printf4.o(i._snputc) for _snputc
    printf4.o(i.__0sprintf$4) refers to printf4.o(i._printf_core) for _printf_core
    printf4.o(i.__0sprintf$4) refers to printf4.o(i._sputc) for _sputc
    printf4.o(i.__0vfprintf$4) refers to printf4.o(i._printf_core) for _printf_core
    printf4.o(i.__0vfprintf$4) refers to bsp_usart.o(.text) for fputc
    printf4.o(i.__0vprintf$4) refers to printf4.o(i._printf_core) for _printf_core
    printf4.o(i.__0vprintf$4) refers to bsp_usart.o(.text) for fputc
    printf4.o(i.__0vprintf$4) refers to bsp_usart.o(.data) for __stdout
    printf4.o(i.__0vsnprintf$4) refers to printf4.o(i._printf_core) for _printf_core
    printf4.o(i.__0vsnprintf$4) refers to printf4.o(i._snputc) for _snputc
    printf4.o(i.__0vsprintf$4) refers to printf4.o(i._printf_core) for _printf_core
    printf4.o(i.__0vsprintf$4) refers to printf4.o(i._sputc) for _sputc
    printf4.o(i._printf_core) refers to uldiv.o(.text) for __aeabi_uldivmod
    printf5.o(i.__0fprintf$5) refers to printf5.o(i._printf_core) for _printf_core
    printf5.o(i.__0fprintf$5) refers to bsp_usart.o(.text) for fputc
    printf5.o(i.__0printf$5) refers to printf5.o(i._printf_core) for _printf_core
    printf5.o(i.__0printf$5) refers to bsp_usart.o(.text) for fputc
    printf5.o(i.__0printf$5) refers to bsp_usart.o(.data) for __stdout
    printf5.o(i.__0snprintf$5) refers to printf5.o(i._printf_core) for _printf_core
    printf5.o(i.__0snprintf$5) refers to printf5.o(i._snputc) for _snputc
    printf5.o(i.__0sprintf$5) refers to printf5.o(i._printf_core) for _printf_core
    printf5.o(i.__0sprintf$5) refers to printf5.o(i._sputc) for _sputc
    printf5.o(i.__0vfprintf$5) refers to printf5.o(i._printf_core) for _printf_core
    printf5.o(i.__0vfprintf$5) refers to bsp_usart.o(.text) for fputc
    printf5.o(i.__0vprintf$5) refers to printf5.o(i._printf_core) for _printf_core
    printf5.o(i.__0vprintf$5) refers to bsp_usart.o(.text) for fputc
    printf5.o(i.__0vprintf$5) refers to bsp_usart.o(.data) for __stdout
    printf5.o(i.__0vsnprintf$5) refers to printf5.o(i._printf_core) for _printf_core
    printf5.o(i.__0vsnprintf$5) refers to printf5.o(i._snputc) for _snputc
    printf5.o(i.__0vsprintf$5) refers to printf5.o(i._printf_core) for _printf_core
    printf5.o(i.__0vsprintf$5) refers to printf5.o(i._sputc) for _sputc
    printf5.o(i._printf_core) refers to uldiv.o(.text) for __aeabi_uldivmod
    printf6.o(i.__0fprintf$6) refers to printf6.o(i._printf_core) for _printf_core
    printf6.o(i.__0fprintf$6) refers to bsp_usart.o(.text) for fputc
    printf6.o(i.__0printf$6) refers to printf6.o(i._printf_core) for _printf_core
    printf6.o(i.__0printf$6) refers to bsp_usart.o(.text) for fputc
    printf6.o(i.__0printf$6) refers to bsp_usart.o(.data) for __stdout
    printf6.o(i.__0snprintf$6) refers to printf6.o(i._printf_core) for _printf_core
    printf6.o(i.__0snprintf$6) refers to printf6.o(i._snputc) for _snputc
    printf6.o(i.__0sprintf$6) refers to printf6.o(i._printf_core) for _printf_core
    printf6.o(i.__0sprintf$6) refers to printf6.o(i._sputc) for _sputc
    printf6.o(i.__0vfprintf$6) refers to printf6.o(i._printf_core) for _printf_core
    printf6.o(i.__0vfprintf$6) refers to bsp_usart.o(.text) for fputc
    printf6.o(i.__0vprintf$6) refers to printf6.o(i._printf_core) for _printf_core
    printf6.o(i.__0vprintf$6) refers to bsp_usart.o(.text) for fputc
    printf6.o(i.__0vprintf$6) refers to bsp_usart.o(.data) for __stdout
    printf6.o(i.__0vsnprintf$6) refers to printf6.o(i._printf_core) for _printf_core
    printf6.o(i.__0vsnprintf$6) refers to printf6.o(i._snputc) for _snputc
    printf6.o(i.__0vsprintf$6) refers to printf6.o(i._printf_core) for _printf_core
    printf6.o(i.__0vsprintf$6) refers to printf6.o(i._sputc) for _sputc
    printf6.o(i._printf_core) refers to printf6.o(i._printf_pre_padding) for _printf_pre_padding
    printf6.o(i._printf_core) refers to uidiv.o(.text) for __aeabi_uidivmod
    printf6.o(i._printf_core) refers to printf6.o(i._printf_post_padding) for _printf_post_padding
    printf7.o(i.__0fprintf$7) refers to printf7.o(i._printf_core) for _printf_core
    printf7.o(i.__0fprintf$7) refers to bsp_usart.o(.text) for fputc
    printf7.o(i.__0printf$7) refers to printf7.o(i._printf_core) for _printf_core
    printf7.o(i.__0printf$7) refers to bsp_usart.o(.text) for fputc
    printf7.o(i.__0printf$7) refers to bsp_usart.o(.data) for __stdout
    printf7.o(i.__0snprintf$7) refers to printf7.o(i._printf_core) for _printf_core
    printf7.o(i.__0snprintf$7) refers to printf7.o(i._snputc) for _snputc
    printf7.o(i.__0sprintf$7) refers to printf7.o(i._printf_core) for _printf_core
    printf7.o(i.__0sprintf$7) refers to printf7.o(i._sputc) for _sputc
    printf7.o(i.__0vfprintf$7) refers to printf7.o(i._printf_core) for _printf_core
    printf7.o(i.__0vfprintf$7) refers to bsp_usart.o(.text) for fputc
    printf7.o(i.__0vprintf$7) refers to printf7.o(i._printf_core) for _printf_core
    printf7.o(i.__0vprintf$7) refers to bsp_usart.o(.text) for fputc
    printf7.o(i.__0vprintf$7) refers to bsp_usart.o(.data) for __stdout
    printf7.o(i.__0vsnprintf$7) refers to printf7.o(i._printf_core) for _printf_core
    printf7.o(i.__0vsnprintf$7) refers to printf7.o(i._snputc) for _snputc
    printf7.o(i.__0vsprintf$7) refers to printf7.o(i._printf_core) for _printf_core
    printf7.o(i.__0vsprintf$7) refers to printf7.o(i._sputc) for _sputc
    printf7.o(i._printf_core) refers to printf7.o(i._printf_pre_padding) for _printf_pre_padding
    printf7.o(i._printf_core) refers to uldiv.o(.text) for __aeabi_uldivmod
    printf7.o(i._printf_core) refers to printf7.o(i._printf_post_padding) for _printf_post_padding
    printf8.o(i.__0fprintf$8) refers to printf8.o(i._printf_core) for _printf_core
    printf8.o(i.__0fprintf$8) refers to bsp_usart.o(.text) for fputc
    printf8.o(i.__0printf$8) refers to printf8.o(i._printf_core) for _printf_core
    printf8.o(i.__0printf$8) refers to bsp_usart.o(.text) for fputc
    printf8.o(i.__0printf$8) refers to bsp_usart.o(.data) for __stdout
    printf8.o(i.__0snprintf$8) refers to printf8.o(i._printf_core) for _printf_core
    printf8.o(i.__0snprintf$8) refers to printf8.o(i._snputc) for _snputc
    printf8.o(i.__0sprintf$8) refers to printf8.o(i._printf_core) for _printf_core
    printf8.o(i.__0sprintf$8) refers to printf8.o(i._sputc) for _sputc
    printf8.o(i.__0vfprintf$8) refers to printf8.o(i._printf_core) for _printf_core
    printf8.o(i.__0vfprintf$8) refers to bsp_usart.o(.text) for fputc
    printf8.o(i.__0vprintf$8) refers to printf8.o(i._printf_core) for _printf_core
    printf8.o(i.__0vprintf$8) refers to bsp_usart.o(.text) for fputc
    printf8.o(i.__0vprintf$8) refers to bsp_usart.o(.data) for __stdout
    printf8.o(i.__0vsnprintf$8) refers to printf8.o(i._printf_core) for _printf_core
    printf8.o(i.__0vsnprintf$8) refers to printf8.o(i._snputc) for _snputc
    printf8.o(i.__0vsprintf$8) refers to printf8.o(i._printf_core) for _printf_core
    printf8.o(i.__0vsprintf$8) refers to printf8.o(i._sputc) for _sputc
    printf8.o(i._printf_core) refers to printf8.o(i._printf_pre_padding) for _printf_pre_padding
    printf8.o(i._printf_core) refers to uldiv.o(.text) for __aeabi_uldivmod
    printf8.o(i._printf_core) refers to printf8.o(i._printf_post_padding) for _printf_post_padding
    printfa.o(i.__0fprintf) refers (Special) to iusefp.o(.text) for __I$use$fp
    printfa.o(i.__0fprintf) refers to printfa.o(i._printf_core) for _printf_core
    printfa.o(i.__0fprintf) refers to bsp_usart.o(.text) for fputc
    printfa.o(i.__0printf) refers (Special) to iusefp.o(.text) for __I$use$fp
    printfa.o(i.__0printf) refers to printfa.o(i._printf_core) for _printf_core
    printfa.o(i.__0printf) refers to bsp_usart.o(.text) for fputc
    printfa.o(i.__0printf) refers to bsp_usart.o(.data) for __stdout
    printfa.o(i.__0snprintf) refers (Special) to iusefp.o(.text) for __I$use$fp
    printfa.o(i.__0snprintf) refers to printfa.o(i._printf_core) for _printf_core
    printfa.o(i.__0snprintf) refers to printfa.o(i._snputc) for _snputc
    printfa.o(i.__0sprintf) refers (Special) to iusefp.o(.text) for __I$use$fp
    printfa.o(i.__0sprintf) refers to printfa.o(i._printf_core) for _printf_core
    printfa.o(i.__0sprintf) refers to printfa.o(i._sputc) for _sputc
    printfa.o(i.__0vfprintf) refers (Special) to iusefp.o(.text) for __I$use$fp
    printfa.o(i.__0vfprintf) refers to printfa.o(i._printf_core) for _printf_core
    printfa.o(i.__0vfprintf) refers to bsp_usart.o(.text) for fputc
    printfa.o(i.__0vprintf) refers (Special) to iusefp.o(.text) for __I$use$fp
    printfa.o(i.__0vprintf) refers to printfa.o(i._printf_core) for _printf_core
    printfa.o(i.__0vprintf) refers to bsp_usart.o(.text) for fputc
    printfa.o(i.__0vprintf) refers to bsp_usart.o(.data) for __stdout
    printfa.o(i.__0vsnprintf) refers (Special) to iusefp.o(.text) for __I$use$fp
    printfa.o(i.__0vsnprintf) refers to printfa.o(i._printf_core) for _printf_core
    printfa.o(i.__0vsnprintf) refers to printfa.o(i._snputc) for _snputc
    printfa.o(i.__0vsprintf) refers (Special) to iusefp.o(.text) for __I$use$fp
    printfa.o(i.__0vsprintf) refers to printfa.o(i._printf_core) for _printf_core
    printfa.o(i.__0vsprintf) refers to printfa.o(i._sputc) for _sputc
    printfa.o(i._fp_digits) refers (Special) to iusefp.o(.text) for __I$use$fp
    printfa.o(i._fp_digits) refers to dmul.o(.text) for __aeabi_dmul
    printfa.o(i._fp_digits) refers to ddiv.o(.text) for __aeabi_ddiv
    printfa.o(i._fp_digits) refers to cdrcmple.o(.text) for __aeabi_cdrcmple
    printfa.o(i._fp_digits) refers to dadd.o(.text) for __aeabi_dadd
    printfa.o(i._fp_digits) refers to dfixul.o(.text) for __aeabi_d2ulz
    printfa.o(i._fp_digits) refers to uldiv.o(.text) for __aeabi_uldivmod
    printfa.o(i._printf_core) refers (Special) to iusefp.o(.text) for __I$use$fp
    printfa.o(i._printf_core) refers to printfa.o(i._printf_pre_padding) for _printf_pre_padding
    printfa.o(i._printf_core) refers to uldiv.o(.text) for __aeabi_uldivmod
    printfa.o(i._printf_core) refers to printfa.o(i._printf_post_padding) for _printf_post_padding
    printfa.o(i._printf_core) refers to printfa.o(i._fp_digits) for _fp_digits
    printfa.o(i._printf_core) refers to uidiv.o(.text) for __aeabi_uidivmod
    printfa.o(i._printf_post_padding) refers (Special) to iusefp.o(.text) for __I$use$fp
    printfa.o(i._printf_pre_padding) refers (Special) to iusefp.o(.text) for __I$use$fp
    printfa.o(i._snputc) refers (Special) to iusefp.o(.text) for __I$use$fp
    printfa.o(i._sputc) refers (Special) to iusefp.o(.text) for __I$use$fp
    fadd.o(.text) refers (Special) to iusefp.o(.text) for __I$use$fp
    fadd.o(.text) refers to fepilogue.o(.text) for _float_epilogue
    fmul.o(.text) refers (Special) to iusefp.o(.text) for __I$use$fp
    ffltui.o(.text) refers (Special) to iusefp.o(.text) for __I$use$fp
    ffltui.o(.text) refers to fepilogue.o(.text) for _float_epilogue
    ffixui.o(.text) refers (Special) to iusefp.o(.text) for __I$use$fp
    entry2.o(.ARM.Collect$$$$00000001) refers to entry2.o(.ARM.Collect$$$$00002712) for __lit__00000000
    entry2.o(.ARM.Collect$$$$00002712) refers to startup_stm32f10x_hd.o(STACK) for __initial_sp
    entry2.o(__vectab_stack_and_reset_area) refers to startup_stm32f10x_hd.o(STACK) for __initial_sp
    entry2.o(__vectab_stack_and_reset_area) refers to entry.o(.ARM.Collect$$$$00000000) for __main
    entry5.o(.ARM.Collect$$$$00000004) refers to init.o(.text) for __scatterload
    entry9a.o(.ARM.Collect$$$$0000000B) refers to main.o(.text) for main
    entry9b.o(.ARM.Collect$$$$0000000C) refers to main.o(.text) for main
    uldiv.o(.text) refers to llushr.o(.text) for __aeabi_llsr
    uldiv.o(.text) refers to llshl.o(.text) for __aeabi_llsl
    dadd.o(.text) refers to llshl.o(.text) for __aeabi_llsl
    dadd.o(.text) refers to llsshr.o(.text) for __aeabi_lasr
    dadd.o(.text) refers to depilogue.o(.text) for _double_epilogue
    dmul.o(.text) refers to depilogue.o(.text) for _double_epilogue
    ddiv.o(.text) refers to depilogue.o(.text) for _double_round
    dfixul.o(.text) refers to llushr.o(.text) for __aeabi_llsr
    dfixul.o(.text) refers to llshl.o(.text) for __aeabi_llsl
    init.o(.text) refers to entry5.o(.ARM.Collect$$$$00000004) for __main_after_scatterload
    depilogue.o(.text) refers to llshl.o(.text) for __aeabi_llsl
    depilogue.o(.text) refers to llushr.o(.text) for __aeabi_llsr


==============================================================================

Removing Unused input sections from the image.

    Removing startup_stm32f10x_hd.o(HEAP), (512 bytes).
    Removing core_cm3.o(.emb_text), (32 bytes).
    Removing stm32f10x_adc.o(.text), (1102 bytes).
    Removing stm32f10x_bkp.o(.text), (196 bytes).
    Removing stm32f10x_can.o(.text), (2544 bytes).
    Removing stm32f10x_dac.o(.text), (396 bytes).
    Removing stm32f10x_dbgmcu.o(.text), (48 bytes).
    Removing stm32f10x_dma.o(.text), (596 bytes).
    Removing stm32f10x_flash.o(.text), (1468 bytes).
    Removing stm32f10x_i2c.o(.text), (1028 bytes).
    Removing stm32f10x_iwdg.o(.text), (64 bytes).
    Removing stm32f10x_pwr.o(.text), (204 bytes).
    Removing stm32f10x_rtc.o(.text), (328 bytes).
    Removing stm32f10x_sdio.o(.text), (468 bytes).
    Removing stm32f10x_spi.o(.text), (780 bytes).
    Removing stm32f10x_tim.o(.text), (3610 bytes).
    Removing stm32f10x_wwdg.o(.text), (136 bytes).
    Removing dadd.o(.text), (334 bytes).
    Removing dmul.o(.text), (228 bytes).
    Removing ddiv.o(.text), (222 bytes).
    Removing dfixul.o(.text), (48 bytes).
    Removing cdrcmple.o(.text), (48 bytes).
    Removing depilogue.o(.text), (186 bytes).

23 unused section(s) (total 14578 bytes) removed from the image.

==============================================================================

Image Symbol Table

    Local Symbols

    Symbol Name                              Value     Ov Type        Size  Object(Section)

    ../clib/microlib/division.c              0x00000000   Number         0  uidiv.o ABSOLUTE
    ../clib/microlib/division.c              0x00000000   Number         0  uldiv.o ABSOLUTE
    ../clib/microlib/init/entry.s            0x00000000   Number         0  entry10a.o ABSOLUTE
    ../clib/microlib/init/entry.s            0x00000000   Number         0  entry9b.o ABSOLUTE
    ../clib/microlib/init/entry.s            0x00000000   Number         0  entry9a.o ABSOLUTE
    ../clib/microlib/init/entry.s            0x00000000   Number         0  entry11a.o ABSOLUTE
    ../clib/microlib/init/entry.s            0x00000000   Number         0  entry8b.o ABSOLUTE
    ../clib/microlib/init/entry.s            0x00000000   Number         0  entry10b.o ABSOLUTE
    ../clib/microlib/init/entry.s            0x00000000   Number         0  entry7b.o ABSOLUTE
    ../clib/microlib/init/entry.s            0x00000000   Number         0  entry7a.o ABSOLUTE
    ../clib/microlib/init/entry.s            0x00000000   Number         0  entry2.o ABSOLUTE
    ../clib/microlib/init/entry.s            0x00000000   Number         0  entry11b.o ABSOLUTE
    ../clib/microlib/init/entry.s            0x00000000   Number         0  entry5.o ABSOLUTE
    ../clib/microlib/init/entry.s            0x00000000   Number         0  entry8a.o ABSOLUTE
    ../clib/microlib/init/entry.s            0x00000000   Number         0  entry.o ABSOLUTE
    ../clib/microlib/longlong.c              0x00000000   Number         0  llshl.o ABSOLUTE
    ../clib/microlib/longlong.c              0x00000000   Number         0  llushr.o ABSOLUTE
    ../clib/microlib/longlong.c              0x00000000   Number         0  llsshr.o ABSOLUTE
    ../clib/microlib/printf/printf.c         0x00000000   Number         0  printf1.o ABSOLUTE
    ../clib/microlib/printf/printf.c         0x00000000   Number         0  printf0.o ABSOLUTE
    ../clib/microlib/printf/printf.c         0x00000000   Number         0  printf5.o ABSOLUTE
    ../clib/microlib/printf/printf.c         0x00000000   Number         0  printf6.o ABSOLUTE
    ../clib/microlib/printf/printf.c         0x00000000   Number         0  printfa.o ABSOLUTE
    ../clib/microlib/printf/printf.c         0x00000000   Number         0  printf8.o ABSOLUTE
    ../clib/microlib/printf/printf.c         0x00000000   Number         0  printf7.o ABSOLUTE
    ../clib/microlib/printf/printf.c         0x00000000   Number         0  printfb.o ABSOLUTE
    ../clib/microlib/printf/printf.c         0x00000000   Number         0  printf4.o ABSOLUTE
    ../clib/microlib/printf/printf.c         0x00000000   Number         0  printf3.o ABSOLUTE
    ../clib/microlib/printf/printf.c         0x00000000   Number         0  printf2.o ABSOLUTE
    ../clib/microlib/printf/stubs.s          0x00000000   Number         0  stubs.o ABSOLUTE
    ../clib/microlib/string/memcpy.c         0x00000000   Number         0  memcpyb.o ABSOLUTE
    ../clib/microlib/string/memcpy.c         0x00000000   Number         0  memcpya.o ABSOLUTE
    ../clib/microlib/string/memset.c         0x00000000   Number         0  memseta.o ABSOLUTE
    ../clib/microlib/string/strstr.c         0x00000000   Number         0  strstr.o ABSOLUTE
    ../clib/microlib/stubs.s                 0x00000000   Number         0  useno.o ABSOLUTE
    ../clib/microlib/stubs.s                 0x00000000   Number         0  iusefp.o ABSOLUTE
    ../fplib/microlib/fpadd.c                0x00000000   Number         0  fadd.o ABSOLUTE
    ../fplib/microlib/fpadd.c                0x00000000   Number         0  dadd.o ABSOLUTE
    ../fplib/microlib/fpdiv.c                0x00000000   Number         0  ddiv.o ABSOLUTE
    ../fplib/microlib/fpepilogue.c           0x00000000   Number         0  depilogue.o ABSOLUTE
    ../fplib/microlib/fpepilogue.c           0x00000000   Number         0  fepilogue.o ABSOLUTE
    ../fplib/microlib/fpfix.c                0x00000000   Number         0  ffixui.o ABSOLUTE
    ../fplib/microlib/fpfix.c                0x00000000   Number         0  dfixul.o ABSOLUTE
    ../fplib/microlib/fpflt.c                0x00000000   Number         0  ffltui.o ABSOLUTE
    ../fplib/microlib/fpmul.c                0x00000000   Number         0  fmul.o ABSOLUTE
    ../fplib/microlib/fpmul.c                0x00000000   Number         0  dmul.o ABSOLUTE
    ..\Libraries\CMSIS\core_cm3.c            0x00000000   Number         0  core_cm3.o ABSOLUTE
    ..\Libraries\CMSIS\startup\startup_stm32f10x_hd.s 0x00000000   Number         0  startup_stm32f10x_hd.o ABSOLUTE
    ..\Libraries\CMSIS\system_stm32f10x.c    0x00000000   Number         0  system_stm32f10x.o ABSOLUTE
    ..\Libraries\FWlib\src\misc.c            0x00000000   Number         0  misc.o ABSOLUTE
    ..\Libraries\FWlib\src\stm32f10x_adc.c   0x00000000   Number         0  stm32f10x_adc.o ABSOLUTE
    ..\Libraries\FWlib\src\stm32f10x_bkp.c   0x00000000   Number         0  stm32f10x_bkp.o ABSOLUTE
    ..\Libraries\FWlib\src\stm32f10x_can.c   0x00000000   Number         0  stm32f10x_can.o ABSOLUTE
    ..\Libraries\FWlib\src\stm32f10x_dac.c   0x00000000   Number         0  stm32f10x_dac.o ABSOLUTE
    ..\Libraries\FWlib\src\stm32f10x_dbgmcu.c 0x00000000   Number         0  stm32f10x_dbgmcu.o ABSOLUTE
    ..\Libraries\FWlib\src\stm32f10x_dma.c   0x00000000   Number         0  stm32f10x_dma.o ABSOLUTE
    ..\Libraries\FWlib\src\stm32f10x_exti.c  0x00000000   Number         0  stm32f10x_exti.o ABSOLUTE
    ..\Libraries\FWlib\src\stm32f10x_flash.c 0x00000000   Number         0  stm32f10x_flash.o ABSOLUTE
    ..\Libraries\FWlib\src\stm32f10x_gpio.c  0x00000000   Number         0  stm32f10x_gpio.o ABSOLUTE
    ..\Libraries\FWlib\src\stm32f10x_i2c.c   0x00000000   Number         0  stm32f10x_i2c.o ABSOLUTE
    ..\Libraries\FWlib\src\stm32f10x_iwdg.c  0x00000000   Number         0  stm32f10x_iwdg.o ABSOLUTE
    ..\Libraries\FWlib\src\stm32f10x_pwr.c   0x00000000   Number         0  stm32f10x_pwr.o ABSOLUTE
    ..\Libraries\FWlib\src\stm32f10x_rcc.c   0x00000000   Number         0  stm32f10x_rcc.o ABSOLUTE
    ..\Libraries\FWlib\src\stm32f10x_rtc.c   0x00000000   Number         0  stm32f10x_rtc.o ABSOLUTE
    ..\Libraries\FWlib\src\stm32f10x_sdio.c  0x00000000   Number         0  stm32f10x_sdio.o ABSOLUTE
    ..\Libraries\FWlib\src\stm32f10x_spi.c   0x00000000   Number         0  stm32f10x_spi.o ABSOLUTE
    ..\Libraries\FWlib\src\stm32f10x_tim.c   0x00000000   Number         0  stm32f10x_tim.o ABSOLUTE
    ..\Libraries\FWlib\src\stm32f10x_usart.c 0x00000000   Number         0  stm32f10x_usart.o ABSOLUTE
    ..\Libraries\FWlib\src\stm32f10x_wwdg.c  0x00000000   Number         0  stm32f10x_wwdg.o ABSOLUTE
    ..\System\system_f103.c                  0x00000000   Number         0  system_f103.o ABSOLUTE
    ..\User\main.c                           0x00000000   Number         0  main.o ABSOLUTE
    ..\User\stm32f10x_it.c                   0x00000000   Number         0  stm32f10x_it.o ABSOLUTE
    ..\\Libraries\\CMSIS\\core_cm3.c         0x00000000   Number         0  core_cm3.o ABSOLUTE
    ..\bsp\LED\bsp_led.c                     0x00000000   Number         0  bsp_led.o ABSOLUTE
    ..\bsp\RS485\bsp_RS485.c                 0x00000000   Number         0  bsp_rs485.o ABSOLUTE
    ..\bsp\USART\bsp_usart.c                 0x00000000   Number         0  bsp_usart.o ABSOLUTE
    ..\bsp\key\bsp_key.c                     0x00000000   Number         0  bsp_key.o ABSOLUTE
    cdrcmple.s                               0x00000000   Number         0  cdrcmple.o ABSOLUTE
    dc.s                                     0x00000000   Number         0  dc.o ABSOLUTE
    handlers.s                               0x00000000   Number         0  handlers.o ABSOLUTE
    init.s                                   0x00000000   Number         0  init.o ABSOLUTE
    RESET                                    0x08000000   Section      304  startup_stm32f10x_hd.o(RESET)
    .ARM.Collect$$$$00000000                 0x08000130   Section        0  entry.o(.ARM.Collect$$$$00000000)
    .ARM.Collect$$$$00000001                 0x08000130   Section        4  entry2.o(.ARM.Collect$$$$00000001)
    .ARM.Collect$$$$00000004                 0x08000134   Section        4  entry5.o(.ARM.Collect$$$$00000004)
    .ARM.Collect$$$$00000008                 0x08000138   Section        0  entry7b.o(.ARM.Collect$$$$00000008)
    .ARM.Collect$$$$0000000A                 0x08000138   Section        0  entry8b.o(.ARM.Collect$$$$0000000A)
    .ARM.Collect$$$$0000000B                 0x08000138   Section        8  entry9a.o(.ARM.Collect$$$$0000000B)
    .ARM.Collect$$$$0000000D                 0x08000140   Section        0  entry10a.o(.ARM.Collect$$$$0000000D)
    .ARM.Collect$$$$0000000F                 0x08000140   Section        0  entry11a.o(.ARM.Collect$$$$0000000F)
    .ARM.Collect$$$$00002712                 0x08000140   Section        4  entry2.o(.ARM.Collect$$$$00002712)
    __lit__00000000                          0x08000140   Data           4  entry2.o(.ARM.Collect$$$$00002712)
    .text                                    0x08000144   Section        0  main.o(.text)
    delay_ms                                 0x08000145   Thumb Code    18  main.o(.text)
    .text                                    0x080002c4   Section        0  stm32f10x_it.o(.text)
    .text                                    0x080002dc   Section        0  bsp_led.o(.text)
    .text                                    0x08000360   Section        0  bsp_key.o(.text)
    .text                                    0x080005a8   Section        0  bsp_usart.o(.text)
    .text                                    0x0800137c   Section        0  bsp_rs485.o(.text)
    delayMS                                  0x0800137d   Thumb Code    18  bsp_rs485.o(.text)
    .text                                    0x08001630   Section        0  system_f103.o(.text)
    waitForFlashBSY                          0x08001bd5   Thumb Code    32  system_f103.o(.text)
    .text                                    0x08001dc4   Section       36  startup_stm32f10x_hd.o(.text)
    .text                                    0x08001de8   Section        0  system_stm32f10x.o(.text)
    .text                                    0x08001f8c   Section        0  misc.o(.text)
    .text                                    0x08002068   Section        0  stm32f10x_exti.o(.text)
    .text                                    0x08002184   Section        0  stm32f10x_gpio.o(.text)
    .text                                    0x080024e0   Section        0  stm32f10x_rcc.o(.text)
    .text                                    0x08002884   Section        0  stm32f10x_usart.o(.text)
    .text                                    0x08002c8c   Section        0  memcpya.o(.text)
    .text                                    0x08002cb0   Section        0  memseta.o(.text)
    .text                                    0x08002cd4   Section        0  strstr.o(.text)
    .text                                    0x08002cf8   Section        0  fadd.o(.text)
    .text                                    0x08002da8   Section        0  fmul.o(.text)
    .text                                    0x08002e0c   Section        0  ffltui.o(.text)
    .text                                    0x08002e16   Section        0  ffixui.o(.text)
    .text                                    0x08002e3e   Section        0  uidiv.o(.text)
    .text                                    0x08002e6a   Section        0  fepilogue.o(.text)
    .text                                    0x08002e6a   Section        0  iusefp.o(.text)
    .text                                    0x08002ed8   Section       36  init.o(.text)
    i.__0printf$6                            0x08002efc   Section        0  printf6.o(i.__0printf$6)
    i.__scatterload_copy                     0x08002f1c   Section       14  handlers.o(i.__scatterload_copy)
    i.__scatterload_null                     0x08002f2a   Section        2  handlers.o(i.__scatterload_null)
    i.__scatterload_zeroinit                 0x08002f2c   Section       14  handlers.o(i.__scatterload_zeroinit)
    i._printf_core                           0x08002f3c   Section        0  printf6.o(i._printf_core)
    _printf_core                             0x08002f3d   Thumb Code   748  printf6.o(i._printf_core)
    i._printf_post_padding                   0x0800322c   Section        0  printf6.o(i._printf_post_padding)
    _printf_post_padding                     0x0800322d   Thumb Code    36  printf6.o(i._printf_post_padding)
    i._printf_pre_padding                    0x08003250   Section        0  printf6.o(i._printf_pre_padding)
    _printf_pre_padding                      0x08003251   Thumb Code    46  printf6.o(i._printf_pre_padding)
    .data                                    0x20000000   Section       28  bsp_usart.o(.data)
    U1TxCounter                              0x20000000   Data           1  bsp_usart.o(.data)
    U1TxCount                                0x20000001   Data           1  bsp_usart.o(.data)
    U2TxCounter                              0x20000002   Data           1  bsp_usart.o(.data)
    U2TxCount                                0x20000003   Data           1  bsp_usart.o(.data)
    U3TxCounter                              0x20000004   Data           1  bsp_usart.o(.data)
    U3TxCount                                0x20000005   Data           1  bsp_usart.o(.data)
    U4TxCounter                              0x20000006   Data           1  bsp_usart.o(.data)
    U4TxCount                                0x20000007   Data           1  bsp_usart.o(.data)
    U5TxCounter                              0x20000008   Data           1  bsp_usart.o(.data)
    U5TxCount                                0x20000009   Data           1  bsp_usart.o(.data)
    cnt                                      0x20000010   Data           2  bsp_usart.o(.data)
    Flag_DmaTxInit                           0x20000012   Data           1  bsp_usart.o(.data)
    cnt                                      0x20000014   Data           2  bsp_usart.o(.data)
    cnt                                      0x20000016   Data           2  bsp_usart.o(.data)
    cnt                                      0x20000018   Data           2  bsp_usart.o(.data)
    cnt                                      0x2000001a   Data           2  bsp_usart.o(.data)
    .data                                    0x20000020   Section       26  system_f103.o(.data)
    _startTime                               0x20000028   Data           8  system_f103.o(.data)
    lastTime                                 0x20000030   Data           4  system_f103.o(.data)
    nowTime                                  0x20000034   Data           4  system_f103.o(.data)
    CNT                                      0x20000038   Data           1  system_f103.o(.data)
    setGrouped                               0x20000039   Data           1  system_f103.o(.data)
    .data                                    0x2000003c   Section       20  system_stm32f10x.o(.data)
    .data                                    0x20000050   Section       20  stm32f10x_rcc.o(.data)
    APBAHBPrescTable                         0x20000050   Data          16  stm32f10x_rcc.o(.data)
    ADCPrescTable                            0x20000060   Data           4  stm32f10x_rcc.o(.data)
    .bss                                     0x20000064   Section    11542  bsp_usart.o(.bss)
    U1TxBuffer                               0x2000147a   Data         256  bsp_usart.o(.bss)
    U2TxBuffer                               0x2000157a   Data         256  bsp_usart.o(.bss)
    U3TxBuffer                               0x2000167a   Data         256  bsp_usart.o(.bss)
    U4TxBuffer                               0x2000177a   Data         256  bsp_usart.o(.bss)
    U5TxBuffer                               0x2000187a   Data         256  bsp_usart.o(.bss)
    RxTemp                                   0x2000197a   Data        1024  bsp_usart.o(.bss)
    RxTemp                                   0x20001d7a   Data        1024  bsp_usart.o(.bss)
    RxTemp                                   0x2000217a   Data        1024  bsp_usart.o(.bss)
    RxTemp                                   0x2000257a   Data        1024  bsp_usart.o(.bss)
    RxTemp                                   0x2000297a   Data        1024  bsp_usart.o(.bss)
    .bss                                     0x20002d7c   Section     1036  bsp_rs485.o(.bss)
    .bss                                     0x20003188   Section     2114  system_f103.o(.bss)
    sectorbufferTemp                         0x200031ca   Data        2048  system_f103.o(.bss)
    STACK                                    0x200039d0   Section     1024  startup_stm32f10x_hd.o(STACK)

    Global Symbols

    Symbol Name                              Value     Ov Type        Size  Object(Section)

    BuildAttributes$$THM_ISAv4$P$D$K$B$S$PE$A:L22UL41UL21$X:L11$S22US41US21$IEEE1$IW$USESV6$~STKCKD$USESV7$~SHL$OTIME$ROPI$EBA8$MICROLIB$REQ8$PRES8$EABIv2 0x00000000   Number         0  anon$$obj.o ABSOLUTE
    __ARM_use_no_argv                        0x00000000   Number         0  main.o ABSOLUTE
    __use_no_errno                           0x00000000   Number         0  useno.o ABSOLUTE
    __use_no_exception_handling              0x00000000   Number         0  useno.o ABSOLUTE
    __use_no_fp                              0x00000000   Number         0  useno.o ABSOLUTE
    __use_no_heap                            0x00000000   Number         0  useno.o ABSOLUTE
    __use_no_heap_region                     0x00000000   Number         0  useno.o ABSOLUTE
    __use_no_semihosting                     0x00000000   Number         0  useno.o ABSOLUTE
    __use_no_semihosting_swi                 0x00000000   Number         0  useno.o ABSOLUTE
    __use_no_signal_handling                 0x00000000   Number         0  useno.o ABSOLUTE
    _printf_a                                0x00000000   Number         0  stubs.o ABSOLUTE
    _printf_c                                0x00000000   Number         0  stubs.o ABSOLUTE
    _printf_charcount                        0x00000000   Number         0  stubs.o ABSOLUTE
    _printf_d                                0x00000000   Number         0  stubs.o ABSOLUTE
    _printf_e                                0x00000000   Number         0  stubs.o ABSOLUTE
    _printf_f                                0x00000000   Number         0  stubs.o ABSOLUTE
    _printf_flags                            0x00000000   Number         0  stubs.o ABSOLUTE
    _printf_fp_dec                           0x00000000   Number         0  stubs.o ABSOLUTE
    _printf_fp_hex                           0x00000000   Number         0  stubs.o ABSOLUTE
    _printf_g                                0x00000000   Number         0  stubs.o ABSOLUTE
    _printf_i                                0x00000000   Number         0  stubs.o ABSOLUTE
    _printf_int_dec                          0x00000000   Number         0  stubs.o ABSOLUTE
    _printf_l                                0x00000000   Number         0  stubs.o ABSOLUTE
    _printf_lc                               0x00000000   Number         0  stubs.o ABSOLUTE
    _printf_ll                               0x00000000   Number         0  stubs.o ABSOLUTE
    _printf_lld                              0x00000000   Number         0  stubs.o ABSOLUTE
    _printf_lli                              0x00000000   Number         0  stubs.o ABSOLUTE
    _printf_llo                              0x00000000   Number         0  stubs.o ABSOLUTE
    _printf_llu                              0x00000000   Number         0  stubs.o ABSOLUTE
    _printf_llx                              0x00000000   Number         0  stubs.o ABSOLUTE
    _printf_longlong_dec                     0x00000000   Number         0  stubs.o ABSOLUTE
    _printf_longlong_hex                     0x00000000   Number         0  stubs.o ABSOLUTE
    _printf_longlong_oct                     0x00000000   Number         0  stubs.o ABSOLUTE
    _printf_ls                               0x00000000   Number         0  stubs.o ABSOLUTE
    _printf_mbtowc                           0x00000000   Number         0  stubs.o ABSOLUTE
    _printf_n                                0x00000000   Number         0  stubs.o ABSOLUTE
    _printf_o                                0x00000000   Number         0  stubs.o ABSOLUTE
    _printf_p                                0x00000000   Number         0  stubs.o ABSOLUTE
    _printf_percent                          0x00000000   Number         0  stubs.o ABSOLUTE
    _printf_pre_padding                      0x00000000   Number         0  stubs.o ABSOLUTE
    _printf_return_value                     0x00000000   Number         0  stubs.o ABSOLUTE
    _printf_s                                0x00000000   Number         0  stubs.o ABSOLUTE
    _printf_sizespec                         0x00000000   Number         0  stubs.o ABSOLUTE
    _printf_str                              0x00000000   Number         0  stubs.o ABSOLUTE
    _printf_truncate_signed                  0x00000000   Number         0  stubs.o ABSOLUTE
    _printf_truncate_unsigned                0x00000000   Number         0  stubs.o ABSOLUTE
    _printf_u                                0x00000000   Number         0  stubs.o ABSOLUTE
    _printf_wc                               0x00000000   Number         0  stubs.o ABSOLUTE
    _printf_wctomb                           0x00000000   Number         0  stubs.o ABSOLUTE
    _printf_widthprec                        0x00000000   Number         0  stubs.o ABSOLUTE
    _printf_x                                0x00000000   Number         0  stubs.o ABSOLUTE
    __cpp_initialize__aeabi_                  - Undefined Weak Reference
    __cxa_finalize                            - Undefined Weak Reference
    __decompress                              - Undefined Weak Reference
    _clock_init                               - Undefined Weak Reference
    _microlib_exit                            - Undefined Weak Reference
    __Vectors_Size                           0x00000130   Number         0  startup_stm32f10x_hd.o ABSOLUTE
    __Vectors                                0x08000000   Data           4  startup_stm32f10x_hd.o(RESET)
    __Vectors_End                            0x08000130   Data           0  startup_stm32f10x_hd.o(RESET)
    __main                                   0x08000131   Thumb Code     0  entry.o(.ARM.Collect$$$$00000000)
    _main_stk                                0x08000131   Thumb Code     0  entry2.o(.ARM.Collect$$$$00000001)
    _main_scatterload                        0x08000135   Thumb Code     0  entry5.o(.ARM.Collect$$$$00000004)
    __main_after_scatterload                 0x08000139   Thumb Code     0  entry5.o(.ARM.Collect$$$$00000004)
    _main_clock                              0x08000139   Thumb Code     0  entry7b.o(.ARM.Collect$$$$00000008)
    _main_cpp_init                           0x08000139   Thumb Code     0  entry8b.o(.ARM.Collect$$$$0000000A)
    _main_init                               0x08000139   Thumb Code     0  entry9a.o(.ARM.Collect$$$$0000000B)
    __rt_final_cpp                           0x08000141   Thumb Code     0  entry10a.o(.ARM.Collect$$$$0000000D)
    __rt_final_exit                          0x08000141   Thumb Code     0  entry11a.o(.ARM.Collect$$$$0000000F)
    main                                     0x08000157   Thumb Code   230  main.o(.text)
    NMI_Handler                              0x080002c5   Thumb Code     2  stm32f10x_it.o(.text)
    HardFault_Handler                        0x080002c7   Thumb Code     4  stm32f10x_it.o(.text)
    MemManage_Handler                        0x080002cb   Thumb Code     4  stm32f10x_it.o(.text)
    BusFault_Handler                         0x080002cf   Thumb Code     4  stm32f10x_it.o(.text)
    UsageFault_Handler                       0x080002d3   Thumb Code     4  stm32f10x_it.o(.text)
    SVC_Handler                              0x080002d7   Thumb Code     2  stm32f10x_it.o(.text)
    DebugMon_Handler                         0x080002d9   Thumb Code     2  stm32f10x_it.o(.text)
    PendSV_Handler                           0x080002db   Thumb Code     2  stm32f10x_it.o(.text)
    Led_Init                                 0x080002dd   Thumb Code    92  bsp_led.o(.text)
    Key_Init                                 0x08000361   Thumb Code   306  bsp_key.o(.text)
    EXTI0_IRQHandler                         0x08000493   Thumb Code    44  bsp_key.o(.text)
    EXTI1_IRQHandler                         0x080004bf   Thumb Code    44  bsp_key.o(.text)
    EXTI4_IRQHandler                         0x080004eb   Thumb Code    44  bsp_key.o(.text)
    USART1_Init                              0x080005a9   Thumb Code   222  bsp_usart.o(.text)
    USART1_IRQHandler                        0x08000687   Thumb Code   194  bsp_usart.o(.text)
    USART1_GetBuffer                         0x08000749   Thumb Code    46  bsp_usart.o(.text)
    USART1_SendData                          0x08000777   Thumb Code    64  bsp_usart.o(.text)
    USART1_SendString                        0x080007b7   Thumb Code    32  bsp_usart.o(.text)
    USART1_SendStringForDMA                  0x080007d7   Thumb Code   172  bsp_usart.o(.text)
    USART2_Init                              0x08000883   Thumb Code   212  bsp_usart.o(.text)
    USART2_IRQHandler                        0x08000957   Thumb Code   430  bsp_usart.o(.text)
    USART2_GetBuffer                         0x08000b05   Thumb Code    54  bsp_usart.o(.text)
    USART2_SendData                          0x08000b3b   Thumb Code    64  bsp_usart.o(.text)
    USART2_SendString                        0x08000b7b   Thumb Code    32  bsp_usart.o(.text)
    USART3_Init                              0x08000b9b   Thumb Code   220  bsp_usart.o(.text)
    USART3_IRQHandler                        0x08000c77   Thumb Code   196  bsp_usart.o(.text)
    USART3_GetBuffer                         0x08000d3b   Thumb Code    54  bsp_usart.o(.text)
    USART3_SendData                          0x08000d71   Thumb Code    64  bsp_usart.o(.text)
    USART3_SendString                        0x08000db1   Thumb Code    32  bsp_usart.o(.text)
    UART4_Init                               0x08000dd1   Thumb Code   356  bsp_usart.o(.text)
    UART4_IRQHandler                         0x08000f35   Thumb Code   196  bsp_usart.o(.text)
    UART4_GetBuffer                          0x08000ff9   Thumb Code    54  bsp_usart.o(.text)
    UART4_SendData                           0x0800102f   Thumb Code    64  bsp_usart.o(.text)
    UART4_SendString                         0x0800106f   Thumb Code    32  bsp_usart.o(.text)
    UART5_Init                               0x0800108f   Thumb Code   216  bsp_usart.o(.text)
    UART5_IRQHandler                         0x08001167   Thumb Code   178  bsp_usart.o(.text)
    UART5_GetBuffer                          0x08001219   Thumb Code    48  bsp_usart.o(.text)
    UART5_SendData                           0x08001249   Thumb Code    58  bsp_usart.o(.text)
    UART5_SendString                         0x08001283   Thumb Code    32  bsp_usart.o(.text)
    _sys_exit                                0x080012a3   Thumb Code     4  bsp_usart.o(.text)
    fputc                                    0x080012a7   Thumb Code    24  bsp_usart.o(.text)
    RS485_CheckReceivedNum                   0x0800138f   Thumb Code   250  bsp_rs485.o(.text)
    RS485_SendString                         0x08001489   Thumb Code    96  bsp_rs485.o(.text)
    RS485_CleanReceivedFlag                  0x080014e9   Thumb Code   118  bsp_rs485.o(.text)
    RS485_CMD                                0x0800155f   Thumb Code    70  bsp_rs485.o(.text)
    RS485_Init                               0x080015a5   Thumb Code    94  bsp_rs485.o(.text)
    System_SysTickInit                       0x08001631   Thumb Code    76  system_f103.o(.text)
    SysTick_Handler                          0x0800167d   Thumb Code    20  system_f103.o(.text)
    System_GetTimeMs                         0x08001691   Thumb Code     6  system_f103.o(.text)
    System_GetTimeUs                         0x08001697   Thumb Code    96  system_f103.o(.text)
    System_DelayMS                           0x080016f7   Thumb Code    46  system_f103.o(.text)
    System_DelayUS                           0x08001725   Thumb Code    36  system_f103.o(.text)
    System_GetTimeInterval                   0x08001749   Thumb Code    40  system_f103.o(.text)
    System_TestRunTimes                      0x08001771   Thumb Code    60  system_f103.o(.text)
    System_GPIOSet                           0x080017ad   Thumb Code   336  system_f103.o(.text)
    System_NVICSet                           0x080018fd   Thumb Code   102  system_f103.o(.text)
    System_EXTISet                           0x08001963   Thumb Code   456  system_f103.o(.text)
    System_SwdMode                           0x08001b2b   Thumb Code    40  system_f103.o(.text)
    System_GetSystemClock                    0x08001b53   Thumb Code    12  system_f103.o(.text)
    System_Reset                             0x08001b5f   Thumb Code     8  system_f103.o(.text)
    WFI_SET                                  0x08001b67   Thumb Code     4  system_f103.o(.text)
    System_IntxDisable                       0x08001b6b   Thumb Code     4  system_f103.o(.text)
    System_IntxEnable                        0x08001b6f   Thumb Code     4  system_f103.o(.text)
    System_Standby                           0x08001b73   Thumb Code    68  system_f103.o(.text)
    System_MCO1Init                          0x08001bb7   Thumb Code    30  system_f103.o(.text)
    System_ReadInteriorFlash                 0x08001bf5   Thumb Code    58  system_f103.o(.text)
    System_WriteInteriorFlash                0x08001c2f   Thumb Code   354  system_f103.o(.text)
    Reset_Handler                            0x08001dc5   Thumb Code     8  startup_stm32f10x_hd.o(.text)
    ADC1_2_IRQHandler                        0x08001ddf   Thumb Code     0  startup_stm32f10x_hd.o(.text)
    ADC3_IRQHandler                          0x08001ddf   Thumb Code     0  startup_stm32f10x_hd.o(.text)
    CAN1_RX1_IRQHandler                      0x08001ddf   Thumb Code     0  startup_stm32f10x_hd.o(.text)
    CAN1_SCE_IRQHandler                      0x08001ddf   Thumb Code     0  startup_stm32f10x_hd.o(.text)
    DMA1_Channel1_IRQHandler                 0x08001ddf   Thumb Code     0  startup_stm32f10x_hd.o(.text)
    DMA1_Channel2_IRQHandler                 0x08001ddf   Thumb Code     0  startup_stm32f10x_hd.o(.text)
    DMA1_Channel3_IRQHandler                 0x08001ddf   Thumb Code     0  startup_stm32f10x_hd.o(.text)
    DMA1_Channel4_IRQHandler                 0x08001ddf   Thumb Code     0  startup_stm32f10x_hd.o(.text)
    DMA1_Channel5_IRQHandler                 0x08001ddf   Thumb Code     0  startup_stm32f10x_hd.o(.text)
    DMA1_Channel6_IRQHandler                 0x08001ddf   Thumb Code     0  startup_stm32f10x_hd.o(.text)
    DMA1_Channel7_IRQHandler                 0x08001ddf   Thumb Code     0  startup_stm32f10x_hd.o(.text)
    DMA2_Channel1_IRQHandler                 0x08001ddf   Thumb Code     0  startup_stm32f10x_hd.o(.text)
    DMA2_Channel2_IRQHandler                 0x08001ddf   Thumb Code     0  startup_stm32f10x_hd.o(.text)
    DMA2_Channel3_IRQHandler                 0x08001ddf   Thumb Code     0  startup_stm32f10x_hd.o(.text)
    DMA2_Channel4_5_IRQHandler               0x08001ddf   Thumb Code     0  startup_stm32f10x_hd.o(.text)
    EXTI15_10_IRQHandler                     0x08001ddf   Thumb Code     0  startup_stm32f10x_hd.o(.text)
    EXTI2_IRQHandler                         0x08001ddf   Thumb Code     0  startup_stm32f10x_hd.o(.text)
    EXTI3_IRQHandler                         0x08001ddf   Thumb Code     0  startup_stm32f10x_hd.o(.text)
    EXTI9_5_IRQHandler                       0x08001ddf   Thumb Code     0  startup_stm32f10x_hd.o(.text)
    FLASH_IRQHandler                         0x08001ddf   Thumb Code     0  startup_stm32f10x_hd.o(.text)
    FSMC_IRQHandler                          0x08001ddf   Thumb Code     0  startup_stm32f10x_hd.o(.text)
    I2C1_ER_IRQHandler                       0x08001ddf   Thumb Code     0  startup_stm32f10x_hd.o(.text)
    I2C1_EV_IRQHandler                       0x08001ddf   Thumb Code     0  startup_stm32f10x_hd.o(.text)
    I2C2_ER_IRQHandler                       0x08001ddf   Thumb Code     0  startup_stm32f10x_hd.o(.text)
    I2C2_EV_IRQHandler                       0x08001ddf   Thumb Code     0  startup_stm32f10x_hd.o(.text)
    PVD_IRQHandler                           0x08001ddf   Thumb Code     0  startup_stm32f10x_hd.o(.text)
    RCC_IRQHandler                           0x08001ddf   Thumb Code     0  startup_stm32f10x_hd.o(.text)
    RTCAlarm_IRQHandler                      0x08001ddf   Thumb Code     0  startup_stm32f10x_hd.o(.text)
    RTC_IRQHandler                           0x08001ddf   Thumb Code     0  startup_stm32f10x_hd.o(.text)
    SDIO_IRQHandler                          0x08001ddf   Thumb Code     0  startup_stm32f10x_hd.o(.text)
    SPI1_IRQHandler                          0x08001ddf   Thumb Code     0  startup_stm32f10x_hd.o(.text)
    SPI2_IRQHandler                          0x08001ddf   Thumb Code     0  startup_stm32f10x_hd.o(.text)
    SPI3_IRQHandler                          0x08001ddf   Thumb Code     0  startup_stm32f10x_hd.o(.text)
    TAMPER_IRQHandler                        0x08001ddf   Thumb Code     0  startup_stm32f10x_hd.o(.text)
    TIM1_BRK_IRQHandler                      0x08001ddf   Thumb Code     0  startup_stm32f10x_hd.o(.text)
    TIM1_CC_IRQHandler                       0x08001ddf   Thumb Code     0  startup_stm32f10x_hd.o(.text)
    TIM1_TRG_COM_IRQHandler                  0x08001ddf   Thumb Code     0  startup_stm32f10x_hd.o(.text)
    TIM1_UP_IRQHandler                       0x08001ddf   Thumb Code     0  startup_stm32f10x_hd.o(.text)
    TIM2_IRQHandler                          0x08001ddf   Thumb Code     0  startup_stm32f10x_hd.o(.text)
    TIM3_IRQHandler                          0x08001ddf   Thumb Code     0  startup_stm32f10x_hd.o(.text)
    TIM4_IRQHandler                          0x08001ddf   Thumb Code     0  startup_stm32f10x_hd.o(.text)
    TIM5_IRQHandler                          0x08001ddf   Thumb Code     0  startup_stm32f10x_hd.o(.text)
    TIM6_IRQHandler                          0x08001ddf   Thumb Code     0  startup_stm32f10x_hd.o(.text)
    TIM7_IRQHandler                          0x08001ddf   Thumb Code     0  startup_stm32f10x_hd.o(.text)
    TIM8_BRK_IRQHandler                      0x08001ddf   Thumb Code     0  startup_stm32f10x_hd.o(.text)
    TIM8_CC_IRQHandler                       0x08001ddf   Thumb Code     0  startup_stm32f10x_hd.o(.text)
    TIM8_TRG_COM_IRQHandler                  0x08001ddf   Thumb Code     0  startup_stm32f10x_hd.o(.text)
    TIM8_UP_IRQHandler                       0x08001ddf   Thumb Code     0  startup_stm32f10x_hd.o(.text)
    USBWakeUp_IRQHandler                     0x08001ddf   Thumb Code     0  startup_stm32f10x_hd.o(.text)
    USB_HP_CAN1_TX_IRQHandler                0x08001ddf   Thumb Code     0  startup_stm32f10x_hd.o(.text)
    USB_LP_CAN1_RX0_IRQHandler               0x08001ddf   Thumb Code     0  startup_stm32f10x_hd.o(.text)
    WWDG_IRQHandler                          0x08001ddf   Thumb Code     0  startup_stm32f10x_hd.o(.text)
    SystemInit                               0x08001de9   Thumb Code   246  system_stm32f10x.o(.text)
    SystemCoreClockUpdate                    0x08001edf   Thumb Code   142  system_stm32f10x.o(.text)
    NVIC_PriorityGroupConfig                 0x08001f8d   Thumb Code    10  misc.o(.text)
    NVIC_Init                                0x08001f97   Thumb Code   100  misc.o(.text)
    NVIC_SetVectorTable                      0x08001ffb   Thumb Code    14  misc.o(.text)
    NVIC_SystemLPConfig                      0x08002009   Thumb Code    34  misc.o(.text)
    SysTick_CLKSourceConfig                  0x0800202b   Thumb Code    40  misc.o(.text)
    EXTI_DeInit                              0x08002069   Thumb Code    28  stm32f10x_exti.o(.text)
    EXTI_Init                                0x08002085   Thumb Code   142  stm32f10x_exti.o(.text)
    EXTI_StructInit                          0x08002113   Thumb Code    16  stm32f10x_exti.o(.text)
    EXTI_GenerateSWInterrupt                 0x08002123   Thumb Code    16  stm32f10x_exti.o(.text)
    EXTI_GetFlagStatus                       0x08002133   Thumb Code    22  stm32f10x_exti.o(.text)
    EXTI_ClearFlag                           0x08002149   Thumb Code     8  stm32f10x_exti.o(.text)
    EXTI_GetITStatus                         0x08002151   Thumb Code    34  stm32f10x_exti.o(.text)
    EXTI_ClearITPendingBit                   0x08002173   Thumb Code     8  stm32f10x_exti.o(.text)
    GPIO_DeInit                              0x08002185   Thumb Code   172  stm32f10x_gpio.o(.text)
    GPIO_AFIODeInit                          0x08002231   Thumb Code    20  stm32f10x_gpio.o(.text)
    GPIO_Init                                0x08002245   Thumb Code   278  stm32f10x_gpio.o(.text)
    GPIO_StructInit                          0x0800235b   Thumb Code    16  stm32f10x_gpio.o(.text)
    GPIO_ReadInputDataBit                    0x0800236b   Thumb Code    18  stm32f10x_gpio.o(.text)
    GPIO_ReadInputData                       0x0800237d   Thumb Code     8  stm32f10x_gpio.o(.text)
    GPIO_ReadOutputDataBit                   0x08002385   Thumb Code    18  stm32f10x_gpio.o(.text)
    GPIO_ReadOutputData                      0x08002397   Thumb Code     8  stm32f10x_gpio.o(.text)
    GPIO_SetBits                             0x0800239f   Thumb Code     4  stm32f10x_gpio.o(.text)
    GPIO_ResetBits                           0x080023a3   Thumb Code     4  stm32f10x_gpio.o(.text)
    GPIO_WriteBit                            0x080023a7   Thumb Code    10  stm32f10x_gpio.o(.text)
    GPIO_Write                               0x080023b1   Thumb Code     4  stm32f10x_gpio.o(.text)
    GPIO_PinLockConfig                       0x080023b5   Thumb Code    18  stm32f10x_gpio.o(.text)
    GPIO_EventOutputConfig                   0x080023c7   Thumb Code    26  stm32f10x_gpio.o(.text)
    GPIO_EventOutputCmd                      0x080023e1   Thumb Code     6  stm32f10x_gpio.o(.text)
    GPIO_PinRemapConfig                      0x080023e7   Thumb Code   138  stm32f10x_gpio.o(.text)
    GPIO_EXTILineConfig                      0x08002471   Thumb Code    66  stm32f10x_gpio.o(.text)
    GPIO_ETH_MediaInterfaceConfig            0x080024b3   Thumb Code     8  stm32f10x_gpio.o(.text)
    RCC_DeInit                               0x080024e1   Thumb Code    64  stm32f10x_rcc.o(.text)
    RCC_HSEConfig                            0x08002521   Thumb Code    70  stm32f10x_rcc.o(.text)
    RCC_GetFlagStatus                        0x08002567   Thumb Code    56  stm32f10x_rcc.o(.text)
    RCC_WaitForHSEStartUp                    0x0800259f   Thumb Code    56  stm32f10x_rcc.o(.text)
    RCC_AdjustHSICalibrationValue            0x080025d7   Thumb Code    20  stm32f10x_rcc.o(.text)
    RCC_HSICmd                               0x080025eb   Thumb Code     6  stm32f10x_rcc.o(.text)
    RCC_PLLConfig                            0x080025f1   Thumb Code    24  stm32f10x_rcc.o(.text)
    RCC_PLLCmd                               0x08002609   Thumb Code     6  stm32f10x_rcc.o(.text)
    RCC_SYSCLKConfig                         0x0800260f   Thumb Code    18  stm32f10x_rcc.o(.text)
    RCC_GetSYSCLKSource                      0x08002621   Thumb Code    10  stm32f10x_rcc.o(.text)
    RCC_HCLKConfig                           0x0800262b   Thumb Code    18  stm32f10x_rcc.o(.text)
    RCC_PCLK1Config                          0x0800263d   Thumb Code    18  stm32f10x_rcc.o(.text)
    RCC_PCLK2Config                          0x0800264f   Thumb Code    20  stm32f10x_rcc.o(.text)
    RCC_ITConfig                             0x08002663   Thumb Code    26  stm32f10x_rcc.o(.text)
    RCC_USBCLKConfig                         0x0800267d   Thumb Code     8  stm32f10x_rcc.o(.text)
    RCC_ADCCLKConfig                         0x08002685   Thumb Code    18  stm32f10x_rcc.o(.text)
    RCC_LSEConfig                            0x08002697   Thumb Code    50  stm32f10x_rcc.o(.text)
    RCC_LSICmd                               0x080026c9   Thumb Code     6  stm32f10x_rcc.o(.text)
    RCC_RTCCLKConfig                         0x080026cf   Thumb Code    12  stm32f10x_rcc.o(.text)
    RCC_RTCCLKCmd                            0x080026db   Thumb Code     8  stm32f10x_rcc.o(.text)
    RCC_GetClocksFreq                        0x080026e3   Thumb Code   192  stm32f10x_rcc.o(.text)
    RCC_AHBPeriphClockCmd                    0x080027a3   Thumb Code    26  stm32f10x_rcc.o(.text)
    RCC_APB2PeriphClockCmd                   0x080027bd   Thumb Code    26  stm32f10x_rcc.o(.text)
    RCC_APB1PeriphClockCmd                   0x080027d7   Thumb Code    26  stm32f10x_rcc.o(.text)
    RCC_APB2PeriphResetCmd                   0x080027f1   Thumb Code    26  stm32f10x_rcc.o(.text)
    RCC_APB1PeriphResetCmd                   0x0800280b   Thumb Code    26  stm32f10x_rcc.o(.text)
    RCC_BackupResetCmd                       0x08002825   Thumb Code     8  stm32f10x_rcc.o(.text)
    RCC_ClockSecuritySystemCmd               0x0800282d   Thumb Code     6  stm32f10x_rcc.o(.text)
    RCC_MCOConfig                            0x08002833   Thumb Code     6  stm32f10x_rcc.o(.text)
    RCC_ClearFlag                            0x08002839   Thumb Code    14  stm32f10x_rcc.o(.text)
    RCC_GetITStatus                          0x08002847   Thumb Code    20  stm32f10x_rcc.o(.text)
    RCC_ClearITPendingBit                    0x0800285b   Thumb Code     6  stm32f10x_rcc.o(.text)
    USART_DeInit                             0x08002885   Thumb Code   134  stm32f10x_usart.o(.text)
    USART_Init                               0x0800290b   Thumb Code   210  stm32f10x_usart.o(.text)
    USART_StructInit                         0x080029dd   Thumb Code    24  stm32f10x_usart.o(.text)
    USART_ClockInit                          0x080029f5   Thumb Code    34  stm32f10x_usart.o(.text)
    USART_ClockStructInit                    0x08002a17   Thumb Code    12  stm32f10x_usart.o(.text)
    USART_Cmd                                0x08002a23   Thumb Code    24  stm32f10x_usart.o(.text)
    USART_ITConfig                           0x08002a3b   Thumb Code    74  stm32f10x_usart.o(.text)
    USART_DMACmd                             0x08002a85   Thumb Code    18  stm32f10x_usart.o(.text)
    USART_SetAddress                         0x08002a97   Thumb Code    18  stm32f10x_usart.o(.text)
    USART_WakeUpConfig                       0x08002aa9   Thumb Code    18  stm32f10x_usart.o(.text)
    USART_ReceiverWakeUpCmd                  0x08002abb   Thumb Code    24  stm32f10x_usart.o(.text)
    USART_LINBreakDetectLengthConfig         0x08002ad3   Thumb Code    18  stm32f10x_usart.o(.text)
    USART_LINCmd                             0x08002ae5   Thumb Code    24  stm32f10x_usart.o(.text)
    USART_SendData                           0x08002afd   Thumb Code     8  stm32f10x_usart.o(.text)
    USART_ReceiveData                        0x08002b05   Thumb Code    10  stm32f10x_usart.o(.text)
    USART_SendBreak                          0x08002b0f   Thumb Code    10  stm32f10x_usart.o(.text)
    USART_SetGuardTime                       0x08002b19   Thumb Code    16  stm32f10x_usart.o(.text)
    USART_SetPrescaler                       0x08002b29   Thumb Code    16  stm32f10x_usart.o(.text)
    USART_SmartCardCmd                       0x08002b39   Thumb Code    24  stm32f10x_usart.o(.text)
    USART_SmartCardNACKCmd                   0x08002b51   Thumb Code    24  stm32f10x_usart.o(.text)
    USART_HalfDuplexCmd                      0x08002b69   Thumb Code    24  stm32f10x_usart.o(.text)
    USART_OverSampling8Cmd                   0x08002b81   Thumb Code    22  stm32f10x_usart.o(.text)
    USART_OneBitMethodCmd                    0x08002b97   Thumb Code    24  stm32f10x_usart.o(.text)
    USART_IrDAConfig                         0x08002baf   Thumb Code    18  stm32f10x_usart.o(.text)
    USART_IrDACmd                            0x08002bc1   Thumb Code    24  stm32f10x_usart.o(.text)
    USART_GetFlagStatus                      0x08002bd9   Thumb Code    26  stm32f10x_usart.o(.text)
    USART_ClearFlag                          0x08002bf3   Thumb Code    18  stm32f10x_usart.o(.text)
    USART_GetITStatus                        0x08002c05   Thumb Code    84  stm32f10x_usart.o(.text)
    USART_ClearITPendingBit                  0x08002c59   Thumb Code    52  stm32f10x_usart.o(.text)
    __aeabi_memcpy                           0x08002c8d   Thumb Code    36  memcpya.o(.text)
    __aeabi_memcpy4                          0x08002c8d   Thumb Code     0  memcpya.o(.text)
    __aeabi_memcpy8                          0x08002c8d   Thumb Code     0  memcpya.o(.text)
    __aeabi_memset                           0x08002cb1   Thumb Code    14  memseta.o(.text)
    __aeabi_memset4                          0x08002cb1   Thumb Code     0  memseta.o(.text)
    __aeabi_memset8                          0x08002cb1   Thumb Code     0  memseta.o(.text)
    __aeabi_memclr                           0x08002cbf   Thumb Code     4  memseta.o(.text)
    __aeabi_memclr4                          0x08002cbf   Thumb Code     0  memseta.o(.text)
    __aeabi_memclr8                          0x08002cbf   Thumb Code     0  memseta.o(.text)
    _memset$wrapper                          0x08002cc3   Thumb Code    18  memseta.o(.text)
    strstr                                   0x08002cd5   Thumb Code    36  strstr.o(.text)
    __aeabi_fadd                             0x08002cf9   Thumb Code   164  fadd.o(.text)
    __aeabi_fsub                             0x08002d9d   Thumb Code     6  fadd.o(.text)
    __aeabi_frsub                            0x08002da3   Thumb Code     6  fadd.o(.text)
    __aeabi_fmul                             0x08002da9   Thumb Code   100  fmul.o(.text)
    __aeabi_ui2f                             0x08002e0d   Thumb Code    10  ffltui.o(.text)
    __aeabi_f2uiz                            0x08002e17   Thumb Code    40  ffixui.o(.text)
    __aeabi_uidiv                            0x08002e3f   Thumb Code     0  uidiv.o(.text)
    __aeabi_uidivmod                         0x08002e3f   Thumb Code    44  uidiv.o(.text)
    __I$use$fp                               0x08002e6b   Thumb Code     0  iusefp.o(.text)
    _float_round                             0x08002e6b   Thumb Code    18  fepilogue.o(.text)
    _float_epilogue                          0x08002e7d   Thumb Code    92  fepilogue.o(.text)
    __scatterload                            0x08002ed9   Thumb Code    28  init.o(.text)
    __scatterload_rt2                        0x08002ed9   Thumb Code     0  init.o(.text)
    __0printf$6                              0x08002efd   Thumb Code    22  printf6.o(i.__0printf$6)
    __1printf$6                              0x08002efd   Thumb Code     0  printf6.o(i.__0printf$6)
    __2printf                                0x08002efd   Thumb Code     0  printf6.o(i.__0printf$6)
    __scatterload_copy                       0x08002f1d   Thumb Code    14  handlers.o(i.__scatterload_copy)
    __scatterload_null                       0x08002f2b   Thumb Code     2  handlers.o(i.__scatterload_null)
    __scatterload_zeroinit                   0x08002f2d   Thumb Code    14  handlers.o(i.__scatterload_zeroinit)
    Region$$Table$$Base                      0x08003280   Number         0  anon$$obj.o(Region$$Table)
    Region$$Table$$Limit                     0x080032a0   Number         0  anon$$obj.o(Region$$Table)
    __stdout                                 0x2000000c   Data           4  bsp_usart.o(.data)
    sysTickCnt                               0x20000020   Data           8  system_f103.o(.data)
    AHBPrescTable                            0x2000003c   Data          16  system_stm32f10x.o(.data)
    SystemCoreClock                          0x2000004c   Data           4  system_stm32f10x.o(.data)
    xUSART                                   0x20000064   Data        5142  bsp_usart.o(.bss)
    xRS485                                   0x20002d7c   Data        1036  bsp_rs485.o(.bss)
    xFlag                                    0x20003188   Data          66  system_f103.o(.bss)
    __initial_sp                             0x20003dd0   Data           0  startup_stm32f10x_hd.o(STACK)



==============================================================================

Memory Map of the image

  Image Entry point : 0x08000131

  Load Region LR_IROM1 (Base: 0x08000000, Size: 0x00003304, Max: 0x00040000, ABSOLUTE)

    Execution Region ER_IROM1 (Exec base: 0x08000000, Load base: 0x08000000, Size: 0x000032a0, Max: 0x00040000, ABSOLUTE)

    Exec Addr    Load Addr    Size         Type   Attr      Idx    E Section Name        Object

    0x08000000   0x08000000   0x00000130   Data   RO          189    RESET               startup_stm32f10x_hd.o
    0x08000130   0x08000130   0x00000000   Code   RO          504  * .ARM.Collect$$$$00000000  mc_w.l(entry.o)
    0x08000130   0x08000130   0x00000004   Code   RO          784    .ARM.Collect$$$$00000001  mc_w.l(entry2.o)
    0x08000134   0x08000134   0x00000004   Code   RO          787    .ARM.Collect$$$$00000004  mc_w.l(entry5.o)
    0x08000138   0x08000138   0x00000000   Code   RO          789    .ARM.Collect$$$$00000008  mc_w.l(entry7b.o)
    0x08000138   0x08000138   0x00000000   Code   RO          791    .ARM.Collect$$$$0000000A  mc_w.l(entry8b.o)
    0x08000138   0x08000138   0x00000008   Code   RO          792    .ARM.Collect$$$$0000000B  mc_w.l(entry9a.o)
    0x08000140   0x08000140   0x00000000   Code   RO          794    .ARM.Collect$$$$0000000D  mc_w.l(entry10a.o)
    0x08000140   0x08000140   0x00000000   Code   RO          796    .ARM.Collect$$$$0000000F  mc_w.l(entry11a.o)
    0x08000140   0x08000140   0x00000004   Code   RO          785    .ARM.Collect$$$$00002712  mc_w.l(entry2.o)
    0x08000144   0x08000144   0x00000180   Code   RO            1    .text               main.o
    0x080002c4   0x080002c4   0x00000018   Code   RO           84    .text               stm32f10x_it.o
    0x080002dc   0x080002dc   0x00000084   Code   RO          103    .text               bsp_led.o
    0x08000360   0x08000360   0x00000248   Code   RO          115    .text               bsp_key.o
    0x080005a8   0x080005a8   0x00000dd4   Code   RO          127    .text               bsp_usart.o
    0x0800137c   0x0800137c   0x000002b4   Code   RO          150    .text               bsp_rs485.o
    0x08001630   0x08001630   0x00000794   Code   RO          168    .text               system_f103.o
    0x08001dc4   0x08001dc4   0x00000024   Code   RO          190    .text               startup_stm32f10x_hd.o
    0x08001de8   0x08001de8   0x000001a4   Code   RO          205    .text               system_stm32f10x.o
    0x08001f8c   0x08001f8c   0x000000dc   Code   RO          223    .text               misc.o
    0x08002068   0x08002068   0x0000011c   Code   RO          319    .text               stm32f10x_exti.o
    0x08002184   0x08002184   0x0000035c   Code   RO          346    .text               stm32f10x_gpio.o
    0x080024e0   0x080024e0   0x000003a4   Code   RO          403    .text               stm32f10x_rcc.o
    0x08002884   0x08002884   0x00000408   Code   RO          477    .text               stm32f10x_usart.o
    0x08002c8c   0x08002c8c   0x00000024   Code   RO          507    .text               mc_w.l(memcpya.o)
    0x08002cb0   0x08002cb0   0x00000024   Code   RO          509    .text               mc_w.l(memseta.o)
    0x08002cd4   0x08002cd4   0x00000024   Code   RO          511    .text               mc_w.l(strstr.o)
    0x08002cf8   0x08002cf8   0x000000b0   Code   RO          776    .text               mf_w.l(fadd.o)
    0x08002da8   0x08002da8   0x00000064   Code   RO          778    .text               mf_w.l(fmul.o)
    0x08002e0c   0x08002e0c   0x0000000a   Code   RO          780    .text               mf_w.l(ffltui.o)
    0x08002e16   0x08002e16   0x00000028   Code   RO          782    .text               mf_w.l(ffixui.o)
    0x08002e3e   0x08002e3e   0x0000002c   Code   RO          798    .text               mc_w.l(uidiv.o)
    0x08002e6a   0x08002e6a   0x00000000   Code   RO          802    .text               mc_w.l(iusefp.o)
    0x08002e6a   0x08002e6a   0x0000006e   Code   RO          803    .text               mf_w.l(fepilogue.o)
    0x08002ed8   0x08002ed8   0x00000024   Code   RO          815    .text               mc_w.l(init.o)
    0x08002efc   0x08002efc   0x00000020   Code   RO          670    i.__0printf$6       mc_w.l(printf6.o)
    0x08002f1c   0x08002f1c   0x0000000e   Code   RO          827    i.__scatterload_copy  mc_w.l(handlers.o)
    0x08002f2a   0x08002f2a   0x00000002   Code   RO          828    i.__scatterload_null  mc_w.l(handlers.o)
    0x08002f2c   0x08002f2c   0x0000000e   Code   RO          829    i.__scatterload_zeroinit  mc_w.l(handlers.o)
    0x08002f3a   0x08002f3a   0x00000002   PAD
    0x08002f3c   0x08002f3c   0x000002f0   Code   RO          677    i._printf_core      mc_w.l(printf6.o)
    0x0800322c   0x0800322c   0x00000024   Code   RO          678    i._printf_post_padding  mc_w.l(printf6.o)
    0x08003250   0x08003250   0x0000002e   Code   RO          679    i._printf_pre_padding  mc_w.l(printf6.o)
    0x0800327e   0x0800327e   0x00000002   PAD
    0x08003280   0x08003280   0x00000020   Data   RO          825    Region$$Table       anon$$obj.o


    Execution Region RW_IRAM1 (Exec base: 0x20000000, Load base: 0x080032a0, Size: 0x00003dd0, Max: 0x0000c000, ABSOLUTE)

    Exec Addr    Load Addr    Size         Type   Attr      Idx    E Section Name        Object

    0x20000000   0x080032a0   0x0000001c   Data   RW          129    .data               bsp_usart.o
    0x2000001c   0x080032bc   0x00000004   PAD
    0x20000020   0x080032c0   0x0000001a   Data   RW          170    .data               system_f103.o
    0x2000003a   0x080032da   0x00000002   PAD
    0x2000003c   0x080032dc   0x00000014   Data   RW          206    .data               system_stm32f10x.o
    0x20000050   0x080032f0   0x00000014   Data   RW          404    .data               stm32f10x_rcc.o
    0x20000064        -       0x00002d16   Zero   RW          128    .bss                bsp_usart.o
    0x20002d7a   0x08003304   0x00000002   PAD
    0x20002d7c        -       0x0000040c   Zero   RW          151    .bss                bsp_rs485.o
    0x20003188        -       0x00000842   Zero   RW          169    .bss                system_f103.o
    0x200039ca   0x08003304   0x00000006   PAD
    0x200039d0        -       0x00000400   Zero   RW          187    STACK               startup_stm32f10x_hd.o


==============================================================================

Image component sizes


      Code (inc. data)   RO Data    RW Data    ZI Data      Debug   Object Name

       584        146          0          0          0       1246   bsp_key.o
       132         40          0          0          0        623   bsp_led.o
       692         46          0          0       1036       3508   bsp_rs485.o
      3540        554          0         28      11542      12078   bsp_usart.o
       384        136          0          0          0     236255   main.o
       220         22          0          0          0       2041   misc.o
        36          8        304          0       1024        952   startup_stm32f10x_hd.o
       284         10          0          0          0       2499   stm32f10x_exti.o
       860         38          0          0          0       5977   stm32f10x_gpio.o
        24          0          0          0          0       1230   stm32f10x_it.o
       932         36          0         20          0       9280   stm32f10x_rcc.o
      1032         22          0          0          0       8700   stm32f10x_usart.o
      1940        234          0         26       2114       9541   system_f103.o
       420         32          0         20          0       1939   system_stm32f10x.o

    ----------------------------------------------------------------------
     11080       1324        336        100      15724     295869   Object Totals
         0          0         32          0          0          0   (incl. Generated)
         0          0          0          6          8          0   (incl. Padding)

    ----------------------------------------------------------------------

      Code (inc. data)   RO Data    RW Data    ZI Data      Debug   Library Member Name

         0          0          0          0          0          0   entry.o
         0          0          0          0          0          0   entry10a.o
         0          0          0          0          0          0   entry11a.o
         8          4          0          0          0          0   entry2.o
         4          0          0          0          0          0   entry5.o
         0          0          0          0          0          0   entry7b.o
         0          0          0          0          0          0   entry8b.o
         8          4          0          0          0          0   entry9a.o
        30          0          0          0          0          0   handlers.o
        36          8          0          0          0         68   init.o
         0          0          0          0          0          0   iusefp.o
        36          0          0          0          0         68   memcpya.o
        36          0          0          0          0        108   memseta.o
       866         14          0          0          0        352   printf6.o
        36          0          0          0          0         80   strstr.o
        44          0          0          0          0         80   uidiv.o
       176          0          0          0          0        140   fadd.o
       110          0          0          0          0        168   fepilogue.o
        40          0          0          0          0         68   ffixui.o
        10          0          0          0          0         68   ffltui.o
       100          0          0          0          0         76   fmul.o

    ----------------------------------------------------------------------
      1544         30          0          0          0       1276   Library Totals
         4          0          0          0          0          0   (incl. Padding)

    ----------------------------------------------------------------------

      Code (inc. data)   RO Data    RW Data    ZI Data      Debug   Library Name

      1104         30          0          0          0        756   mc_w.l
       436          0          0          0          0        520   mf_w.l

    ----------------------------------------------------------------------
      1544         30          0          0          0       1276   Library Totals

    ----------------------------------------------------------------------

==============================================================================


      Code (inc. data)   RO Data    RW Data    ZI Data      Debug   

     12624       1354        336        100      15724     295529   Grand Totals
     12624       1354        336        100      15724     295529   ELF Image Totals
     12624       1354        336        100          0          0   ROM Totals

==============================================================================

    Total RO  Size (Code + RO Data)                12960 (  12.66kB)
    Total RW  Size (RW Data + ZI Data)             15824 (  15.45kB)
    Total ROM Size (Code + RO Data + RW Data)      13060 (  12.75kB)

==============================================================================

