Component: ARM Compiler 5.06 update 7 (build 960) Tool: armlink [4d3601]

==============================================================================

Section Cross References

    main.o(.text) refers to misc.o(.text) for NVIC_PriorityGroupConfig
    main.o(.text) refers to bsp_usart.o(.text) for USART1_Init
    main.o(.text) refers to bsp_led.o(.text) for Led_Init
    main.o(.text) refers to bsp_adc.o(.text) for ADC1_GetValue
    main.o(.text) refers to ffltui.o(.text) for __aeabi_ui2f
    main.o(.text) refers to fdiv.o(.text) for __aeabi_fdiv
    main.o(.text) refers to f2d.o(.text) for __aeabi_f2d
    main.o(.text) refers to dmul.o(.text) for __aeabi_dmul
    main.o(.text) refers to d2f.o(.text) for __aeabi_d2f
    main.o(.text) refers to printfa.o(i.__0printf) for __2printf
    main.o(.text) refers to main.o(.data) for gpioADC
    main.o(.text) refers to main.o(.conststring) for .conststring
    bsp_adc.o(.text) refers to stm32f10x_gpio.o(.text) for GPIO_Init
    bsp_adc.o(.text) refers to ffltui.o(.text) for __aeabi_ui2f
    bsp_adc.o(.text) refers to f2d.o(.text) for __aeabi_f2d
    bsp_adc.o(.text) refers to dmul.o(.text) for __aeabi_dmul
    bsp_adc.o(.text) refers to d2f.o(.text) for __aeabi_d2f
    bsp_adc.o(.text) refers to dadd.o(.text) for __aeabi_drsub
    bsp_adc.o(.text) refers to ddiv.o(.text) for __aeabi_ddiv
    bsp_adc.o(.text) refers to bsp_adc.o(.data) for FLAG_ADC1InitOK
    bsp_led.o(.text) refers to stm32f10x_rcc.o(.text) for RCC_APB2PeriphClockCmd
    bsp_led.o(.text) refers to stm32f10x_gpio.o(.text) for GPIO_Init
    bsp_usart.o(.text) refers to stm32f10x_gpio.o(.text) for GPIO_Init
    bsp_usart.o(.text) refers to misc.o(.text) for NVIC_Init
    bsp_usart.o(.text) refers to stm32f10x_usart.o(.text) for USART_DeInit
    bsp_usart.o(.text) refers to printfa.o(i.__0printf) for __2printf
    bsp_usart.o(.text) refers to memcpya.o(.text) for __aeabi_memcpy
    bsp_usart.o(.text) refers to memseta.o(.text) for __aeabi_memclr
    bsp_usart.o(.text) refers to bsp_usart.o(.bss) for xUSART
    bsp_usart.o(.text) refers to bsp_usart.o(.data) for cnt
    bsp_key.o(.text) refers to stm32f10x_rcc.o(.text) for RCC_APB2PeriphClockCmd
    bsp_key.o(.text) refers to stm32f10x_gpio.o(.text) for GPIO_Init
    bsp_key.o(.text) refers to misc.o(.text) for NVIC_Init
    bsp_key.o(.text) refers to stm32f10x_exti.o(.text) for EXTI_Init
    bsp_key.o(.text) refers to printfa.o(i.__0printf) for __2printf
    system_f103.o(.text) refers to system_stm32f10x.o(.text) for SystemCoreClockUpdate
    system_f103.o(.text) refers to printfa.o(i.__0printf) for __2printf
    system_f103.o(.text) refers to ffltui.o(.text) for __aeabi_ui2f
    system_f103.o(.text) refers to fmul.o(.text) for __aeabi_fmul
    system_f103.o(.text) refers to fadd.o(.text) for __aeabi_fadd
    system_f103.o(.text) refers to ffixui.o(.text) for __aeabi_f2uiz
    system_f103.o(.text) refers to system_stm32f10x.o(.data) for SystemCoreClock
    system_f103.o(.text) refers to system_f103.o(.data) for sysTickCnt
    system_f103.o(.text) refers to system_f103.o(.bss) for sectorbufferTemp
    startup_stm32f10x_hd.o(RESET) refers to startup_stm32f10x_hd.o(STACK) for __initial_sp
    startup_stm32f10x_hd.o(RESET) refers to startup_stm32f10x_hd.o(.text) for Reset_Handler
    startup_stm32f10x_hd.o(RESET) refers to stm32f10x_it.o(.text) for NMI_Handler
    startup_stm32f10x_hd.o(RESET) refers to system_f103.o(.text) for SysTick_Handler
    startup_stm32f10x_hd.o(RESET) refers to bsp_key.o(.text) for EXTI0_IRQHandler
    startup_stm32f10x_hd.o(RESET) refers to bsp_usart.o(.text) for USART1_IRQHandler
    startup_stm32f10x_hd.o(.text) refers to system_stm32f10x.o(.text) for SystemInit
    startup_stm32f10x_hd.o(.text) refers to entry.o(.ARM.Collect$$$$00000000) for __main
    system_stm32f10x.o(.text) refers to system_stm32f10x.o(.data) for SystemCoreClock
    stm32f10x_adc.o(.text) refers to stm32f10x_rcc.o(.text) for RCC_APB2PeriphResetCmd
    stm32f10x_bkp.o(.text) refers to stm32f10x_rcc.o(.text) for RCC_BackupResetCmd
    stm32f10x_can.o(.text) refers to stm32f10x_rcc.o(.text) for RCC_APB1PeriphResetCmd
    stm32f10x_cec.o(.text) refers to stm32f10x_rcc.o(.text) for RCC_APB1PeriphResetCmd
    stm32f10x_dac.o(.text) refers to stm32f10x_rcc.o(.text) for RCC_APB1PeriphResetCmd
    stm32f10x_gpio.o(.text) refers to stm32f10x_rcc.o(.text) for RCC_APB2PeriphResetCmd
    stm32f10x_i2c.o(.text) refers to stm32f10x_rcc.o(.text) for RCC_APB1PeriphResetCmd
    stm32f10x_pwr.o(.text) refers to stm32f10x_rcc.o(.text) for RCC_APB1PeriphResetCmd
    stm32f10x_rcc.o(.text) refers to stm32f10x_rcc.o(.data) for APBAHBPrescTable
    stm32f10x_spi.o(.text) refers to stm32f10x_rcc.o(.text) for RCC_APB2PeriphResetCmd
    stm32f10x_tim.o(.text) refers to stm32f10x_rcc.o(.text) for RCC_APB2PeriphResetCmd
    stm32f10x_usart.o(.text) refers to stm32f10x_rcc.o(.text) for RCC_APB2PeriphResetCmd
    stm32f10x_wwdg.o(.text) refers to stm32f10x_rcc.o(.text) for RCC_APB1PeriphResetCmd
    entry.o(.ARM.Collect$$$$00000000) refers (Special) to entry10a.o(.ARM.Collect$$$$0000000F) for __rt_final_cpp
    entry.o(.ARM.Collect$$$$00000000) refers (Special) to entry11a.o(.ARM.Collect$$$$00000011) for __rt_final_exit
    entry.o(.ARM.Collect$$$$00000000) refers (Special) to entry12b.o(.ARM.Collect$$$$0000000E) for __rt_lib_shutdown_fini
    entry.o(.ARM.Collect$$$$00000000) refers (Special) to entry7b.o(.ARM.Collect$$$$00000008) for _main_clock
    entry.o(.ARM.Collect$$$$00000000) refers (Special) to entry8b.o(.ARM.Collect$$$$0000000A) for _main_cpp_init
    entry.o(.ARM.Collect$$$$00000000) refers (Special) to entry9a.o(.ARM.Collect$$$$0000000B) for _main_init
    entry.o(.ARM.Collect$$$$00000000) refers (Special) to entry5.o(.ARM.Collect$$$$00000004) for _main_scatterload
    entry.o(.ARM.Collect$$$$00000000) refers (Special) to entry2.o(.ARM.Collect$$$$00000001) for _main_stk
    printfb.o(i.__0fprintf$bare) refers to printfb.o(i._printf_core) for _printf_core
    printfb.o(i.__0fprintf$bare) refers to bsp_usart.o(.text) for fputc
    printfb.o(i.__0printf$bare) refers to printfb.o(i._printf_core) for _printf_core
    printfb.o(i.__0printf$bare) refers to bsp_usart.o(.text) for fputc
    printfb.o(i.__0printf$bare) refers to bsp_usart.o(.data) for __stdout
    printfb.o(i.__0snprintf$bare) refers to printfb.o(i._printf_core) for _printf_core
    printfb.o(i.__0snprintf$bare) refers to printfb.o(i._snputc) for _snputc
    printfb.o(i.__0sprintf$bare) refers to printfb.o(i._printf_core) for _printf_core
    printfb.o(i.__0sprintf$bare) refers to printfb.o(i._sputc) for _sputc
    printfb.o(i.__0vfprintf$bare) refers to printfb.o(i._printf_core) for _printf_core
    printfb.o(i.__0vfprintf$bare) refers to bsp_usart.o(.text) for fputc
    printfb.o(i.__0vprintf$bare) refers to printfb.o(i._printf_core) for _printf_core
    printfb.o(i.__0vprintf$bare) refers to bsp_usart.o(.text) for fputc
    printfb.o(i.__0vprintf$bare) refers to bsp_usart.o(.data) for __stdout
    printfb.o(i.__0vsnprintf$bare) refers to printfb.o(i._printf_core) for _printf_core
    printfb.o(i.__0vsnprintf$bare) refers to printfb.o(i._snputc) for _snputc
    printfb.o(i.__0vsprintf$bare) refers to printfb.o(i._printf_core) for _printf_core
    printfb.o(i.__0vsprintf$bare) refers to printfb.o(i._sputc) for _sputc
    printf0.o(i.__0fprintf$0) refers to printf0.o(i._printf_core) for _printf_core
    printf0.o(i.__0fprintf$0) refers to bsp_usart.o(.text) for fputc
    printf0.o(i.__0printf$0) refers to printf0.o(i._printf_core) for _printf_core
    printf0.o(i.__0printf$0) refers to bsp_usart.o(.text) for fputc
    printf0.o(i.__0printf$0) refers to bsp_usart.o(.data) for __stdout
    printf0.o(i.__0snprintf$0) refers to printf0.o(i._printf_core) for _printf_core
    printf0.o(i.__0snprintf$0) refers to printf0.o(i._snputc) for _snputc
    printf0.o(i.__0sprintf$0) refers to printf0.o(i._printf_core) for _printf_core
    printf0.o(i.__0sprintf$0) refers to printf0.o(i._sputc) for _sputc
    printf0.o(i.__0vfprintf$0) refers to printf0.o(i._printf_core) for _printf_core
    printf0.o(i.__0vfprintf$0) refers to bsp_usart.o(.text) for fputc
    printf0.o(i.__0vprintf$0) refers to printf0.o(i._printf_core) for _printf_core
    printf0.o(i.__0vprintf$0) refers to bsp_usart.o(.text) for fputc
    printf0.o(i.__0vprintf$0) refers to bsp_usart.o(.data) for __stdout
    printf0.o(i.__0vsnprintf$0) refers to printf0.o(i._printf_core) for _printf_core
    printf0.o(i.__0vsnprintf$0) refers to printf0.o(i._snputc) for _snputc
    printf0.o(i.__0vsprintf$0) refers to printf0.o(i._printf_core) for _printf_core
    printf0.o(i.__0vsprintf$0) refers to printf0.o(i._sputc) for _sputc
    printf1.o(i.__0fprintf$1) refers to printf1.o(i._printf_core) for _printf_core
    printf1.o(i.__0fprintf$1) refers to bsp_usart.o(.text) for fputc
    printf1.o(i.__0printf$1) refers to printf1.o(i._printf_core) for _printf_core
    printf1.o(i.__0printf$1) refers to bsp_usart.o(.text) for fputc
    printf1.o(i.__0printf$1) refers to bsp_usart.o(.data) for __stdout
    printf1.o(i.__0snprintf$1) refers to printf1.o(i._printf_core) for _printf_core
    printf1.o(i.__0snprintf$1) refers to printf1.o(i._snputc) for _snputc
    printf1.o(i.__0sprintf$1) refers to printf1.o(i._printf_core) for _printf_core
    printf1.o(i.__0sprintf$1) refers to printf1.o(i._sputc) for _sputc
    printf1.o(i.__0vfprintf$1) refers to printf1.o(i._printf_core) for _printf_core
    printf1.o(i.__0vfprintf$1) refers to bsp_usart.o(.text) for fputc
    printf1.o(i.__0vprintf$1) refers to printf1.o(i._printf_core) for _printf_core
    printf1.o(i.__0vprintf$1) refers to bsp_usart.o(.text) for fputc
    printf1.o(i.__0vprintf$1) refers to bsp_usart.o(.data) for __stdout
    printf1.o(i.__0vsnprintf$1) refers to printf1.o(i._printf_core) for _printf_core
    printf1.o(i.__0vsnprintf$1) refers to printf1.o(i._snputc) for _snputc
    printf1.o(i.__0vsprintf$1) refers to printf1.o(i._printf_core) for _printf_core
    printf1.o(i.__0vsprintf$1) refers to printf1.o(i._sputc) for _sputc
    printf1.o(i._printf_core) refers to uidiv.o(.text) for __aeabi_uidivmod
    printf2.o(i.__0fprintf$2) refers to printf2.o(i._printf_core) for _printf_core
    printf2.o(i.__0fprintf$2) refers to bsp_usart.o(.text) for fputc
    printf2.o(i.__0printf$2) refers to printf2.o(i._printf_core) for _printf_core
    printf2.o(i.__0printf$2) refers to bsp_usart.o(.text) for fputc
    printf2.o(i.__0printf$2) refers to bsp_usart.o(.data) for __stdout
    printf2.o(i.__0snprintf$2) refers to printf2.o(i._printf_core) for _printf_core
    printf2.o(i.__0snprintf$2) refers to printf2.o(i._snputc) for _snputc
    printf2.o(i.__0sprintf$2) refers to printf2.o(i._printf_core) for _printf_core
    printf2.o(i.__0sprintf$2) refers to printf2.o(i._sputc) for _sputc
    printf2.o(i.__0vfprintf$2) refers to printf2.o(i._printf_core) for _printf_core
    printf2.o(i.__0vfprintf$2) refers to bsp_usart.o(.text) for fputc
    printf2.o(i.__0vprintf$2) refers to printf2.o(i._printf_core) for _printf_core
    printf2.o(i.__0vprintf$2) refers to bsp_usart.o(.text) for fputc
    printf2.o(i.__0vprintf$2) refers to bsp_usart.o(.data) for __stdout
    printf2.o(i.__0vsnprintf$2) refers to printf2.o(i._printf_core) for _printf_core
    printf2.o(i.__0vsnprintf$2) refers to printf2.o(i._snputc) for _snputc
    printf2.o(i.__0vsprintf$2) refers to printf2.o(i._printf_core) for _printf_core
    printf2.o(i.__0vsprintf$2) refers to printf2.o(i._sputc) for _sputc
    printf3.o(i.__0fprintf$3) refers to printf3.o(i._printf_core) for _printf_core
    printf3.o(i.__0fprintf$3) refers to bsp_usart.o(.text) for fputc
    printf3.o(i.__0printf$3) refers to printf3.o(i._printf_core) for _printf_core
    printf3.o(i.__0printf$3) refers to bsp_usart.o(.text) for fputc
    printf3.o(i.__0printf$3) refers to bsp_usart.o(.data) for __stdout
    printf3.o(i.__0snprintf$3) refers to printf3.o(i._printf_core) for _printf_core
    printf3.o(i.__0snprintf$3) refers to printf3.o(i._snputc) for _snputc
    printf3.o(i.__0sprintf$3) refers to printf3.o(i._printf_core) for _printf_core
    printf3.o(i.__0sprintf$3) refers to printf3.o(i._sputc) for _sputc
    printf3.o(i.__0vfprintf$3) refers to printf3.o(i._printf_core) for _printf_core
    printf3.o(i.__0vfprintf$3) refers to bsp_usart.o(.text) for fputc
    printf3.o(i.__0vprintf$3) refers to printf3.o(i._printf_core) for _printf_core
    printf3.o(i.__0vprintf$3) refers to bsp_usart.o(.text) for fputc
    printf3.o(i.__0vprintf$3) refers to bsp_usart.o(.data) for __stdout
    printf3.o(i.__0vsnprintf$3) refers to printf3.o(i._printf_core) for _printf_core
    printf3.o(i.__0vsnprintf$3) refers to printf3.o(i._snputc) for _snputc
    printf3.o(i.__0vsprintf$3) refers to printf3.o(i._printf_core) for _printf_core
    printf3.o(i.__0vsprintf$3) refers to printf3.o(i._sputc) for _sputc
    printf3.o(i._printf_core) refers to uidiv.o(.text) for __aeabi_uidivmod
    printf4.o(i.__0fprintf$4) refers to printf4.o(i._printf_core) for _printf_core
    printf4.o(i.__0fprintf$4) refers to bsp_usart.o(.text) for fputc
    printf4.o(i.__0printf$4) refers to printf4.o(i._printf_core) for _printf_core
    printf4.o(i.__0printf$4) refers to bsp_usart.o(.text) for fputc
    printf4.o(i.__0printf$4) refers to bsp_usart.o(.data) for __stdout
    printf4.o(i.__0snprintf$4) refers to printf4.o(i._printf_core) for _printf_core
    printf4.o(i.__0snprintf$4) refers to printf4.o(i._snputc) for _snputc
    printf4.o(i.__0sprintf$4) refers to printf4.o(i._printf_core) for _printf_core
    printf4.o(i.__0sprintf$4) refers to printf4.o(i._sputc) for _sputc
    printf4.o(i.__0vfprintf$4) refers to printf4.o(i._printf_core) for _printf_core
    printf4.o(i.__0vfprintf$4) refers to bsp_usart.o(.text) for fputc
    printf4.o(i.__0vprintf$4) refers to printf4.o(i._printf_core) for _printf_core
    printf4.o(i.__0vprintf$4) refers to bsp_usart.o(.text) for fputc
    printf4.o(i.__0vprintf$4) refers to bsp_usart.o(.data) for __stdout
    printf4.o(i.__0vsnprintf$4) refers to printf4.o(i._printf_core) for _printf_core
    printf4.o(i.__0vsnprintf$4) refers to printf4.o(i._snputc) for _snputc
    printf4.o(i.__0vsprintf$4) refers to printf4.o(i._printf_core) for _printf_core
    printf4.o(i.__0vsprintf$4) refers to printf4.o(i._sputc) for _sputc
    printf4.o(i._printf_core) refers to uldiv.o(.text) for __aeabi_uldivmod
    printf5.o(i.__0fprintf$5) refers to printf5.o(i._printf_core) for _printf_core
    printf5.o(i.__0fprintf$5) refers to bsp_usart.o(.text) for fputc
    printf5.o(i.__0printf$5) refers to printf5.o(i._printf_core) for _printf_core
    printf5.o(i.__0printf$5) refers to bsp_usart.o(.text) for fputc
    printf5.o(i.__0printf$5) refers to bsp_usart.o(.data) for __stdout
    printf5.o(i.__0snprintf$5) refers to printf5.o(i._printf_core) for _printf_core
    printf5.o(i.__0snprintf$5) refers to printf5.o(i._snputc) for _snputc
    printf5.o(i.__0sprintf$5) refers to printf5.o(i._printf_core) for _printf_core
    printf5.o(i.__0sprintf$5) refers to printf5.o(i._sputc) for _sputc
    printf5.o(i.__0vfprintf$5) refers to printf5.o(i._printf_core) for _printf_core
    printf5.o(i.__0vfprintf$5) refers to bsp_usart.o(.text) for fputc
    printf5.o(i.__0vprintf$5) refers to printf5.o(i._printf_core) for _printf_core
    printf5.o(i.__0vprintf$5) refers to bsp_usart.o(.text) for fputc
    printf5.o(i.__0vprintf$5) refers to bsp_usart.o(.data) for __stdout
    printf5.o(i.__0vsnprintf$5) refers to printf5.o(i._printf_core) for _printf_core
    printf5.o(i.__0vsnprintf$5) refers to printf5.o(i._snputc) for _snputc
    printf5.o(i.__0vsprintf$5) refers to printf5.o(i._printf_core) for _printf_core
    printf5.o(i.__0vsprintf$5) refers to printf5.o(i._sputc) for _sputc
    printf5.o(i._printf_core) refers to uldiv.o(.text) for __aeabi_uldivmod
    printf6.o(i.__0fprintf$6) refers to printf6.o(i._printf_core) for _printf_core
    printf6.o(i.__0fprintf$6) refers to bsp_usart.o(.text) for fputc
    printf6.o(i.__0printf$6) refers to printf6.o(i._printf_core) for _printf_core
    printf6.o(i.__0printf$6) refers to bsp_usart.o(.text) for fputc
    printf6.o(i.__0printf$6) refers to bsp_usart.o(.data) for __stdout
    printf6.o(i.__0snprintf$6) refers to printf6.o(i._printf_core) for _printf_core
    printf6.o(i.__0snprintf$6) refers to printf6.o(i._snputc) for _snputc
    printf6.o(i.__0sprintf$6) refers to printf6.o(i._printf_core) for _printf_core
    printf6.o(i.__0sprintf$6) refers to printf6.o(i._sputc) for _sputc
    printf6.o(i.__0vfprintf$6) refers to printf6.o(i._printf_core) for _printf_core
    printf6.o(i.__0vfprintf$6) refers to bsp_usart.o(.text) for fputc
    printf6.o(i.__0vprintf$6) refers to printf6.o(i._printf_core) for _printf_core
    printf6.o(i.__0vprintf$6) refers to bsp_usart.o(.text) for fputc
    printf6.o(i.__0vprintf$6) refers to bsp_usart.o(.data) for __stdout
    printf6.o(i.__0vsnprintf$6) refers to printf6.o(i._printf_core) for _printf_core
    printf6.o(i.__0vsnprintf$6) refers to printf6.o(i._snputc) for _snputc
    printf6.o(i.__0vsprintf$6) refers to printf6.o(i._printf_core) for _printf_core
    printf6.o(i.__0vsprintf$6) refers to printf6.o(i._sputc) for _sputc
    printf6.o(i._printf_core) refers to printf6.o(i._printf_pre_padding) for _printf_pre_padding
    printf6.o(i._printf_core) refers to uidiv.o(.text) for __aeabi_uidivmod
    printf6.o(i._printf_core) refers to printf6.o(i._printf_post_padding) for _printf_post_padding
    printf7.o(i.__0fprintf$7) refers to printf7.o(i._printf_core) for _printf_core
    printf7.o(i.__0fprintf$7) refers to bsp_usart.o(.text) for fputc
    printf7.o(i.__0printf$7) refers to printf7.o(i._printf_core) for _printf_core
    printf7.o(i.__0printf$7) refers to bsp_usart.o(.text) for fputc
    printf7.o(i.__0printf$7) refers to bsp_usart.o(.data) for __stdout
    printf7.o(i.__0snprintf$7) refers to printf7.o(i._printf_core) for _printf_core
    printf7.o(i.__0snprintf$7) refers to printf7.o(i._snputc) for _snputc
    printf7.o(i.__0sprintf$7) refers to printf7.o(i._printf_core) for _printf_core
    printf7.o(i.__0sprintf$7) refers to printf7.o(i._sputc) for _sputc
    printf7.o(i.__0vfprintf$7) refers to printf7.o(i._printf_core) for _printf_core
    printf7.o(i.__0vfprintf$7) refers to bsp_usart.o(.text) for fputc
    printf7.o(i.__0vprintf$7) refers to printf7.o(i._printf_core) for _printf_core
    printf7.o(i.__0vprintf$7) refers to bsp_usart.o(.text) for fputc
    printf7.o(i.__0vprintf$7) refers to bsp_usart.o(.data) for __stdout
    printf7.o(i.__0vsnprintf$7) refers to printf7.o(i._printf_core) for _printf_core
    printf7.o(i.__0vsnprintf$7) refers to printf7.o(i._snputc) for _snputc
    printf7.o(i.__0vsprintf$7) refers to printf7.o(i._printf_core) for _printf_core
    printf7.o(i.__0vsprintf$7) refers to printf7.o(i._sputc) for _sputc
    printf7.o(i._printf_core) refers to printf7.o(i._printf_pre_padding) for _printf_pre_padding
    printf7.o(i._printf_core) refers to uldiv.o(.text) for __aeabi_uldivmod
    printf7.o(i._printf_core) refers to printf7.o(i._printf_post_padding) for _printf_post_padding
    printf8.o(i.__0fprintf$8) refers to printf8.o(i._printf_core) for _printf_core
    printf8.o(i.__0fprintf$8) refers to bsp_usart.o(.text) for fputc
    printf8.o(i.__0printf$8) refers to printf8.o(i._printf_core) for _printf_core
    printf8.o(i.__0printf$8) refers to bsp_usart.o(.text) for fputc
    printf8.o(i.__0printf$8) refers to bsp_usart.o(.data) for __stdout
    printf8.o(i.__0snprintf$8) refers to printf8.o(i._printf_core) for _printf_core
    printf8.o(i.__0snprintf$8) refers to printf8.o(i._snputc) for _snputc
    printf8.o(i.__0sprintf$8) refers to printf8.o(i._printf_core) for _printf_core
    printf8.o(i.__0sprintf$8) refers to printf8.o(i._sputc) for _sputc
    printf8.o(i.__0vfprintf$8) refers to printf8.o(i._printf_core) for _printf_core
    printf8.o(i.__0vfprintf$8) refers to bsp_usart.o(.text) for fputc
    printf8.o(i.__0vprintf$8) refers to printf8.o(i._printf_core) for _printf_core
    printf8.o(i.__0vprintf$8) refers to bsp_usart.o(.text) for fputc
    printf8.o(i.__0vprintf$8) refers to bsp_usart.o(.data) for __stdout
    printf8.o(i.__0vsnprintf$8) refers to printf8.o(i._printf_core) for _printf_core
    printf8.o(i.__0vsnprintf$8) refers to printf8.o(i._snputc) for _snputc
    printf8.o(i.__0vsprintf$8) refers to printf8.o(i._printf_core) for _printf_core
    printf8.o(i.__0vsprintf$8) refers to printf8.o(i._sputc) for _sputc
    printf8.o(i._printf_core) refers to printf8.o(i._printf_pre_padding) for _printf_pre_padding
    printf8.o(i._printf_core) refers to uldiv.o(.text) for __aeabi_uldivmod
    printf8.o(i._printf_core) refers to printf8.o(i._printf_post_padding) for _printf_post_padding
    printfa.o(i.__0fprintf) refers (Special) to iusefp.o(.text) for __I$use$fp
    printfa.o(i.__0fprintf) refers to printfa.o(i._printf_core) for _printf_core
    printfa.o(i.__0fprintf) refers to bsp_usart.o(.text) for fputc
    printfa.o(i.__0printf) refers (Special) to iusefp.o(.text) for __I$use$fp
    printfa.o(i.__0printf) refers to printfa.o(i._printf_core) for _printf_core
    printfa.o(i.__0printf) refers to bsp_usart.o(.text) for fputc
    printfa.o(i.__0printf) refers to bsp_usart.o(.data) for __stdout
    printfa.o(i.__0snprintf) refers (Special) to iusefp.o(.text) for __I$use$fp
    printfa.o(i.__0snprintf) refers to printfa.o(i._printf_core) for _printf_core
    printfa.o(i.__0snprintf) refers to printfa.o(i._snputc) for _snputc
    printfa.o(i.__0sprintf) refers (Special) to iusefp.o(.text) for __I$use$fp
    printfa.o(i.__0sprintf) refers to printfa.o(i._printf_core) for _printf_core
    printfa.o(i.__0sprintf) refers to printfa.o(i._sputc) for _sputc
    printfa.o(i.__0vfprintf) refers (Special) to iusefp.o(.text) for __I$use$fp
    printfa.o(i.__0vfprintf) refers to printfa.o(i._printf_core) for _printf_core
    printfa.o(i.__0vfprintf) refers to bsp_usart.o(.text) for fputc
    printfa.o(i.__0vprintf) refers (Special) to iusefp.o(.text) for __I$use$fp
    printfa.o(i.__0vprintf) refers to printfa.o(i._printf_core) for _printf_core
    printfa.o(i.__0vprintf) refers to bsp_usart.o(.text) for fputc
    printfa.o(i.__0vprintf) refers to bsp_usart.o(.data) for __stdout
    printfa.o(i.__0vsnprintf) refers (Special) to iusefp.o(.text) for __I$use$fp
    printfa.o(i.__0vsnprintf) refers to printfa.o(i._printf_core) for _printf_core
    printfa.o(i.__0vsnprintf) refers to printfa.o(i._snputc) for _snputc
    printfa.o(i.__0vsprintf) refers (Special) to iusefp.o(.text) for __I$use$fp
    printfa.o(i.__0vsprintf) refers to printfa.o(i._printf_core) for _printf_core
    printfa.o(i.__0vsprintf) refers to printfa.o(i._sputc) for _sputc
    printfa.o(i._fp_digits) refers (Special) to iusefp.o(.text) for __I$use$fp
    printfa.o(i._fp_digits) refers to dmul.o(.text) for __aeabi_dmul
    printfa.o(i._fp_digits) refers to ddiv.o(.text) for __aeabi_ddiv
    printfa.o(i._fp_digits) refers to cdrcmple.o(.text) for __aeabi_cdrcmple
    printfa.o(i._fp_digits) refers to dadd.o(.text) for __aeabi_dadd
    printfa.o(i._fp_digits) refers to dfixul.o(.text) for __aeabi_d2ulz
    printfa.o(i._fp_digits) refers to uldiv.o(.text) for __aeabi_uldivmod
    printfa.o(i._printf_core) refers (Special) to iusefp.o(.text) for __I$use$fp
    printfa.o(i._printf_core) refers to printfa.o(i._printf_pre_padding) for _printf_pre_padding
    printfa.o(i._printf_core) refers to uldiv.o(.text) for __aeabi_uldivmod
    printfa.o(i._printf_core) refers to printfa.o(i._printf_post_padding) for _printf_post_padding
    printfa.o(i._printf_core) refers to printfa.o(i._fp_digits) for _fp_digits
    printfa.o(i._printf_core) refers to uidiv.o(.text) for __aeabi_uidivmod
    printfa.o(i._printf_post_padding) refers (Special) to iusefp.o(.text) for __I$use$fp
    printfa.o(i._printf_pre_padding) refers (Special) to iusefp.o(.text) for __I$use$fp
    printfa.o(i._snputc) refers (Special) to iusefp.o(.text) for __I$use$fp
    printfa.o(i._sputc) refers (Special) to iusefp.o(.text) for __I$use$fp
    fadd.o(.text) refers (Special) to iusefp.o(.text) for __I$use$fp
    fadd.o(.text) refers to fepilogue.o(.text) for _float_epilogue
    fmul.o(.text) refers (Special) to iusefp.o(.text) for __I$use$fp
    fdiv.o(.text) refers (Special) to iusefp.o(.text) for __I$use$fp
    fdiv.o(.text) refers to fepilogue.o(.text) for _float_round
    dadd.o(.text) refers (Special) to iusefp.o(.text) for __I$use$fp
    dadd.o(.text) refers to llshl.o(.text) for __aeabi_llsl
    dadd.o(.text) refers to llsshr.o(.text) for __aeabi_lasr
    dadd.o(.text) refers to depilogue.o(.text) for _double_epilogue
    dmul.o(.text) refers (Special) to iusefp.o(.text) for __I$use$fp
    dmul.o(.text) refers to depilogue.o(.text) for _double_epilogue
    ddiv.o(.text) refers (Special) to iusefp.o(.text) for __I$use$fp
    ddiv.o(.text) refers to depilogue.o(.text) for _double_round
    ffltui.o(.text) refers (Special) to iusefp.o(.text) for __I$use$fp
    ffltui.o(.text) refers to fepilogue.o(.text) for _float_epilogue
    ffixui.o(.text) refers (Special) to iusefp.o(.text) for __I$use$fp
    f2d.o(.text) refers (Special) to iusefp.o(.text) for __I$use$fp
    d2f.o(.text) refers (Special) to iusefp.o(.text) for __I$use$fp
    d2f.o(.text) refers to fepilogue.o(.text) for _float_round
    entry2.o(.ARM.Collect$$$$00000001) refers to entry2.o(.ARM.Collect$$$$00002712) for __lit__00000000
    entry2.o(.ARM.Collect$$$$00002712) refers to startup_stm32f10x_hd.o(STACK) for __initial_sp
    entry2.o(__vectab_stack_and_reset_area) refers to startup_stm32f10x_hd.o(STACK) for __initial_sp
    entry2.o(__vectab_stack_and_reset_area) refers to entry.o(.ARM.Collect$$$$00000000) for __main
    entry5.o(.ARM.Collect$$$$00000004) refers to init.o(.text) for __scatterload
    entry9a.o(.ARM.Collect$$$$0000000B) refers to main.o(.text) for main
    entry9b.o(.ARM.Collect$$$$0000000C) refers to main.o(.text) for main
    uldiv.o(.text) refers to llushr.o(.text) for __aeabi_llsr
    uldiv.o(.text) refers to llshl.o(.text) for __aeabi_llsl
    depilogue.o(.text) refers to llshl.o(.text) for __aeabi_llsl
    depilogue.o(.text) refers to llushr.o(.text) for __aeabi_llsr
    dfixul.o(.text) refers to llushr.o(.text) for __aeabi_llsr
    dfixul.o(.text) refers to llshl.o(.text) for __aeabi_llsl
    init.o(.text) refers to entry5.o(.ARM.Collect$$$$00000004) for __main_after_scatterload


==============================================================================

Removing Unused input sections from the image.

    Removing startup_stm32f10x_hd.o(HEAP), (512 bytes).
    Removing core_cm3.o(.emb_text), (32 bytes).
    Removing stm32f10x_adc.o(.text), (1102 bytes).
    Removing stm32f10x_bkp.o(.text), (196 bytes).
    Removing stm32f10x_can.o(.text), (2544 bytes).
    Removing stm32f10x_cec.o(.text), (288 bytes).
    Removing stm32f10x_crc.o(.text), (72 bytes).
    Removing stm32f10x_dac.o(.text), (396 bytes).
    Removing stm32f10x_dbgmcu.o(.text), (48 bytes).
    Removing stm32f10x_dma.o(.text), (596 bytes).
    Removing stm32f10x_flash.o(.text), (1468 bytes).
    Removing stm32f10x_fsmc.o(.text), (1548 bytes).
    Removing stm32f10x_i2c.o(.text), (1028 bytes).
    Removing stm32f10x_iwdg.o(.text), (64 bytes).
    Removing stm32f10x_pwr.o(.text), (204 bytes).
    Removing stm32f10x_rtc.o(.text), (328 bytes).
    Removing stm32f10x_sdio.o(.text), (468 bytes).
    Removing stm32f10x_spi.o(.text), (780 bytes).
    Removing stm32f10x_tim.o(.text), (3610 bytes).
    Removing stm32f10x_wwdg.o(.text), (136 bytes).

20 unused section(s) (total 15420 bytes) removed from the image.

==============================================================================

Image Symbol Table

    Local Symbols

    Symbol Name                              Value     Ov Type        Size  Object(Section)

    ../clib/microlib/division.c              0x00000000   Number         0  uldiv.o ABSOLUTE
    ../clib/microlib/division.c              0x00000000   Number         0  uidiv.o ABSOLUTE
    ../clib/microlib/init/entry.s            0x00000000   Number         0  entry2.o ABSOLUTE
    ../clib/microlib/init/entry.s            0x00000000   Number         0  entry8b.o ABSOLUTE
    ../clib/microlib/init/entry.s            0x00000000   Number         0  entry9a.o ABSOLUTE
    ../clib/microlib/init/entry.s            0x00000000   Number         0  entry.o ABSOLUTE
    ../clib/microlib/init/entry.s            0x00000000   Number         0  entry8a.o ABSOLUTE
    ../clib/microlib/init/entry.s            0x00000000   Number         0  entry10b.o ABSOLUTE
    ../clib/microlib/init/entry.s            0x00000000   Number         0  entry11a.o ABSOLUTE
    ../clib/microlib/init/entry.s            0x00000000   Number         0  entry10a.o ABSOLUTE
    ../clib/microlib/init/entry.s            0x00000000   Number         0  entry11b.o ABSOLUTE
    ../clib/microlib/init/entry.s            0x00000000   Number         0  entry12a.o ABSOLUTE
    ../clib/microlib/init/entry.s            0x00000000   Number         0  entry12b.o ABSOLUTE
    ../clib/microlib/init/entry.s            0x00000000   Number         0  entry5.o ABSOLUTE
    ../clib/microlib/init/entry.s            0x00000000   Number         0  entry9b.o ABSOLUTE
    ../clib/microlib/init/entry.s            0x00000000   Number         0  entry7a.o ABSOLUTE
    ../clib/microlib/init/entry.s            0x00000000   Number         0  entry7b.o ABSOLUTE
    ../clib/microlib/longlong.c              0x00000000   Number         0  llushr.o ABSOLUTE
    ../clib/microlib/longlong.c              0x00000000   Number         0  llshl.o ABSOLUTE
    ../clib/microlib/longlong.c              0x00000000   Number         0  llsshr.o ABSOLUTE
    ../clib/microlib/printf/printf.c         0x00000000   Number         0  printf6.o ABSOLUTE
    ../clib/microlib/printf/printf.c         0x00000000   Number         0  printf5.o ABSOLUTE
    ../clib/microlib/printf/printf.c         0x00000000   Number         0  printf4.o ABSOLUTE
    ../clib/microlib/printf/printf.c         0x00000000   Number         0  printf3.o ABSOLUTE
    ../clib/microlib/printf/printf.c         0x00000000   Number         0  printf1.o ABSOLUTE
    ../clib/microlib/printf/printf.c         0x00000000   Number         0  printfb.o ABSOLUTE
    ../clib/microlib/printf/printf.c         0x00000000   Number         0  printf0.o ABSOLUTE
    ../clib/microlib/printf/printf.c         0x00000000   Number         0  printf7.o ABSOLUTE
    ../clib/microlib/printf/printf.c         0x00000000   Number         0  printfa.o ABSOLUTE
    ../clib/microlib/printf/printf.c         0x00000000   Number         0  printf8.o ABSOLUTE
    ../clib/microlib/printf/printf.c         0x00000000   Number         0  printf2.o ABSOLUTE
    ../clib/microlib/printf/stubs.s          0x00000000   Number         0  stubs.o ABSOLUTE
    ../clib/microlib/string/memcpy.c         0x00000000   Number         0  memcpya.o ABSOLUTE
    ../clib/microlib/string/memcpy.c         0x00000000   Number         0  memcpyb.o ABSOLUTE
    ../clib/microlib/string/memset.c         0x00000000   Number         0  memseta.o ABSOLUTE
    ../clib/microlib/stubs.s                 0x00000000   Number         0  useno.o ABSOLUTE
    ../clib/microlib/stubs.s                 0x00000000   Number         0  iusefp.o ABSOLUTE
    ../fplib/microlib/d2f.c                  0x00000000   Number         0  d2f.o ABSOLUTE
    ../fplib/microlib/f2d.c                  0x00000000   Number         0  f2d.o ABSOLUTE
    ../fplib/microlib/fpadd.c                0x00000000   Number         0  dadd.o ABSOLUTE
    ../fplib/microlib/fpadd.c                0x00000000   Number         0  fadd.o ABSOLUTE
    ../fplib/microlib/fpdiv.c                0x00000000   Number         0  fdiv.o ABSOLUTE
    ../fplib/microlib/fpdiv.c                0x00000000   Number         0  ddiv.o ABSOLUTE
    ../fplib/microlib/fpepilogue.c           0x00000000   Number         0  depilogue.o ABSOLUTE
    ../fplib/microlib/fpepilogue.c           0x00000000   Number         0  fepilogue.o ABSOLUTE
    ../fplib/microlib/fpfix.c                0x00000000   Number         0  ffixui.o ABSOLUTE
    ../fplib/microlib/fpfix.c                0x00000000   Number         0  dfixul.o ABSOLUTE
    ../fplib/microlib/fpflt.c                0x00000000   Number         0  ffltui.o ABSOLUTE
    ../fplib/microlib/fpmul.c                0x00000000   Number         0  dmul.o ABSOLUTE
    ../fplib/microlib/fpmul.c                0x00000000   Number         0  fmul.o ABSOLUTE
    ..\Libraries\CMSIS\core_cm3.c            0x00000000   Number         0  core_cm3.o ABSOLUTE
    ..\Libraries\CMSIS\startup\startup_stm32f10x_hd.s 0x00000000   Number         0  startup_stm32f10x_hd.o ABSOLUTE
    ..\Libraries\CMSIS\system_stm32f10x.c    0x00000000   Number         0  system_stm32f10x.o ABSOLUTE
    ..\Libraries\FWlib\src\misc.c            0x00000000   Number         0  misc.o ABSOLUTE
    ..\Libraries\FWlib\src\stm32f10x_adc.c   0x00000000   Number         0  stm32f10x_adc.o ABSOLUTE
    ..\Libraries\FWlib\src\stm32f10x_bkp.c   0x00000000   Number         0  stm32f10x_bkp.o ABSOLUTE
    ..\Libraries\FWlib\src\stm32f10x_can.c   0x00000000   Number         0  stm32f10x_can.o ABSOLUTE
    ..\Libraries\FWlib\src\stm32f10x_cec.c   0x00000000   Number         0  stm32f10x_cec.o ABSOLUTE
    ..\Libraries\FWlib\src\stm32f10x_crc.c   0x00000000   Number         0  stm32f10x_crc.o ABSOLUTE
    ..\Libraries\FWlib\src\stm32f10x_dac.c   0x00000000   Number         0  stm32f10x_dac.o ABSOLUTE
    ..\Libraries\FWlib\src\stm32f10x_dbgmcu.c 0x00000000   Number         0  stm32f10x_dbgmcu.o ABSOLUTE
    ..\Libraries\FWlib\src\stm32f10x_dma.c   0x00000000   Number         0  stm32f10x_dma.o ABSOLUTE
    ..\Libraries\FWlib\src\stm32f10x_exti.c  0x00000000   Number         0  stm32f10x_exti.o ABSOLUTE
    ..\Libraries\FWlib\src\stm32f10x_flash.c 0x00000000   Number         0  stm32f10x_flash.o ABSOLUTE
    ..\Libraries\FWlib\src\stm32f10x_fsmc.c  0x00000000   Number         0  stm32f10x_fsmc.o ABSOLUTE
    ..\Libraries\FWlib\src\stm32f10x_gpio.c  0x00000000   Number         0  stm32f10x_gpio.o ABSOLUTE
    ..\Libraries\FWlib\src\stm32f10x_i2c.c   0x00000000   Number         0  stm32f10x_i2c.o ABSOLUTE
    ..\Libraries\FWlib\src\stm32f10x_iwdg.c  0x00000000   Number         0  stm32f10x_iwdg.o ABSOLUTE
    ..\Libraries\FWlib\src\stm32f10x_pwr.c   0x00000000   Number         0  stm32f10x_pwr.o ABSOLUTE
    ..\Libraries\FWlib\src\stm32f10x_rcc.c   0x00000000   Number         0  stm32f10x_rcc.o ABSOLUTE
    ..\Libraries\FWlib\src\stm32f10x_rtc.c   0x00000000   Number         0  stm32f10x_rtc.o ABSOLUTE
    ..\Libraries\FWlib\src\stm32f10x_sdio.c  0x00000000   Number         0  stm32f10x_sdio.o ABSOLUTE
    ..\Libraries\FWlib\src\stm32f10x_spi.c   0x00000000   Number         0  stm32f10x_spi.o ABSOLUTE
    ..\Libraries\FWlib\src\stm32f10x_tim.c   0x00000000   Number         0  stm32f10x_tim.o ABSOLUTE
    ..\Libraries\FWlib\src\stm32f10x_usart.c 0x00000000   Number         0  stm32f10x_usart.o ABSOLUTE
    ..\Libraries\FWlib\src\stm32f10x_wwdg.c  0x00000000   Number         0  stm32f10x_wwdg.o ABSOLUTE
    ..\System\system_f103.c                  0x00000000   Number         0  system_f103.o ABSOLUTE
    ..\User\main.c                           0x00000000   Number         0  main.o ABSOLUTE
    ..\User\stm32f10x_it.c                   0x00000000   Number         0  stm32f10x_it.o ABSOLUTE
    ..\\Libraries\\CMSIS\\core_cm3.c         0x00000000   Number         0  core_cm3.o ABSOLUTE
    ..\bsp\LED\bsp_led.c                     0x00000000   Number         0  bsp_led.o ABSOLUTE
    ..\bsp\USART\bsp_usart.c                 0x00000000   Number         0  bsp_usart.o ABSOLUTE
    ..\bsp\adc\bsp_adc.c                     0x00000000   Number         0  bsp_adc.o ABSOLUTE
    ..\bsp\key\bsp_key.c                     0x00000000   Number         0  bsp_key.o ABSOLUTE
    cdrcmple.s                               0x00000000   Number         0  cdrcmple.o ABSOLUTE
    dc.s                                     0x00000000   Number         0  dc.o ABSOLUTE
    handlers.s                               0x00000000   Number         0  handlers.o ABSOLUTE
    init.s                                   0x00000000   Number         0  init.o ABSOLUTE
    RESET                                    0x08000000   Section      304  startup_stm32f10x_hd.o(RESET)
    .ARM.Collect$$$$00000000                 0x08000130   Section        0  entry.o(.ARM.Collect$$$$00000000)
    .ARM.Collect$$$$00000001                 0x08000130   Section        4  entry2.o(.ARM.Collect$$$$00000001)
    .ARM.Collect$$$$00000004                 0x08000134   Section        4  entry5.o(.ARM.Collect$$$$00000004)
    .ARM.Collect$$$$00000008                 0x08000138   Section        0  entry7b.o(.ARM.Collect$$$$00000008)
    .ARM.Collect$$$$0000000A                 0x08000138   Section        0  entry8b.o(.ARM.Collect$$$$0000000A)
    .ARM.Collect$$$$0000000B                 0x08000138   Section        8  entry9a.o(.ARM.Collect$$$$0000000B)
    .ARM.Collect$$$$0000000E                 0x08000140   Section        4  entry12b.o(.ARM.Collect$$$$0000000E)
    .ARM.Collect$$$$0000000F                 0x08000144   Section        0  entry10a.o(.ARM.Collect$$$$0000000F)
    .ARM.Collect$$$$00000011                 0x08000144   Section        0  entry11a.o(.ARM.Collect$$$$00000011)
    .ARM.Collect$$$$00002712                 0x08000144   Section        4  entry2.o(.ARM.Collect$$$$00002712)
    __lit__00000000                          0x08000144   Data           4  entry2.o(.ARM.Collect$$$$00002712)
    .text                                    0x08000148   Section        0  main.o(.text)
    delay_ms                                 0x08000149   Thumb Code    18  main.o(.text)
    .text                                    0x0800028c   Section        0  stm32f10x_it.o(.text)
    .text                                    0x080002a4   Section        0  bsp_adc.o(.text)
    delayUS                                  0x080002a5   Thumb Code    26  bsp_adc.o(.text)
    configADC1                               0x080002bf   Thumb Code   232  bsp_adc.o(.text)
    adc_GPIOInit                             0x080003a7   Thumb Code   160  bsp_adc.o(.text)
    adc_PinConvertChannel                    0x08000447   Thumb Code   230  bsp_adc.o(.text)
    ADC1_GetADC1Value                        0x0800052d   Thumb Code   118  bsp_adc.o(.text)
    .text                                    0x0800068c   Section        0  bsp_led.o(.text)
    .text                                    0x080006ec   Section        0  bsp_usart.o(.text)
    .text                                    0x080014e4   Section        0  bsp_key.o(.text)
    .text                                    0x0800172c   Section        0  system_f103.o(.text)
    waitForFlashBSY                          0x08001cd1   Thumb Code    32  system_f103.o(.text)
    .text                                    0x08001ec0   Section       36  startup_stm32f10x_hd.o(.text)
    .text                                    0x08001ee4   Section        0  system_stm32f10x.o(.text)
    .text                                    0x08002088   Section        0  misc.o(.text)
    .text                                    0x08002164   Section        0  stm32f10x_exti.o(.text)
    .text                                    0x08002280   Section        0  stm32f10x_gpio.o(.text)
    .text                                    0x080025dc   Section        0  stm32f10x_rcc.o(.text)
    .text                                    0x08002980   Section        0  stm32f10x_usart.o(.text)
    .text                                    0x08002d88   Section        0  memcpya.o(.text)
    .text                                    0x08002dac   Section        0  memseta.o(.text)
    .text                                    0x08002dd0   Section        0  fadd.o(.text)
    .text                                    0x08002e80   Section        0  fmul.o(.text)
    .text                                    0x08002ee4   Section        0  fdiv.o(.text)
    .text                                    0x08002f60   Section        0  dadd.o(.text)
    .text                                    0x080030ae   Section        0  dmul.o(.text)
    .text                                    0x08003192   Section        0  ddiv.o(.text)
    .text                                    0x08003270   Section        0  ffltui.o(.text)
    .text                                    0x0800327a   Section        0  ffixui.o(.text)
    .text                                    0x080032a2   Section        0  f2d.o(.text)
    .text                                    0x080032c8   Section        0  d2f.o(.text)
    .text                                    0x08003300   Section        0  uidiv.o(.text)
    .text                                    0x0800332c   Section        0  uldiv.o(.text)
    .text                                    0x0800338e   Section        0  llshl.o(.text)
    .text                                    0x080033ac   Section        0  llsshr.o(.text)
    .text                                    0x080033d0   Section        0  iusefp.o(.text)
    .text                                    0x080033d0   Section        0  fepilogue.o(.text)
    .text                                    0x0800343e   Section        0  depilogue.o(.text)
    .text                                    0x080034f8   Section        0  dfixul.o(.text)
    .text                                    0x08003528   Section       48  cdrcmple.o(.text)
    .text                                    0x08003558   Section       36  init.o(.text)
    .text                                    0x0800357c   Section        0  llushr.o(.text)
    i.__0printf                              0x0800359c   Section        0  printfa.o(i.__0printf)
    i.__scatterload_copy                     0x080035bc   Section       14  handlers.o(i.__scatterload_copy)
    i.__scatterload_null                     0x080035ca   Section        2  handlers.o(i.__scatterload_null)
    i.__scatterload_zeroinit                 0x080035cc   Section       14  handlers.o(i.__scatterload_zeroinit)
    i._fp_digits                             0x080035dc   Section        0  printfa.o(i._fp_digits)
    _fp_digits                               0x080035dd   Thumb Code   366  printfa.o(i._fp_digits)
    i._printf_core                           0x08003760   Section        0  printfa.o(i._printf_core)
    _printf_core                             0x08003761   Thumb Code  1704  printfa.o(i._printf_core)
    i._printf_post_padding                   0x08003e14   Section        0  printfa.o(i._printf_post_padding)
    _printf_post_padding                     0x08003e15   Thumb Code    36  printfa.o(i._printf_post_padding)
    i._printf_pre_padding                    0x08003e38   Section        0  printfa.o(i._printf_pre_padding)
    _printf_pre_padding                      0x08003e39   Thumb Code    46  printfa.o(i._printf_pre_padding)
    .conststring                             0x08003e68   Section      135  main.o(.conststring)
    .data                                    0x20000000   Section        8  main.o(.data)
    .data                                    0x20000008   Section        1  bsp_adc.o(.data)
    FLAG_ADC1InitOK                          0x20000008   Data           1  bsp_adc.o(.data)
    .data                                    0x2000000c   Section       28  bsp_usart.o(.data)
    U1TxCounter                              0x2000000c   Data           1  bsp_usart.o(.data)
    U1TxCount                                0x2000000d   Data           1  bsp_usart.o(.data)
    U2TxCounter                              0x2000000e   Data           1  bsp_usart.o(.data)
    U2TxCount                                0x2000000f   Data           1  bsp_usart.o(.data)
    U3TxCounter                              0x20000010   Data           1  bsp_usart.o(.data)
    U3TxCount                                0x20000011   Data           1  bsp_usart.o(.data)
    U4TxCounter                              0x20000012   Data           1  bsp_usart.o(.data)
    U4TxCount                                0x20000013   Data           1  bsp_usart.o(.data)
    U5TxCounter                              0x20000014   Data           1  bsp_usart.o(.data)
    U5TxCount                                0x20000015   Data           1  bsp_usart.o(.data)
    cnt                                      0x2000001c   Data           2  bsp_usart.o(.data)
    Flag_DmaTxInit                           0x2000001e   Data           1  bsp_usart.o(.data)
    cnt                                      0x20000020   Data           2  bsp_usart.o(.data)
    cnt                                      0x20000022   Data           2  bsp_usart.o(.data)
    cnt                                      0x20000024   Data           2  bsp_usart.o(.data)
    cnt                                      0x20000026   Data           2  bsp_usart.o(.data)
    .data                                    0x20000028   Section       26  system_f103.o(.data)
    _startTime                               0x20000030   Data           8  system_f103.o(.data)
    lastTime                                 0x20000038   Data           4  system_f103.o(.data)
    nowTime                                  0x2000003c   Data           4  system_f103.o(.data)
    CNT                                      0x20000040   Data           1  system_f103.o(.data)
    setGrouped                               0x20000041   Data           1  system_f103.o(.data)
    .data                                    0x20000044   Section       20  system_stm32f10x.o(.data)
    .data                                    0x20000058   Section       20  stm32f10x_rcc.o(.data)
    APBAHBPrescTable                         0x20000058   Data          16  stm32f10x_rcc.o(.data)
    ADCPrescTable                            0x20000068   Data           4  stm32f10x_rcc.o(.data)
    .bss                                     0x2000006c   Section    11542  bsp_usart.o(.bss)
    U1TxBuffer                               0x20001482   Data         256  bsp_usart.o(.bss)
    U2TxBuffer                               0x20001582   Data         256  bsp_usart.o(.bss)
    U3TxBuffer                               0x20001682   Data         256  bsp_usart.o(.bss)
    U4TxBuffer                               0x20001782   Data         256  bsp_usart.o(.bss)
    U5TxBuffer                               0x20001882   Data         256  bsp_usart.o(.bss)
    RxTemp                                   0x20001982   Data        1024  bsp_usart.o(.bss)
    RxTemp                                   0x20001d82   Data        1024  bsp_usart.o(.bss)
    RxTemp                                   0x20002182   Data        1024  bsp_usart.o(.bss)
    RxTemp                                   0x20002582   Data        1024  bsp_usart.o(.bss)
    RxTemp                                   0x20002982   Data        1024  bsp_usart.o(.bss)
    .bss                                     0x20002d82   Section     2114  system_f103.o(.bss)
    sectorbufferTemp                         0x20002dc4   Data        2048  system_f103.o(.bss)
    STACK                                    0x200035c8   Section     1024  startup_stm32f10x_hd.o(STACK)

    Global Symbols

    Symbol Name                              Value     Ov Type        Size  Object(Section)

    BuildAttributes$$THM_ISAv4$P$D$K$B$S$PE$A:L22UL41UL21$X:L11$S22US41US21$IEEE1$IW$USESV6$~STKCKD$USESV7$~SHL$OTIME$ROPI$EBA8$MICROLIB$REQ8$PRES8$EABIv2 0x00000000   Number         0  anon$$obj.o ABSOLUTE
    __ARM_use_no_argv                        0x00000000   Number         0  main.o ABSOLUTE
    __use_no_errno                           0x00000000   Number         0  useno.o ABSOLUTE
    __use_no_exception_handling              0x00000000   Number         0  useno.o ABSOLUTE
    __use_no_fp                              0x00000000   Number         0  useno.o ABSOLUTE
    __use_no_heap                            0x00000000   Number         0  useno.o ABSOLUTE
    __use_no_heap_region                     0x00000000   Number         0  useno.o ABSOLUTE
    __use_no_semihosting                     0x00000000   Number         0  useno.o ABSOLUTE
    __use_no_semihosting_swi                 0x00000000   Number         0  useno.o ABSOLUTE
    __use_no_signal_handling                 0x00000000   Number         0  useno.o ABSOLUTE
    _printf_a                                0x00000000   Number         0  stubs.o ABSOLUTE
    _printf_c                                0x00000000   Number         0  stubs.o ABSOLUTE
    _printf_charcount                        0x00000000   Number         0  stubs.o ABSOLUTE
    _printf_d                                0x00000000   Number         0  stubs.o ABSOLUTE
    _printf_e                                0x00000000   Number         0  stubs.o ABSOLUTE
    _printf_f                                0x00000000   Number         0  stubs.o ABSOLUTE
    _printf_flags                            0x00000000   Number         0  stubs.o ABSOLUTE
    _printf_fp_dec                           0x00000000   Number         0  stubs.o ABSOLUTE
    _printf_fp_hex                           0x00000000   Number         0  stubs.o ABSOLUTE
    _printf_g                                0x00000000   Number         0  stubs.o ABSOLUTE
    _printf_i                                0x00000000   Number         0  stubs.o ABSOLUTE
    _printf_int_dec                          0x00000000   Number         0  stubs.o ABSOLUTE
    _printf_l                                0x00000000   Number         0  stubs.o ABSOLUTE
    _printf_lc                               0x00000000   Number         0  stubs.o ABSOLUTE
    _printf_ll                               0x00000000   Number         0  stubs.o ABSOLUTE
    _printf_lld                              0x00000000   Number         0  stubs.o ABSOLUTE
    _printf_lli                              0x00000000   Number         0  stubs.o ABSOLUTE
    _printf_llo                              0x00000000   Number         0  stubs.o ABSOLUTE
    _printf_llu                              0x00000000   Number         0  stubs.o ABSOLUTE
    _printf_llx                              0x00000000   Number         0  stubs.o ABSOLUTE
    _printf_longlong_dec                     0x00000000   Number         0  stubs.o ABSOLUTE
    _printf_longlong_hex                     0x00000000   Number         0  stubs.o ABSOLUTE
    _printf_longlong_oct                     0x00000000   Number         0  stubs.o ABSOLUTE
    _printf_ls                               0x00000000   Number         0  stubs.o ABSOLUTE
    _printf_mbtowc                           0x00000000   Number         0  stubs.o ABSOLUTE
    _printf_n                                0x00000000   Number         0  stubs.o ABSOLUTE
    _printf_o                                0x00000000   Number         0  stubs.o ABSOLUTE
    _printf_p                                0x00000000   Number         0  stubs.o ABSOLUTE
    _printf_percent                          0x00000000   Number         0  stubs.o ABSOLUTE
    _printf_pre_padding                      0x00000000   Number         0  stubs.o ABSOLUTE
    _printf_return_value                     0x00000000   Number         0  stubs.o ABSOLUTE
    _printf_s                                0x00000000   Number         0  stubs.o ABSOLUTE
    _printf_sizespec                         0x00000000   Number         0  stubs.o ABSOLUTE
    _printf_str                              0x00000000   Number         0  stubs.o ABSOLUTE
    _printf_truncate_signed                  0x00000000   Number         0  stubs.o ABSOLUTE
    _printf_truncate_unsigned                0x00000000   Number         0  stubs.o ABSOLUTE
    _printf_u                                0x00000000   Number         0  stubs.o ABSOLUTE
    _printf_wc                               0x00000000   Number         0  stubs.o ABSOLUTE
    _printf_wctomb                           0x00000000   Number         0  stubs.o ABSOLUTE
    _printf_widthprec                        0x00000000   Number         0  stubs.o ABSOLUTE
    _printf_x                                0x00000000   Number         0  stubs.o ABSOLUTE
    __arm_fini_                               - Undefined Weak Reference
    __cpp_initialize__aeabi_                  - Undefined Weak Reference
    __cxa_finalize                            - Undefined Weak Reference
    __decompress                              - Undefined Weak Reference
    _clock_init                               - Undefined Weak Reference
    _microlib_exit                            - Undefined Weak Reference
    __Vectors_Size                           0x00000130   Number         0  startup_stm32f10x_hd.o ABSOLUTE
    __Vectors                                0x08000000   Data           4  startup_stm32f10x_hd.o(RESET)
    __Vectors_End                            0x08000130   Data           0  startup_stm32f10x_hd.o(RESET)
    __main                                   0x08000131   Thumb Code     0  entry.o(.ARM.Collect$$$$00000000)
    _main_stk                                0x08000131   Thumb Code     0  entry2.o(.ARM.Collect$$$$00000001)
    _main_scatterload                        0x08000135   Thumb Code     0  entry5.o(.ARM.Collect$$$$00000004)
    __main_after_scatterload                 0x08000139   Thumb Code     0  entry5.o(.ARM.Collect$$$$00000004)
    _main_clock                              0x08000139   Thumb Code     0  entry7b.o(.ARM.Collect$$$$00000008)
    _main_cpp_init                           0x08000139   Thumb Code     0  entry8b.o(.ARM.Collect$$$$0000000A)
    _main_init                               0x08000139   Thumb Code     0  entry9a.o(.ARM.Collect$$$$0000000B)
    __rt_lib_shutdown_fini                   0x08000141   Thumb Code     0  entry12b.o(.ARM.Collect$$$$0000000E)
    __rt_final_cpp                           0x08000145   Thumb Code     0  entry10a.o(.ARM.Collect$$$$0000000F)
    __rt_final_exit                          0x08000145   Thumb Code     0  entry11a.o(.ARM.Collect$$$$00000011)
    main                                     0x0800015b   Thumb Code   270  main.o(.text)
    NMI_Handler                              0x0800028d   Thumb Code     2  stm32f10x_it.o(.text)
    HardFault_Handler                        0x0800028f   Thumb Code     4  stm32f10x_it.o(.text)
    MemManage_Handler                        0x08000293   Thumb Code     4  stm32f10x_it.o(.text)
    BusFault_Handler                         0x08000297   Thumb Code     4  stm32f10x_it.o(.text)
    UsageFault_Handler                       0x0800029b   Thumb Code     4  stm32f10x_it.o(.text)
    SVC_Handler                              0x0800029f   Thumb Code     2  stm32f10x_it.o(.text)
    DebugMon_Handler                         0x080002a1   Thumb Code     2  stm32f10x_it.o(.text)
    PendSV_Handler                           0x080002a3   Thumb Code     2  stm32f10x_it.o(.text)
    ADC1_GetInteriorTemperature              0x080005a3   Thumb Code    98  bsp_adc.o(.text)
    ADC1_GetInteriorVrefint                  0x08000605   Thumb Code    12  bsp_adc.o(.text)
    ADC1_GetValue                            0x08000611   Thumb Code    46  bsp_adc.o(.text)
    Led_Init                                 0x0800068d   Thumb Code    86  bsp_led.o(.text)
    USART1_Init                              0x080006ed   Thumb Code   222  bsp_usart.o(.text)
    USART1_IRQHandler                        0x080007cb   Thumb Code   194  bsp_usart.o(.text)
    USART1_GetBuffer                         0x0800088d   Thumb Code    56  bsp_usart.o(.text)
    USART1_SendData                          0x080008c5   Thumb Code    64  bsp_usart.o(.text)
    USART1_SendString                        0x08000905   Thumb Code    34  bsp_usart.o(.text)
    USART1_SendStringForDMA                  0x08000927   Thumb Code   172  bsp_usart.o(.text)
    USART2_Init                              0x080009d3   Thumb Code   212  bsp_usart.o(.text)
    USART2_IRQHandler                        0x08000aa7   Thumb Code   426  bsp_usart.o(.text)
    USART2_GetBuffer                         0x08000c51   Thumb Code    62  bsp_usart.o(.text)
    USART2_SendData                          0x08000c8f   Thumb Code    64  bsp_usart.o(.text)
    USART2_SendString                        0x08000ccf   Thumb Code    34  bsp_usart.o(.text)
    USART3_Init                              0x08000cf1   Thumb Code   220  bsp_usart.o(.text)
    USART3_IRQHandler                        0x08000dcd   Thumb Code   196  bsp_usart.o(.text)
    USART3_GetBuffer                         0x08000e91   Thumb Code    62  bsp_usart.o(.text)
    USART3_SendData                          0x08000ecf   Thumb Code    64  bsp_usart.o(.text)
    USART3_SendString                        0x08000f0f   Thumb Code    34  bsp_usart.o(.text)
    UART4_Init                               0x08000f31   Thumb Code   352  bsp_usart.o(.text)
    UART4_IRQHandler                         0x08001091   Thumb Code   196  bsp_usart.o(.text)
    UART4_GetBuffer                          0x08001155   Thumb Code    62  bsp_usart.o(.text)
    UART4_SendData                           0x08001193   Thumb Code    64  bsp_usart.o(.text)
    UART4_SendString                         0x080011d3   Thumb Code    34  bsp_usart.o(.text)
    UART5_Init                               0x080011f5   Thumb Code   214  bsp_usart.o(.text)
    UART5_IRQHandler                         0x080012cb   Thumb Code   178  bsp_usart.o(.text)
    UART5_GetBuffer                          0x0800137d   Thumb Code    58  bsp_usart.o(.text)
    UART5_SendData                           0x080013b7   Thumb Code    58  bsp_usart.o(.text)
    UART5_SendString                         0x080013f1   Thumb Code    34  bsp_usart.o(.text)
    _sys_exit                                0x08001413   Thumb Code     4  bsp_usart.o(.text)
    fputc                                    0x08001417   Thumb Code    24  bsp_usart.o(.text)
    Key_Init                                 0x080014e5   Thumb Code   306  bsp_key.o(.text)
    EXTI0_IRQHandler                         0x08001617   Thumb Code    44  bsp_key.o(.text)
    EXTI1_IRQHandler                         0x08001643   Thumb Code    44  bsp_key.o(.text)
    EXTI4_IRQHandler                         0x0800166f   Thumb Code    44  bsp_key.o(.text)
    System_SysTickInit                       0x0800172d   Thumb Code    76  system_f103.o(.text)
    SysTick_Handler                          0x08001779   Thumb Code    20  system_f103.o(.text)
    System_GetTimeMs                         0x0800178d   Thumb Code     6  system_f103.o(.text)
    System_GetTimeUs                         0x08001793   Thumb Code    96  system_f103.o(.text)
    System_DelayMS                           0x080017f3   Thumb Code    46  system_f103.o(.text)
    System_DelayUS                           0x08001821   Thumb Code    36  system_f103.o(.text)
    System_GetTimeInterval                   0x08001845   Thumb Code    40  system_f103.o(.text)
    System_TestRunTimes                      0x0800186d   Thumb Code    60  system_f103.o(.text)
    System_GPIOSet                           0x080018a9   Thumb Code   336  system_f103.o(.text)
    System_NVICSet                           0x080019f9   Thumb Code   102  system_f103.o(.text)
    System_EXTISet                           0x08001a5f   Thumb Code   456  system_f103.o(.text)
    System_SwdMode                           0x08001c27   Thumb Code    40  system_f103.o(.text)
    System_GetSystemClock                    0x08001c4f   Thumb Code    12  system_f103.o(.text)
    System_Reset                             0x08001c5b   Thumb Code     8  system_f103.o(.text)
    WFI_SET                                  0x08001c63   Thumb Code     4  system_f103.o(.text)
    System_IntxDisable                       0x08001c67   Thumb Code     4  system_f103.o(.text)
    System_IntxEnable                        0x08001c6b   Thumb Code     4  system_f103.o(.text)
    System_Standby                           0x08001c6f   Thumb Code    68  system_f103.o(.text)
    System_MCO1Init                          0x08001cb3   Thumb Code    30  system_f103.o(.text)
    System_ReadInteriorFlash                 0x08001cf1   Thumb Code    58  system_f103.o(.text)
    System_WriteInteriorFlash                0x08001d2b   Thumb Code   354  system_f103.o(.text)
    Reset_Handler                            0x08001ec1   Thumb Code     8  startup_stm32f10x_hd.o(.text)
    ADC1_2_IRQHandler                        0x08001edb   Thumb Code     0  startup_stm32f10x_hd.o(.text)
    ADC3_IRQHandler                          0x08001edb   Thumb Code     0  startup_stm32f10x_hd.o(.text)
    CAN1_RX1_IRQHandler                      0x08001edb   Thumb Code     0  startup_stm32f10x_hd.o(.text)
    CAN1_SCE_IRQHandler                      0x08001edb   Thumb Code     0  startup_stm32f10x_hd.o(.text)
    DMA1_Channel1_IRQHandler                 0x08001edb   Thumb Code     0  startup_stm32f10x_hd.o(.text)
    DMA1_Channel2_IRQHandler                 0x08001edb   Thumb Code     0  startup_stm32f10x_hd.o(.text)
    DMA1_Channel3_IRQHandler                 0x08001edb   Thumb Code     0  startup_stm32f10x_hd.o(.text)
    DMA1_Channel4_IRQHandler                 0x08001edb   Thumb Code     0  startup_stm32f10x_hd.o(.text)
    DMA1_Channel5_IRQHandler                 0x08001edb   Thumb Code     0  startup_stm32f10x_hd.o(.text)
    DMA1_Channel6_IRQHandler                 0x08001edb   Thumb Code     0  startup_stm32f10x_hd.o(.text)
    DMA1_Channel7_IRQHandler                 0x08001edb   Thumb Code     0  startup_stm32f10x_hd.o(.text)
    DMA2_Channel1_IRQHandler                 0x08001edb   Thumb Code     0  startup_stm32f10x_hd.o(.text)
    DMA2_Channel2_IRQHandler                 0x08001edb   Thumb Code     0  startup_stm32f10x_hd.o(.text)
    DMA2_Channel3_IRQHandler                 0x08001edb   Thumb Code     0  startup_stm32f10x_hd.o(.text)
    DMA2_Channel4_5_IRQHandler               0x08001edb   Thumb Code     0  startup_stm32f10x_hd.o(.text)
    EXTI15_10_IRQHandler                     0x08001edb   Thumb Code     0  startup_stm32f10x_hd.o(.text)
    EXTI2_IRQHandler                         0x08001edb   Thumb Code     0  startup_stm32f10x_hd.o(.text)
    EXTI3_IRQHandler                         0x08001edb   Thumb Code     0  startup_stm32f10x_hd.o(.text)
    EXTI9_5_IRQHandler                       0x08001edb   Thumb Code     0  startup_stm32f10x_hd.o(.text)
    FLASH_IRQHandler                         0x08001edb   Thumb Code     0  startup_stm32f10x_hd.o(.text)
    FSMC_IRQHandler                          0x08001edb   Thumb Code     0  startup_stm32f10x_hd.o(.text)
    I2C1_ER_IRQHandler                       0x08001edb   Thumb Code     0  startup_stm32f10x_hd.o(.text)
    I2C1_EV_IRQHandler                       0x08001edb   Thumb Code     0  startup_stm32f10x_hd.o(.text)
    I2C2_ER_IRQHandler                       0x08001edb   Thumb Code     0  startup_stm32f10x_hd.o(.text)
    I2C2_EV_IRQHandler                       0x08001edb   Thumb Code     0  startup_stm32f10x_hd.o(.text)
    PVD_IRQHandler                           0x08001edb   Thumb Code     0  startup_stm32f10x_hd.o(.text)
    RCC_IRQHandler                           0x08001edb   Thumb Code     0  startup_stm32f10x_hd.o(.text)
    RTCAlarm_IRQHandler                      0x08001edb   Thumb Code     0  startup_stm32f10x_hd.o(.text)
    RTC_IRQHandler                           0x08001edb   Thumb Code     0  startup_stm32f10x_hd.o(.text)
    SDIO_IRQHandler                          0x08001edb   Thumb Code     0  startup_stm32f10x_hd.o(.text)
    SPI1_IRQHandler                          0x08001edb   Thumb Code     0  startup_stm32f10x_hd.o(.text)
    SPI2_IRQHandler                          0x08001edb   Thumb Code     0  startup_stm32f10x_hd.o(.text)
    SPI3_IRQHandler                          0x08001edb   Thumb Code     0  startup_stm32f10x_hd.o(.text)
    TAMPER_IRQHandler                        0x08001edb   Thumb Code     0  startup_stm32f10x_hd.o(.text)
    TIM1_BRK_IRQHandler                      0x08001edb   Thumb Code     0  startup_stm32f10x_hd.o(.text)
    TIM1_CC_IRQHandler                       0x08001edb   Thumb Code     0  startup_stm32f10x_hd.o(.text)
    TIM1_TRG_COM_IRQHandler                  0x08001edb   Thumb Code     0  startup_stm32f10x_hd.o(.text)
    TIM1_UP_IRQHandler                       0x08001edb   Thumb Code     0  startup_stm32f10x_hd.o(.text)
    TIM2_IRQHandler                          0x08001edb   Thumb Code     0  startup_stm32f10x_hd.o(.text)
    TIM3_IRQHandler                          0x08001edb   Thumb Code     0  startup_stm32f10x_hd.o(.text)
    TIM4_IRQHandler                          0x08001edb   Thumb Code     0  startup_stm32f10x_hd.o(.text)
    TIM5_IRQHandler                          0x08001edb   Thumb Code     0  startup_stm32f10x_hd.o(.text)
    TIM6_IRQHandler                          0x08001edb   Thumb Code     0  startup_stm32f10x_hd.o(.text)
    TIM7_IRQHandler                          0x08001edb   Thumb Code     0  startup_stm32f10x_hd.o(.text)
    TIM8_BRK_IRQHandler                      0x08001edb   Thumb Code     0  startup_stm32f10x_hd.o(.text)
    TIM8_CC_IRQHandler                       0x08001edb   Thumb Code     0  startup_stm32f10x_hd.o(.text)
    TIM8_TRG_COM_IRQHandler                  0x08001edb   Thumb Code     0  startup_stm32f10x_hd.o(.text)
    TIM8_UP_IRQHandler                       0x08001edb   Thumb Code     0  startup_stm32f10x_hd.o(.text)
    USBWakeUp_IRQHandler                     0x08001edb   Thumb Code     0  startup_stm32f10x_hd.o(.text)
    USB_HP_CAN1_TX_IRQHandler                0x08001edb   Thumb Code     0  startup_stm32f10x_hd.o(.text)
    USB_LP_CAN1_RX0_IRQHandler               0x08001edb   Thumb Code     0  startup_stm32f10x_hd.o(.text)
    WWDG_IRQHandler                          0x08001edb   Thumb Code     0  startup_stm32f10x_hd.o(.text)
    SystemInit                               0x08001ee5   Thumb Code   246  system_stm32f10x.o(.text)
    SystemCoreClockUpdate                    0x08001fdb   Thumb Code   142  system_stm32f10x.o(.text)
    NVIC_PriorityGroupConfig                 0x08002089   Thumb Code    10  misc.o(.text)
    NVIC_Init                                0x08002093   Thumb Code   100  misc.o(.text)
    NVIC_SetVectorTable                      0x080020f7   Thumb Code    14  misc.o(.text)
    NVIC_SystemLPConfig                      0x08002105   Thumb Code    34  misc.o(.text)
    SysTick_CLKSourceConfig                  0x08002127   Thumb Code    40  misc.o(.text)
    EXTI_DeInit                              0x08002165   Thumb Code    28  stm32f10x_exti.o(.text)
    EXTI_Init                                0x08002181   Thumb Code   142  stm32f10x_exti.o(.text)
    EXTI_StructInit                          0x0800220f   Thumb Code    16  stm32f10x_exti.o(.text)
    EXTI_GenerateSWInterrupt                 0x0800221f   Thumb Code    16  stm32f10x_exti.o(.text)
    EXTI_GetFlagStatus                       0x0800222f   Thumb Code    22  stm32f10x_exti.o(.text)
    EXTI_ClearFlag                           0x08002245   Thumb Code     8  stm32f10x_exti.o(.text)
    EXTI_GetITStatus                         0x0800224d   Thumb Code    34  stm32f10x_exti.o(.text)
    EXTI_ClearITPendingBit                   0x0800226f   Thumb Code     8  stm32f10x_exti.o(.text)
    GPIO_DeInit                              0x08002281   Thumb Code   172  stm32f10x_gpio.o(.text)
    GPIO_AFIODeInit                          0x0800232d   Thumb Code    20  stm32f10x_gpio.o(.text)
    GPIO_Init                                0x08002341   Thumb Code   278  stm32f10x_gpio.o(.text)
    GPIO_StructInit                          0x08002457   Thumb Code    16  stm32f10x_gpio.o(.text)
    GPIO_ReadInputDataBit                    0x08002467   Thumb Code    18  stm32f10x_gpio.o(.text)
    GPIO_ReadInputData                       0x08002479   Thumb Code     8  stm32f10x_gpio.o(.text)
    GPIO_ReadOutputDataBit                   0x08002481   Thumb Code    18  stm32f10x_gpio.o(.text)
    GPIO_ReadOutputData                      0x08002493   Thumb Code     8  stm32f10x_gpio.o(.text)
    GPIO_SetBits                             0x0800249b   Thumb Code     4  stm32f10x_gpio.o(.text)
    GPIO_ResetBits                           0x0800249f   Thumb Code     4  stm32f10x_gpio.o(.text)
    GPIO_WriteBit                            0x080024a3   Thumb Code    10  stm32f10x_gpio.o(.text)
    GPIO_Write                               0x080024ad   Thumb Code     4  stm32f10x_gpio.o(.text)
    GPIO_PinLockConfig                       0x080024b1   Thumb Code    18  stm32f10x_gpio.o(.text)
    GPIO_EventOutputConfig                   0x080024c3   Thumb Code    26  stm32f10x_gpio.o(.text)
    GPIO_EventOutputCmd                      0x080024dd   Thumb Code     6  stm32f10x_gpio.o(.text)
    GPIO_PinRemapConfig                      0x080024e3   Thumb Code   138  stm32f10x_gpio.o(.text)
    GPIO_EXTILineConfig                      0x0800256d   Thumb Code    66  stm32f10x_gpio.o(.text)
    GPIO_ETH_MediaInterfaceConfig            0x080025af   Thumb Code     8  stm32f10x_gpio.o(.text)
    RCC_DeInit                               0x080025dd   Thumb Code    64  stm32f10x_rcc.o(.text)
    RCC_HSEConfig                            0x0800261d   Thumb Code    70  stm32f10x_rcc.o(.text)
    RCC_GetFlagStatus                        0x08002663   Thumb Code    56  stm32f10x_rcc.o(.text)
    RCC_WaitForHSEStartUp                    0x0800269b   Thumb Code    56  stm32f10x_rcc.o(.text)
    RCC_AdjustHSICalibrationValue            0x080026d3   Thumb Code    20  stm32f10x_rcc.o(.text)
    RCC_HSICmd                               0x080026e7   Thumb Code     6  stm32f10x_rcc.o(.text)
    RCC_PLLConfig                            0x080026ed   Thumb Code    24  stm32f10x_rcc.o(.text)
    RCC_PLLCmd                               0x08002705   Thumb Code     6  stm32f10x_rcc.o(.text)
    RCC_SYSCLKConfig                         0x0800270b   Thumb Code    18  stm32f10x_rcc.o(.text)
    RCC_GetSYSCLKSource                      0x0800271d   Thumb Code    10  stm32f10x_rcc.o(.text)
    RCC_HCLKConfig                           0x08002727   Thumb Code    18  stm32f10x_rcc.o(.text)
    RCC_PCLK1Config                          0x08002739   Thumb Code    18  stm32f10x_rcc.o(.text)
    RCC_PCLK2Config                          0x0800274b   Thumb Code    20  stm32f10x_rcc.o(.text)
    RCC_ITConfig                             0x0800275f   Thumb Code    26  stm32f10x_rcc.o(.text)
    RCC_USBCLKConfig                         0x08002779   Thumb Code     8  stm32f10x_rcc.o(.text)
    RCC_ADCCLKConfig                         0x08002781   Thumb Code    18  stm32f10x_rcc.o(.text)
    RCC_LSEConfig                            0x08002793   Thumb Code    50  stm32f10x_rcc.o(.text)
    RCC_LSICmd                               0x080027c5   Thumb Code     6  stm32f10x_rcc.o(.text)
    RCC_RTCCLKConfig                         0x080027cb   Thumb Code    12  stm32f10x_rcc.o(.text)
    RCC_RTCCLKCmd                            0x080027d7   Thumb Code     8  stm32f10x_rcc.o(.text)
    RCC_GetClocksFreq                        0x080027df   Thumb Code   192  stm32f10x_rcc.o(.text)
    RCC_AHBPeriphClockCmd                    0x0800289f   Thumb Code    26  stm32f10x_rcc.o(.text)
    RCC_APB2PeriphClockCmd                   0x080028b9   Thumb Code    26  stm32f10x_rcc.o(.text)
    RCC_APB1PeriphClockCmd                   0x080028d3   Thumb Code    26  stm32f10x_rcc.o(.text)
    RCC_APB2PeriphResetCmd                   0x080028ed   Thumb Code    26  stm32f10x_rcc.o(.text)
    RCC_APB1PeriphResetCmd                   0x08002907   Thumb Code    26  stm32f10x_rcc.o(.text)
    RCC_BackupResetCmd                       0x08002921   Thumb Code     8  stm32f10x_rcc.o(.text)
    RCC_ClockSecuritySystemCmd               0x08002929   Thumb Code     6  stm32f10x_rcc.o(.text)
    RCC_MCOConfig                            0x0800292f   Thumb Code     6  stm32f10x_rcc.o(.text)
    RCC_ClearFlag                            0x08002935   Thumb Code    14  stm32f10x_rcc.o(.text)
    RCC_GetITStatus                          0x08002943   Thumb Code    20  stm32f10x_rcc.o(.text)
    RCC_ClearITPendingBit                    0x08002957   Thumb Code     6  stm32f10x_rcc.o(.text)
    USART_DeInit                             0x08002981   Thumb Code   134  stm32f10x_usart.o(.text)
    USART_Init                               0x08002a07   Thumb Code   210  stm32f10x_usart.o(.text)
    USART_StructInit                         0x08002ad9   Thumb Code    24  stm32f10x_usart.o(.text)
    USART_ClockInit                          0x08002af1   Thumb Code    34  stm32f10x_usart.o(.text)
    USART_ClockStructInit                    0x08002b13   Thumb Code    12  stm32f10x_usart.o(.text)
    USART_Cmd                                0x08002b1f   Thumb Code    24  stm32f10x_usart.o(.text)
    USART_ITConfig                           0x08002b37   Thumb Code    74  stm32f10x_usart.o(.text)
    USART_DMACmd                             0x08002b81   Thumb Code    18  stm32f10x_usart.o(.text)
    USART_SetAddress                         0x08002b93   Thumb Code    18  stm32f10x_usart.o(.text)
    USART_WakeUpConfig                       0x08002ba5   Thumb Code    18  stm32f10x_usart.o(.text)
    USART_ReceiverWakeUpCmd                  0x08002bb7   Thumb Code    24  stm32f10x_usart.o(.text)
    USART_LINBreakDetectLengthConfig         0x08002bcf   Thumb Code    18  stm32f10x_usart.o(.text)
    USART_LINCmd                             0x08002be1   Thumb Code    24  stm32f10x_usart.o(.text)
    USART_SendData                           0x08002bf9   Thumb Code     8  stm32f10x_usart.o(.text)
    USART_ReceiveData                        0x08002c01   Thumb Code    10  stm32f10x_usart.o(.text)
    USART_SendBreak                          0x08002c0b   Thumb Code    10  stm32f10x_usart.o(.text)
    USART_SetGuardTime                       0x08002c15   Thumb Code    16  stm32f10x_usart.o(.text)
    USART_SetPrescaler                       0x08002c25   Thumb Code    16  stm32f10x_usart.o(.text)
    USART_SmartCardCmd                       0x08002c35   Thumb Code    24  stm32f10x_usart.o(.text)
    USART_SmartCardNACKCmd                   0x08002c4d   Thumb Code    24  stm32f10x_usart.o(.text)
    USART_HalfDuplexCmd                      0x08002c65   Thumb Code    24  stm32f10x_usart.o(.text)
    USART_OverSampling8Cmd                   0x08002c7d   Thumb Code    22  stm32f10x_usart.o(.text)
    USART_OneBitMethodCmd                    0x08002c93   Thumb Code    24  stm32f10x_usart.o(.text)
    USART_IrDAConfig                         0x08002cab   Thumb Code    18  stm32f10x_usart.o(.text)
    USART_IrDACmd                            0x08002cbd   Thumb Code    24  stm32f10x_usart.o(.text)
    USART_GetFlagStatus                      0x08002cd5   Thumb Code    26  stm32f10x_usart.o(.text)
    USART_ClearFlag                          0x08002cef   Thumb Code    18  stm32f10x_usart.o(.text)
    USART_GetITStatus                        0x08002d01   Thumb Code    84  stm32f10x_usart.o(.text)
    USART_ClearITPendingBit                  0x08002d55   Thumb Code    52  stm32f10x_usart.o(.text)
    __aeabi_memcpy                           0x08002d89   Thumb Code    36  memcpya.o(.text)
    __aeabi_memcpy4                          0x08002d89   Thumb Code     0  memcpya.o(.text)
    __aeabi_memcpy8                          0x08002d89   Thumb Code     0  memcpya.o(.text)
    __aeabi_memset                           0x08002dad   Thumb Code    14  memseta.o(.text)
    __aeabi_memset4                          0x08002dad   Thumb Code     0  memseta.o(.text)
    __aeabi_memset8                          0x08002dad   Thumb Code     0  memseta.o(.text)
    __aeabi_memclr                           0x08002dbb   Thumb Code     4  memseta.o(.text)
    __aeabi_memclr4                          0x08002dbb   Thumb Code     0  memseta.o(.text)
    __aeabi_memclr8                          0x08002dbb   Thumb Code     0  memseta.o(.text)
    _memset$wrapper                          0x08002dbf   Thumb Code    18  memseta.o(.text)
    __aeabi_fadd                             0x08002dd1   Thumb Code   164  fadd.o(.text)
    __aeabi_fsub                             0x08002e75   Thumb Code     6  fadd.o(.text)
    __aeabi_frsub                            0x08002e7b   Thumb Code     6  fadd.o(.text)
    __aeabi_fmul                             0x08002e81   Thumb Code   100  fmul.o(.text)
    __aeabi_fdiv                             0x08002ee5   Thumb Code   124  fdiv.o(.text)
    __aeabi_dadd                             0x08002f61   Thumb Code   322  dadd.o(.text)
    __aeabi_dsub                             0x080030a3   Thumb Code     6  dadd.o(.text)
    __aeabi_drsub                            0x080030a9   Thumb Code     6  dadd.o(.text)
    __aeabi_dmul                             0x080030af   Thumb Code   228  dmul.o(.text)
    __aeabi_ddiv                             0x08003193   Thumb Code   222  ddiv.o(.text)
    __aeabi_ui2f                             0x08003271   Thumb Code    10  ffltui.o(.text)
    __aeabi_f2uiz                            0x0800327b   Thumb Code    40  ffixui.o(.text)
    __aeabi_f2d                              0x080032a3   Thumb Code    38  f2d.o(.text)
    __aeabi_d2f                              0x080032c9   Thumb Code    56  d2f.o(.text)
    __aeabi_uidiv                            0x08003301   Thumb Code     0  uidiv.o(.text)
    __aeabi_uidivmod                         0x08003301   Thumb Code    44  uidiv.o(.text)
    __aeabi_uldivmod                         0x0800332d   Thumb Code    98  uldiv.o(.text)
    __aeabi_llsl                             0x0800338f   Thumb Code    30  llshl.o(.text)
    _ll_shift_l                              0x0800338f   Thumb Code     0  llshl.o(.text)
    __aeabi_lasr                             0x080033ad   Thumb Code    36  llsshr.o(.text)
    _ll_sshift_r                             0x080033ad   Thumb Code     0  llsshr.o(.text)
    __I$use$fp                               0x080033d1   Thumb Code     0  iusefp.o(.text)
    _float_round                             0x080033d1   Thumb Code    18  fepilogue.o(.text)
    _float_epilogue                          0x080033e3   Thumb Code    92  fepilogue.o(.text)
    _double_round                            0x0800343f   Thumb Code    30  depilogue.o(.text)
    _double_epilogue                         0x0800345d   Thumb Code   156  depilogue.o(.text)
    __aeabi_d2ulz                            0x080034f9   Thumb Code    48  dfixul.o(.text)
    __aeabi_cdrcmple                         0x08003529   Thumb Code    48  cdrcmple.o(.text)
    __scatterload                            0x08003559   Thumb Code    28  init.o(.text)
    __scatterload_rt2                        0x08003559   Thumb Code     0  init.o(.text)
    __aeabi_llsr                             0x0800357d   Thumb Code    32  llushr.o(.text)
    _ll_ushift_r                             0x0800357d   Thumb Code     0  llushr.o(.text)
    __0printf                                0x0800359d   Thumb Code    22  printfa.o(i.__0printf)
    __1printf                                0x0800359d   Thumb Code     0  printfa.o(i.__0printf)
    __2printf                                0x0800359d   Thumb Code     0  printfa.o(i.__0printf)
    __c89printf                              0x0800359d   Thumb Code     0  printfa.o(i.__0printf)
    printf                                   0x0800359d   Thumb Code     0  printfa.o(i.__0printf)
    __scatterload_copy                       0x080035bd   Thumb Code    14  handlers.o(i.__scatterload_copy)
    __scatterload_null                       0x080035cb   Thumb Code     2  handlers.o(i.__scatterload_null)
    __scatterload_zeroinit                   0x080035cd   Thumb Code    14  handlers.o(i.__scatterload_zeroinit)
    Region$$Table$$Base                      0x08003ef0   Number         0  anon$$obj.o(Region$$Table)
    Region$$Table$$Limit                     0x08003f10   Number         0  anon$$obj.o(Region$$Table)
    gpioADC                                  0x20000000   Data           2  main.o(.data)
    InteriorADC                              0x20000002   Data           2  main.o(.data)
    voltage                                  0x20000004   Data           4  main.o(.data)
    __stdout                                 0x20000018   Data           4  bsp_usart.o(.data)
    sysTickCnt                               0x20000028   Data           8  system_f103.o(.data)
    AHBPrescTable                            0x20000044   Data          16  system_stm32f10x.o(.data)
    SystemCoreClock                          0x20000054   Data           4  system_stm32f10x.o(.data)
    xUSART                                   0x2000006c   Data        5142  bsp_usart.o(.bss)
    xFlag                                    0x20002d82   Data          66  system_f103.o(.bss)
    __initial_sp                             0x200039c8   Data           0  startup_stm32f10x_hd.o(STACK)



==============================================================================

Memory Map of the image

  Image Entry point : 0x08000131

  Load Region LR_IROM1 (Base: 0x08000000, Size: 0x00003f7c, Max: 0x00040000, ABSOLUTE)

    Execution Region ER_IROM1 (Exec base: 0x08000000, Load base: 0x08000000, Size: 0x00003f10, Max: 0x00040000, ABSOLUTE)

    Exec Addr    Load Addr    Size         Type   Attr      Idx    E Section Name        Object

    0x08000000   0x08000000   0x00000130   Data   RO          182    RESET               startup_stm32f10x_hd.o
    0x08000130   0x08000130   0x00000000   Code   RO          545  * .ARM.Collect$$$$00000000  mc_w.l(entry.o)
    0x08000130   0x08000130   0x00000004   Code   RO          835    .ARM.Collect$$$$00000001  mc_w.l(entry2.o)
    0x08000134   0x08000134   0x00000004   Code   RO          838    .ARM.Collect$$$$00000004  mc_w.l(entry5.o)
    0x08000138   0x08000138   0x00000000   Code   RO          840    .ARM.Collect$$$$00000008  mc_w.l(entry7b.o)
    0x08000138   0x08000138   0x00000000   Code   RO          842    .ARM.Collect$$$$0000000A  mc_w.l(entry8b.o)
    0x08000138   0x08000138   0x00000008   Code   RO          843    .ARM.Collect$$$$0000000B  mc_w.l(entry9a.o)
    0x08000140   0x08000140   0x00000004   Code   RO          850    .ARM.Collect$$$$0000000E  mc_w.l(entry12b.o)
    0x08000144   0x08000144   0x00000000   Code   RO          845    .ARM.Collect$$$$0000000F  mc_w.l(entry10a.o)
    0x08000144   0x08000144   0x00000000   Code   RO          847    .ARM.Collect$$$$00000011  mc_w.l(entry11a.o)
    0x08000144   0x08000144   0x00000004   Code   RO          836    .ARM.Collect$$$$00002712  mc_w.l(entry2.o)
    0x08000148   0x08000148   0x00000144   Code   RO            1    .text               main.o
    0x0800028c   0x0800028c   0x00000018   Code   RO           84    .text               stm32f10x_it.o
    0x080002a4   0x080002a4   0x000003e8   Code   RO          100    .text               bsp_adc.o
    0x0800068c   0x0800068c   0x00000060   Code   RO          114    .text               bsp_led.o
    0x080006ec   0x080006ec   0x00000df8   Code   RO          126    .text               bsp_usart.o
    0x080014e4   0x080014e4   0x00000248   Code   RO          149    .text               bsp_key.o
    0x0800172c   0x0800172c   0x00000794   Code   RO          161    .text               system_f103.o
    0x08001ec0   0x08001ec0   0x00000024   Code   RO          183    .text               startup_stm32f10x_hd.o
    0x08001ee4   0x08001ee4   0x000001a4   Code   RO          198    .text               system_stm32f10x.o
    0x08002088   0x08002088   0x000000dc   Code   RO          216    .text               misc.o
    0x08002164   0x08002164   0x0000011c   Code   RO          345    .text               stm32f10x_exti.o
    0x08002280   0x08002280   0x0000035c   Code   RO          387    .text               stm32f10x_gpio.o
    0x080025dc   0x080025dc   0x000003a4   Code   RO          444    .text               stm32f10x_rcc.o
    0x08002980   0x08002980   0x00000408   Code   RO          518    .text               stm32f10x_usart.o
    0x08002d88   0x08002d88   0x00000024   Code   RO          548    .text               mc_w.l(memcpya.o)
    0x08002dac   0x08002dac   0x00000024   Code   RO          550    .text               mc_w.l(memseta.o)
    0x08002dd0   0x08002dd0   0x000000b0   Code   RO          815    .text               mf_w.l(fadd.o)
    0x08002e80   0x08002e80   0x00000064   Code   RO          817    .text               mf_w.l(fmul.o)
    0x08002ee4   0x08002ee4   0x0000007c   Code   RO          819    .text               mf_w.l(fdiv.o)
    0x08002f60   0x08002f60   0x0000014e   Code   RO          821    .text               mf_w.l(dadd.o)
    0x080030ae   0x080030ae   0x000000e4   Code   RO          823    .text               mf_w.l(dmul.o)
    0x08003192   0x08003192   0x000000de   Code   RO          825    .text               mf_w.l(ddiv.o)
    0x08003270   0x08003270   0x0000000a   Code   RO          827    .text               mf_w.l(ffltui.o)
    0x0800327a   0x0800327a   0x00000028   Code   RO          829    .text               mf_w.l(ffixui.o)
    0x080032a2   0x080032a2   0x00000026   Code   RO          831    .text               mf_w.l(f2d.o)
    0x080032c8   0x080032c8   0x00000038   Code   RO          833    .text               mf_w.l(d2f.o)
    0x08003300   0x08003300   0x0000002c   Code   RO          851    .text               mc_w.l(uidiv.o)
    0x0800332c   0x0800332c   0x00000062   Code   RO          853    .text               mc_w.l(uldiv.o)
    0x0800338e   0x0800338e   0x0000001e   Code   RO          855    .text               mc_w.l(llshl.o)
    0x080033ac   0x080033ac   0x00000024   Code   RO          857    .text               mc_w.l(llsshr.o)
    0x080033d0   0x080033d0   0x00000000   Code   RO          859    .text               mc_w.l(iusefp.o)
    0x080033d0   0x080033d0   0x0000006e   Code   RO          860    .text               mf_w.l(fepilogue.o)
    0x0800343e   0x0800343e   0x000000ba   Code   RO          862    .text               mf_w.l(depilogue.o)
    0x080034f8   0x080034f8   0x00000030   Code   RO          864    .text               mf_w.l(dfixul.o)
    0x08003528   0x08003528   0x00000030   Code   RO          866    .text               mf_w.l(cdrcmple.o)
    0x08003558   0x08003558   0x00000024   Code   RO          868    .text               mc_w.l(init.o)
    0x0800357c   0x0800357c   0x00000020   Code   RO          870    .text               mc_w.l(llushr.o)
    0x0800359c   0x0800359c   0x00000020   Code   RO          787    i.__0printf         mc_w.l(printfa.o)
    0x080035bc   0x080035bc   0x0000000e   Code   RO          874    i.__scatterload_copy  mc_w.l(handlers.o)
    0x080035ca   0x080035ca   0x00000002   Code   RO          875    i.__scatterload_null  mc_w.l(handlers.o)
    0x080035cc   0x080035cc   0x0000000e   Code   RO          876    i.__scatterload_zeroinit  mc_w.l(handlers.o)
    0x080035da   0x080035da   0x00000002   PAD
    0x080035dc   0x080035dc   0x00000184   Code   RO          794    i._fp_digits        mc_w.l(printfa.o)
    0x08003760   0x08003760   0x000006b4   Code   RO          795    i._printf_core      mc_w.l(printfa.o)
    0x08003e14   0x08003e14   0x00000024   Code   RO          796    i._printf_post_padding  mc_w.l(printfa.o)
    0x08003e38   0x08003e38   0x0000002e   Code   RO          797    i._printf_pre_padding  mc_w.l(printfa.o)
    0x08003e66   0x08003e66   0x00000002   PAD
    0x08003e68   0x08003e68   0x00000087   Data   RO            2    .conststring        main.o
    0x08003eef   0x08003eef   0x00000001   PAD
    0x08003ef0   0x08003ef0   0x00000020   Data   RO          872    Region$$Table       anon$$obj.o


    Execution Region RW_IRAM1 (Exec base: 0x20000000, Load base: 0x08003f10, Size: 0x000039c8, Max: 0x0000c000, ABSOLUTE)

    Exec Addr    Load Addr    Size         Type   Attr      Idx    E Section Name        Object

    0x20000000   0x08003f10   0x00000008   Data   RW            3    .data               main.o
    0x20000008   0x08003f18   0x00000001   Data   RW          101    .data               bsp_adc.o
    0x20000009   0x08003f19   0x00000003   PAD
    0x2000000c   0x08003f1c   0x0000001c   Data   RW          128    .data               bsp_usart.o
    0x20000028   0x08003f38   0x0000001a   Data   RW          163    .data               system_f103.o
    0x20000042   0x08003f52   0x00000002   PAD
    0x20000044   0x08003f54   0x00000014   Data   RW          199    .data               system_stm32f10x.o
    0x20000058   0x08003f68   0x00000014   Data   RW          445    .data               stm32f10x_rcc.o
    0x2000006c        -       0x00002d16   Zero   RW          127    .bss                bsp_usart.o
    0x20002d82        -       0x00000842   Zero   RW          162    .bss                system_f103.o
    0x200035c4   0x08003f7c   0x00000004   PAD
    0x200035c8        -       0x00000400   Zero   RW          180    STACK               startup_stm32f10x_hd.o


==============================================================================

Image component sizes


      Code (inc. data)   RO Data    RW Data    ZI Data      Debug   Object Name

      1000         78          0          1          0       3216   bsp_adc.o
       584        146          0          0          0       1166   bsp_key.o
        96         10          0          0          0        555   bsp_led.o
      3576        538          0         28      11542      11834   bsp_usart.o
       324         36        135          8          0     236025   main.o
       220         22          0          0          0       1881   misc.o
        36          8        304          0       1024        880   startup_stm32f10x_hd.o
       284         10          0          0          0       2335   stm32f10x_exti.o
       860         38          0          0          0       5813   stm32f10x_gpio.o
        24          0          0          0          0       1150   stm32f10x_it.o
       932         36          0         20          0       9032   stm32f10x_rcc.o
      1032         22          0          0          0       8540   stm32f10x_usart.o
      1940        234          0         26       2114       9233   system_f103.o
       420         32          0         20          0       1695   system_stm32f10x.o

    ----------------------------------------------------------------------
     11328       1210        472        108      14684     293355   Object Totals
         0          0         32          0          0          0   (incl. Generated)
         0          0          1          5          4          0   (incl. Padding)

    ----------------------------------------------------------------------

      Code (inc. data)   RO Data    RW Data    ZI Data      Debug   Library Member Name

         0          0          0          0          0          0   entry.o
         0          0          0          0          0          0   entry10a.o
         0          0          0          0          0          0   entry11a.o
         4          0          0          0          0          0   entry12b.o
         8          4          0          0          0          0   entry2.o
         4          0          0          0          0          0   entry5.o
         0          0          0          0          0          0   entry7b.o
         0          0          0          0          0          0   entry8b.o
         8          4          0          0          0          0   entry9a.o
        30          0          0          0          0          0   handlers.o
        36          8          0          0          0         68   init.o
         0          0          0          0          0          0   iusefp.o
        30          0          0          0          0         68   llshl.o
        36          0          0          0          0         68   llsshr.o
        32          0          0          0          0         68   llushr.o
        36          0          0          0          0         68   memcpya.o
        36          0          0          0          0        108   memseta.o
      2218         90          0          0          0        464   printfa.o
        44          0          0          0          0         80   uidiv.o
        98          0          0          0          0         92   uldiv.o
        48          0          0          0          0         68   cdrcmple.o
        56          0          0          0          0         88   d2f.o
       334          0          0          0          0        148   dadd.o
       222          0          0          0          0        100   ddiv.o
       186          0          0          0          0        176   depilogue.o
        48          0          0          0          0         68   dfixul.o
       228          0          0          0          0         96   dmul.o
        38          0          0          0          0         68   f2d.o
       176          0          0          0          0        140   fadd.o
       124          0          0          0          0         88   fdiv.o
       110          0          0          0          0        168   fepilogue.o
        40          0          0          0          0         68   ffixui.o
        10          0          0          0          0         68   ffltui.o
       100          0          0          0          0         76   fmul.o

    ----------------------------------------------------------------------
      4344        106          0          0          0       2504   Library Totals
         4          0          0          0          0          0   (incl. Padding)

    ----------------------------------------------------------------------

      Code (inc. data)   RO Data    RW Data    ZI Data      Debug   Library Name

      2620        106          0          0          0       1084   mc_w.l
      1720          0          0          0          0       1420   mf_w.l

    ----------------------------------------------------------------------
      4344        106          0          0          0       2504   Library Totals

    ----------------------------------------------------------------------

==============================================================================


      Code (inc. data)   RO Data    RW Data    ZI Data      Debug   

     15672       1316        472        108      14684     293567   Grand Totals
     15672       1316        472        108      14684     293567   ELF Image Totals
     15672       1316        472        108          0          0   ROM Totals

==============================================================================

    Total RO  Size (Code + RO Data)                16144 (  15.77kB)
    Total RW  Size (RW Data + ZI Data)             14792 (  14.45kB)
    Total ROM Size (Code + RO Data + RW Data)      16252 (  15.87kB)

==============================================================================

