<html>
<body>
<pre>
<h1>礦ision Build Log</h1>
<h2>Tool Versions:</h2>
IDE-Version: μVision V5.34.0.0
Copyright (C) 2021 ARM Ltd and ARM Germany GmbH. All rights reserved.
License Information: yang yang, yang, LIC=FYKYW-Q2862-63JMB-2XZ37-IXFR0-XTUN5
 
Tool Versions:
Toolchain:       MDK-ARM Plus  Version: 5.34.0.0
Toolchain Path:  D:\application\keil5_34\ARM\ARMCC\Bin
C Compiler:      Armcc.exe V5.06 update 7 (build 960)
Assembler:       Armasm.exe V5.06 update 7 (build 960)
Linker/Locator:  ArmLink.exe V5.06 update 7 (build 960)
Library Manager: ArmAr.exe V5.06 update 7 (build 960)
Hex Converter:   FromElf.exe V5.06 update 7 (build 960)
CPU DLL:         SARMCM3.DLL V5.34.0.0
Dialog DLL:      DCM.DLL V1.17.3.0
Target DLL:      CMSIS_AGDI.dll V1.32.13.0
Dialog DLL:      TCM.DLL V1.48.0.0
 
<h2>Project:</h2>
D:\桌面\魔女开发板代码\3_示例代码\_013_数据存储_外部Flash存储_W25Q128芯片\代码\Project\STM32F103.uvprojx
Project File Date:  09/12/2022

<h2>Output:</h2>
*** Using Compiler 'V5.06 update 7 (build 960)', folder: 'D:\application\keil5_34\ARM\ARMCC\Bin'
Rebuild target 'STM32F103'
assembling startup_stm32f10x_hd.s...
compiling core_cm3.c...
compiling stm32f10x_it.c...
compiling bsp_led.c...
compiling main.c...
compiling bsp_w25qxx.c...
compiling system_f103.c...
compiling bsp_usart.c...
compiling system_stm32f10x.c...
compiling misc.c...
compiling stm32f10x_bkp.c...
compiling stm32f10x_dbgmcu.c...
compiling stm32f10x_adc.c...
compiling stm32f10x_can.c...
compiling stm32f10x_dac.c...
compiling stm32f10x_dma.c...
compiling stm32f10x_pwr.c...
compiling stm32f10x_iwdg.c...
compiling stm32f10x_i2c.c...
compiling stm32f10x_gpio.c...
compiling stm32f10x_exti.c...
compiling stm32f10x_flash.c...
compiling stm32f10x_spi.c...
compiling stm32f10x_rtc.c...
compiling stm32f10x_wwdg.c...
compiling stm32f10x_usart.c...
compiling stm32f10x_rcc.c...
compiling stm32f10x_sdio.c...
compiling stm32f10x_tim.c...
linking...
Program Size: Code=6208 RO-data=336 RW-data=80 ZI-data=9008  
FromELF: creating hex file...
".\Output\STM32F103.axf" - 0 Error(s), 0 Warning(s).

<h2>Software Packages used:</h2>

Package Vendor: Keil
                http://www.keil.com/pack/Keil.STM32F1xx_DFP.2.4.0.pack
                Keil.STM32F1xx_DFP.2.4.0
                STMicroelectronics STM32F1 Series Device Support, Drivers and Examples

<h2>Collection of Component include folders:</h2>
  C:\Users\yang\AppData\Local\Arm\Packs\Keil\STM32F1xx_DFP\2.4.0\Device\Include

<h2>Collection of Component Files used:</h2>
Build Time Elapsed:  00:00:04
</pre>
</body>
</html>
